1780391324296, 72853, 0, 0, 0
1780391324496, 10240, 0, 0, 0
1780391324696, 40960, 0, 0, 0
1780391324896, 56320, 0, 0, 0
1780391325096, 179200, 0, 0, 0
1780391325296, 112640, 0, 0, 0
1780391325496, 378880, 0, 0, 0
1780391325696, 414720, 0, 0, 0
1780391325896, 501760, 0, 0, 0
1780391326096, 276480, 0, 0, 0
1780391326296, 542720, 0, 0, 0
1780391326496, 465920, 0, 0, 0
1780391326696, 634880, 0, 0, 0
1780391326896, 337920, 0, 0, 0
1780391327096, 680960, 0, 0, 0
1780391327297, 655360, 0, 0, 0
1780391327497, 640000, 0, 0, 0
1780391327697, 547840, 0, 0, 0
1780391327897, 952320, 0, 0, 0
1780391328097, 742400, 0, 0, 0
1780391328297, 691200, 0, 0, 0
1780391328497, 1351680, 0, 0, 0
1780391328697, 773120, 0, 0, 0
1780391328897, 558080, 0, 0, 0
1780391329097, 655360, 0, 0, 0
1780391329296, 360201, 0, 0, 0
1780391329496, 245760, 0, 0, 0
1780391329696, 204800, 0, 0, 0
1780391329896, 291840, 0, 0, 0
1780391330096, 204800, 0, 0, 0
1780391330296, 194560, 0, 0, 0
1780391330496, 819200, 0, 0, 0
1780391330696, 404480, 0, 0, 0
1780391330896, 240640, 0, 0, 0
1780391331096, 870400, 0, 0, 0
1780391331296, 471040, 0, 0, 0
1780391331496, 819200, 0, 0, 0
1780391331697, 174080, 0, 0, 0
1780391331897, 783360, 0, 0, 0
1780391332097, 337920, 0, 0, 0
1780391332297, 742400, 0, 0, 0
1780391332497, 455680, 0, 0, 0
1780391332697, 568320, 0, 0, 0
1780391332897, 368640, 0, 0, 0
1780391333096, 421949, 0, 0, 0
1780391333296, 353280, 0, 0, 0
1780391333496, 619520, 0, 0, 0
1780391333696, 588800, 0, 0, 0
1780391333896, 337920, 0, 0, 0
1780391334096, 148480, 0, 0, 0
1780391334296, 460800, 0, 0, 0
1780391334496, 512000, 0, 0, 0
1780391334696, 435200, 0, 0, 0
1780391334896, 271360, 0, 0, 0
1780391335097, 496640, 0, 0, 0
1780391335297, 660480, 0, 0, 0
1780391335497, 619520, 0, 0, 0
1780391335697, 496640, 0, 0, 0
1780391335897, 430080, 0, 0, 0
1780391336097, 455680, 0, 0, 0
1780391336297, 696320, 0, 0, 0
1780391336497, 803840, 0, 0, 0
1780391336697, 419840, 0, 0, 0
1780391336897, 373760, 0, 0, 0
1780391337097, 481280, 0, 0, 0
1780391337297, 302080, 0, 0, 0
1780391337496, 406512, 0, 0, 0
1780391337696, 988160, 0, 0, 0
1780391337896, 266240, 0, 0, 0
1780391338096, 107520, 0, 0, 0
1780391338296, 675840, 0, 0, 0
1780391338496, 399360, 0, 0, 0
1780391338696, 317440, 0, 0, 0
1780391338896, 481280, 0, 0, 0
1780391339096, 291840, 0, 0, 0
1780391339296, 465920, 0, 0, 0
1780391339496, 849920, 0, 0, 0
1780391339696, 604160, 0, 0, 0
1780391339896, 660480, 0, 0, 0
1780391340096, 317440, 0, 0, 0
1780391340297, 634880, 0, 0, 0
1780391340497, 655360, 0, 0, 0
1780391340697, 855040, 0, 0, 0
1780391340897, 291840, 0, 0, 0
1780391341097, 573440, 0, 0, 0
1780391341297, 716800, 0, 0, 0
1780391341497, 711680, 0, 0, 0
1780391341697, 435200, 0, 0, 0
1780391341897, 368640, 0, 0, 0
1780391342097, 240640, 0, 0, 0
1780391342297, 384000, 0, 0, 0
1780391342496, 283015, 0, 0, 0
1780391342696, 368640, 0, 0, 0
1780391342896, 225280, 0, 0, 0
1780391343096, 271360, 0, 0, 0
1780391343296, 220160, 0, 0, 0
1780391343496, 138240, 0, 0, 0
1780391343696, 537600, 0, 0, 0
1780391343896, 215040, 0, 0, 0
1780391344096, 348160, 0, 0, 0
1780391344296, 993280, 0, 0, 0
1780391344497, 691200, 0, 0, 0
1780391344697, 348160, 0, 0, 0
1780391344897, 174080, 0, 0, 0
1780391345097, 250880, 0, 0, 0
1780391345297, 471040, 0, 0, 0
1780391345497, 332800, 0, 0, 0
1780391345697, 824320, 0, 0, 0
1780391345896, 668944, 0, 0, 0
1780391346096, 430080, 0, 0, 0
1780391346296, 281600, 0, 0, 0
1780391346496, 302080, 0, 0, 0
1780391346696, 168960, 0, 0, 0
1780391346896, 389120, 0, 0, 0
1780391347096, 542720, 0, 0, 0
1780391347296, 327680, 0, 0, 0
1780391347496, 266240, 0, 0, 0
1780391347696, 399360, 0, 0, 0
1780391347896, 419840, 0, 0, 0
1780391348096, 522240, 0, 0, 0
1780391348297, 404480, 0, 0, 0
1780391348497, 568320, 0, 0, 0
1780391348697, 348160, 0, 0, 0
1780391348897, 322560, 0, 0, 0
1780391349097, 476160, 0, 0, 0
1780391349297, 527360, 0, 0, 0
1780391349497, 312320, 0, 0, 0
1780391349696, 329326, 0, 0, 0
1780391349896, 107520, 0, 0, 0
1780391350096, 184320, 0, 0, 0
1780391350296, 220160, 0, 0, 0
1780391350496, 235520, 0, 0, 0
1780391350696, 517120, 0, 0, 0
1780391350896, 593920, 0, 0, 0
1780391351096, 573440, 0, 0, 0
1780391351296, 1090560, 0, 0, 0
1780391351496, 291840, 0, 0, 0
1780391351696, 276480, 0, 0, 0
1780391351896, 506880, 0, 0, 0
1780391352097, 143360, 0, 0, 0
1780391352297, 158720, 0, 0, 0
1780391352497, 645120, 0, 0, 0
1780391352697, 430080, 0, 0, 0
1780391352897, 808960, 0, 0, 0
1780391353097, 660480, 0, 0, 0
1780391353297, 368640, 0, 0, 0
1780391353497, 404480, 0, 0, 0
1780391353696, 457969, 0, 0, 0
1780391353896, 1039360, 0, 0, 0
1780391324297, 56603, 0, 0, 0
1780391324497, 10240, 0, 0, 0
1780391324697, 261120, 0, 0, 0
1780391324897, 389120, 0, 0, 0
1780391325097, 225280, 0, 0, 0
1780391325297, 92160, 0, 0, 0
1780391325497, 660480, 0, 0, 0
1780391325697, 419840, 0, 0, 0
1780391325897, 1295360, 0, 0, 0
1780391326097, 256000, 0, 0, 0
1780391326297, 604160, 0, 0, 0
1780391326497, 501760, 0, 0, 0
1780391326697, 491520, 0, 0, 0
1780391326897, 348160, 0, 0, 0
1780391327097, 1003520, 0, 0, 0
1780391327297, 783360, 0, 0, 0
1780391327497, 1100800, 0, 0, 0
1780391327697, 983040, 0, 0, 0
1780391327897, 983040, 0, 0, 0
1780391328097, 824320, 0, 0, 0
1780391328297, 926720, 0, 0, 0
1780391328497, 506880, 0, 0, 0
1780391328697, 343040, 0, 0, 0
1780391328897, 808960, 0, 0, 0
1780391329098, 686080, 0, 0, 0
1780391329297, 843899, 0, 0, 0
1780391329497, 250880, 0, 0, 0
1780391329697, 578560, 0, 0, 0
1780391329897, 440320, 0, 0, 0
1780391330097, 373760, 0, 0, 0
1780391330297, 337920, 0, 0, 0
1780391330497, 389120, 0, 0, 0
1780391330697, 322560, 0, 0, 0
1780391330897, 435200, 0, 0, 0
1780391331097, 1638400, 0, 0, 0
1780391331297, 1623040, 0, 0, 0
1780391331497, 1162240, 0, 0, 0
1780391331697, 424960, 0, 0, 0
1780391331897, 890880, 0, 0, 0
1780391332097, 266240, 0, 0, 0
1780391332297, 926720, 0, 0, 0
1780391332497, 721920, 0, 0, 0
1780391332698, 1264640, 0, 0, 0
1780391332898, 701440, 0, 0, 0
1780391333097, 715256, 0, 0, 0
1780391333297, 742400, 0, 0, 0
1780391333497, 1285120, 0, 0, 0
1780391333697, 650240, 0, 0, 0
1780391333897, 363520, 0, 0, 0
1780391334097, 250880, 0, 0, 0
1780391334297, 972800, 0, 0, 0
1780391334497, 798720, 0, 0, 0
1780391334697, 343040, 0, 0, 0
1780391334897, 742400, 0, 0, 0
1780391335097, 1930240, 0, 0, 0
1780391335297, 972800, 0, 0, 0
1780391335497, 737280, 0, 0, 0
1780391335697, 849920, 0, 0, 0
1780391335897, 629760, 0, 0, 0
1780391336097, 414720, 0, 0, 0
1780391336297, 983040, 0, 0, 0
1780391336497, 573440, 0, 0, 0
1780391336697, 573440, 0, 0, 0
1780391336897, 501760, 0, 0, 0
1780391337098, 394240, 0, 0, 0
1780391337298, 348160, 0, 0, 0
1780391337497, 375638, 0, 0, 0
1780391337697, 1059840, 0, 0, 0
1780391337897, 588800, 0, 0, 0
1780391338097, 133120, 0, 0, 0
1780391338297, 1223680, 0, 0, 0
1780391338497, 650240, 0, 0, 0
1780391338697, 706560, 0, 0, 0
1780391338897, 737280, 0, 0, 0
1780391339097, 291840, 0, 0, 0
1780391339297, 614400, 0, 0, 0
1780391339497, 977920, 0, 0, 0
1780391339697, 808960, 0, 0, 0
1780391339897, 988160, 0, 0, 0
1780391340097, 1034240, 0, 0, 0
1780391340297, 952320, 0, 0, 0
1780391340497, 890880, 0, 0, 0
1780391340697, 839680, 0, 0, 0
1780391340897, 486400, 0, 0, 0
1780391341097, 645120, 0, 0, 0
1780391341297, 491520, 0, 0, 0
1780391341497, 906240, 0, 0, 0
1780391341697, 450560, 0, 0, 0
1780391341897, 496640, 0, 0, 0
1780391342098, 931840, 0, 0, 0
1780391342298, 430080, 0, 0, 0
1780391342497, 416804, 0, 0, 0
1780391342697, 378880, 0, 0, 0
1780391342897, 706560, 0, 0, 0
1780391343097, 220160, 0, 0, 0
1780391343297, 276480, 0, 0, 0
1780391343497, 220160, 0, 0, 0
1780391343697, 542720, 0, 0, 0
1780391343897, 522240, 0, 0, 0
1780391344097, 834560, 0, 0, 0
1780391344297, 1213440, 0, 0, 0
1780391344497, 1100800, 0, 0, 0
1780391344697, 650240, 0, 0, 0
1780391344897, 1443840, 0, 0, 0
1780391345097, 1233920, 0, 0, 0
1780391345297, 532480, 0, 0, 0
1780391345498, 496640, 0, 0, 0
1780391345698, 578560, 0, 0, 0
1780391345897, 931376, 0, 0, 0
1780391346097, 778240, 0, 0, 0
1780391346297, 701440, 0, 0, 0
1780391346497, 404480, 0, 0, 0
1780391346697, 143360, 0, 0, 0
1780391346897, 727040, 0, 0, 0
1780391347097, 942080, 0, 0, 0
1780391347297, 624640, 0, 0, 0
1780391347497, 1274880, 0, 0, 0
1780391347697, 824320, 0, 0, 0
1780391347897, 486400, 0, 0, 0
1780391348097, 481280, 0, 0, 0
1780391348297, 491520, 0, 0, 0
1780391348497, 599040, 0, 0, 0
1780391348697, 1187840, 0, 0, 0
1780391348897, 1223680, 0, 0, 0
1780391349097, 890880, 0, 0, 0
1780391349297, 1177600, 0, 0, 0
1780391349498, 419840, 0, 0, 0
1780391349697, 1188663, 0, 0, 0
1780391349897, 327680, 0, 0, 0
1780391350097, 302080, 0, 0, 0
1780391350297, 819200, 0, 0, 0
1780391350497, 332800, 0, 0, 0
1780391350697, 1710080, 0, 0, 0
1780391350897, 1029120, 0, 0, 0
1780391351097, 768000, 0, 0, 0
1780391351297, 701440, 0, 0, 0
1780391351497, 675840, 0, 0, 0
1780391351697, 337920, 0, 0, 0
1780391351897, 998400, 0, 0, 0
1780391352097, 276480, 0, 0, 0
1780391352297, 337920, 0, 0, 0
1780391352497, 706560, 0, 0, 0
1780391352697, 358400, 0, 0, 0
1780391352897, 1100800, 0, 0, 0
1780391353097, 1157120, 0, 0, 0
1780391353297, 440320, 0, 0, 0
1780391353498, 686080, 0, 0, 0
1780391353697, 761567, 0, 0, 0
1780391353897, 1459200, 0, 0, 0
1780391354097, 481280, 0, 0, 0
1780391324408, 32899, 0, 0, 0
1780391324658, 356352, 0, 0, 0
1780391324897, 42845, 0, 0, 0
1780391325097, 896000, 0, 0, 0
1780391325297, 2616320, 0, 0, 0
1780391325497, 829440, 0, 0, 0
1780391325697, 2483200, 0, 0, 0
1780391325897, 496640, 0, 0, 0
1780391326097, 312320, 0, 0, 0
1780391326297, 1336320, 0, 0, 0
1780391326497, 424960, 0, 0, 0
1780391326697, 1131520, 0, 0, 0
1780391326897, 1198080, 0, 0, 0
1780391327097, 645120, 0, 0, 0
1780391327297, 2191360, 0, 0, 0
1780391327497, 1024000, 0, 0, 0
1780391327697, 896000, 0, 0, 0
1780391327897, 1100800, 0, 0, 0
1780391328097, 1792000, 0, 0, 0
1780391328297, 307200, 0, 0, 0
1780391328497, 465920, 0, 0, 0
1780391328697, 209920, 0, 0, 0
1780391328897, 803840, 0, 0, 0
1780391329097, 450560, 0, 0, 0
1780391329296, 1085748, 0, 0, 0
1780391329497, 1177600, 0, 0, 0
1780391329697, 788480, 0, 0, 0
1780391329897, 1525760, 0, 0, 0
1780391330097, 1039360, 0, 0, 0
1780391330297, 3333120, 0, 0, 0
1780391330497, 563200, 0, 0, 0
1780391330697, 1904640, 0, 0, 0
1780391330897, 2903040, 0, 0, 0
1780391331097, 445440, 0, 0, 0
1780391331297, 291840, 0, 0, 0
1780391331497, 1070080, 0, 0, 0
1780391331697, 2867200, 0, 0, 0
1780391331897, 1157120, 0, 0, 0
1780391332097, 2974720, 0, 0, 0
1780391332297, 394240, 0, 0, 0
1780391332497, 742400, 0, 0, 0
1780391332697, 650240, 0, 0, 0
1780391332897, 624640, 0, 0, 0
1780391333097, 895356, 0, 0, 0
1780391333297, 2406400, 0, 0, 0
1780391333497, 419840, 0, 0, 0
1780391333697, 819200, 0, 0, 0
1780391333897, 2734080, 0, 0, 0
1780391334097, 3962880, 0, 0, 0
1780391334297, 1059840, 0, 0, 0
1780391334497, 629760, 0, 0, 0
1780391334697, 604160, 0, 0, 0
1780391334897, 163840, 0, 0, 0
1780391335097, 117760, 0, 0, 0
1780391335297, 465920, 0, 0, 0
1780391335497, 711680, 0, 0, 0
1780391335697, 558080, 0, 0, 0
1780391335897, 1157120, 0, 0, 0
1780391336097, 1858560, 0, 0, 0
1780391336297, 757760, 0, 0, 0
1780391336497, 619520, 0, 0, 0
1780391336697, 1643520, 0, 0, 0
1780391336897, 1162240, 0, 0, 0
1780391337097, 593920, 0, 0, 0
1780391337297, 445440, 0, 0, 0
1780391337496, 339618, 0, 0, 0
1780391337697, 1715200, 0, 0, 0
1780391337897, 373760, 0, 0, 0
1780391338097, 138240, 0, 0, 0
1780391338297, 552960, 0, 0, 0
1780391338497, 476160, 0, 0, 0
1780391338697, 419840, 0, 0, 0
1780391338897, 988160, 0, 0, 0
1780391339097, 317440, 0, 0, 0
1780391339297, 1367040, 0, 0, 0
1780391339497, 634880, 0, 0, 0
1780391339697, 563200, 0, 0, 0
1780391339897, 624640, 0, 0, 0
1780391340097, 778240, 0, 0, 0
1780391340297, 604160, 0, 0, 0
1780391340497, 2370560, 0, 0, 0
1780391340697, 3118080, 0, 0, 0
1780391340897, 3230720, 0, 0, 0
1780391341097, 343040, 0, 0, 0
1780391341297, 542720, 0, 0, 0
1780391341497, 855040, 0, 0, 0
1780391341697, 460800, 0, 0, 0
1780391341897, 1694720, 0, 0, 0
1780391342097, 2319360, 0, 0, 0
1780391342297, 1085440, 0, 0, 0
1780391342496, 277869, 0, 0, 0
1780391342697, 1039360, 0, 0, 0
1780391342897, 3000320, 0, 0, 0
1780391343097, 2155520, 0, 0, 0
1780391343297, 2739200, 0, 0, 0
1780391343497, 184320, 0, 0, 0
1780391343697, 870400, 0, 0, 0
1780391343897, 1710080, 0, 0, 0
1780391344097, 619520, 0, 0, 0
1780391344297, 424960, 0, 0, 0
1780391344497, 404480, 0, 0, 0
1780391344697, 409600, 0, 0, 0
1780391344897, 163840, 0, 0, 0
1780391345097, 133120, 0, 0, 0
1780391345297, 1244160, 0, 0, 0
1780391345497, 2114560, 0, 0, 0
1780391345697, 460800, 0, 0, 0
1780391345896, 895356, 0, 0, 0
1780391346097, 184320, 0, 0, 0
1780391346297, 506880, 0, 0, 0
1780391346497, 711680, 0, 0, 0
1780391346697, 3691520, 0, 0, 0
1780391346897, 778240, 0, 0, 0
1780391347097, 650240, 0, 0, 0
1780391347297, 1469440, 0, 0, 0
1780391347497, 1474560, 0, 0, 0
1780391347697, 430080, 0, 0, 0
1780391347897, 998400, 0, 0, 0
1780391348097, 962560, 0, 0, 0
1780391348297, 916480, 0, 0, 0
1780391348497, 486400, 0, 0, 0
1780391348697, 645120, 0, 0, 0
1780391348897, 542720, 0, 0, 0
1780391349097, 563200, 0, 0, 0
1780391349297, 609280, 0, 0, 0
1780391349497, 414720, 0, 0, 0
1780391349696, 406512, 0, 0, 0
1780391349896, 2636800, 0, 0, 0
1780391350097, 3056640, 0, 0, 0
1780391350297, 1361920, 0, 0, 0
1780391350497, 773120, 0, 0, 0
1780391350697, 261120, 0, 0, 0
1780391350897, 1146880, 0, 0, 0
1780391351097, 1597440, 0, 0, 0
1780391351297, 885760, 0, 0, 0
1780391351497, 2211840, 0, 0, 0
1780391351697, 2176000, 0, 0, 0
1780391351897, 460800, 0, 0, 0
1780391352097, 691200, 0, 0, 0
1780391352297, 793600, 0, 0, 0
1780391352497, 1146880, 0, 0, 0
1780391352697, 517120, 0, 0, 0
1780391352897, 890880, 0, 0, 0
1780391353097, 501760, 0, 0, 0
1780391353297, 1710080, 0, 0, 0
1780391353497, 1254400, 0, 0, 0
1780391353696, 915939, 0, 0, 0
1780391353896, 844800, 0, 0, 0
1780391354097, 1218560, 0, 0, 0
1780391324297, 25600, 0, 0, 0
1780391324497, 5120, 0, 0, 0
1780391324697, 61440, 0, 0, 0
1780391324897, 128000, 0, 0, 0
1780391325097, 348160, 0, 0, 0
1780391325297, 61440, 0, 0, 0
1780391325497, 1090560, 0, 0, 0
1780391325697, 563200, 0, 0, 0
1780391325897, 1126400, 0, 0, 0
1780391326097, 670720, 0, 0, 0
1780391326297, 583680, 0, 0, 0
1780391326497, 752640, 0, 0, 0
1780391326697, 1121280, 0, 0, 0
1780391326897, 675840, 0, 0, 0
1780391327097, 696320, 0, 0, 0
1780391327297, 1126400, 0, 0, 0
1780391327497, 936960, 0, 0, 0
1780391327697, 875520, 0, 0, 0
1780391327897, 798720, 0, 0, 0
1780391328097, 435200, 0, 0, 0
1780391328297, 629760, 0, 0, 0
1780391328497, 1003520, 0, 0, 0
1780391328697, 404480, 0, 0, 0
1780391328897, 650240, 0, 0, 0
1780391329098, 655360, 0, 0, 0
1780391329297, 1440804, 0, 0, 0
1780391329497, 517120, 0, 0, 0
1780391329697, 829440, 0, 0, 0
1780391329897, 588800, 0, 0, 0
1780391330097, 1085440, 0, 0, 0
1780391330297, 343040, 0, 0, 0
1780391330497, 1500160, 0, 0, 0
1780391330697, 501760, 0, 0, 0
1780391330897, 650240, 0, 0, 0
1780391331097, 1433600, 0, 0, 0
1780391331297, 1223680, 0, 0, 0
1780391331497, 1172480, 0, 0, 0
1780391331697, 803840, 0, 0, 0
1780391331897, 757760, 0, 0, 0
1780391332097, 998400, 0, 0, 0
1780391332297, 1146880, 0, 0, 0
1780391332497, 706560, 0, 0, 0
1780391332698, 1095680, 0, 0, 0
1780391332898, 1157120, 0, 0, 0
1780391333097, 828462, 0, 0, 0
1780391333297, 670720, 0, 0, 0
1780391333497, 1331200, 0, 0, 0
1780391333697, 670720, 0, 0, 0
1780391333897, 307200, 0, 0, 0
1780391334097, 153600, 0, 0, 0
1780391334297, 972800, 0, 0, 0
1780391334497, 977920, 0, 0, 0
1780391334697, 583680, 0, 0, 0
1780391334897, 619520, 0, 0, 0
1780391335097, 2078720, 0, 0, 0
1780391335297, 1013760, 0, 0, 0
1780391335497, 1198080, 0, 0, 0
1780391335697, 1341440, 0, 0, 0
1780391335897, 885760, 0, 0, 0
1780391336097, 686080, 0, 0, 0
1780391336297, 1034240, 0, 0, 0
1780391336497, 1075200, 0, 0, 0
1780391336697, 1182720, 0, 0, 0
1780391336897, 803840, 0, 0, 0
1780391337098, 793600, 0, 0, 0
1780391337298, 337920, 0, 0, 0
1780391337497, 843899, 0, 0, 0
1780391337697, 404480, 0, 0, 0
1780391337897, 819200, 0, 0, 0
1780391338097, 368640, 0, 0, 0
1780391338297, 1090560, 0, 0, 0
1780391338497, 1433600, 0, 0, 0
1780391338697, 1684480, 0, 0, 0
1780391338897, 834560, 0, 0, 0
1780391339097, 1029120, 0, 0, 0
1780391339297, 542720, 0, 0, 0
1780391339497, 640000, 0, 0, 0
1780391339697, 1085440, 0, 0, 0
1780391339897, 952320, 0, 0, 0
1780391340097, 1177600, 0, 0, 0
1780391340297, 942080, 0, 0, 0
1780391340497, 593920, 0, 0, 0
1780391340697, 215040, 0, 0, 0
1780391340897, 558080, 0, 0, 0
1780391341097, 1187840, 0, 0, 0
1780391341297, 1029120, 0, 0, 0
1780391341497, 803840, 0, 0, 0
1780391341697, 465920, 0, 0, 0
1780391341897, 532480, 0, 0, 0
1780391342098, 773120, 0, 0, 0
1780391342298, 824320, 0, 0, 0
1780391342497, 679236, 0, 0, 0
1780391342697, 445440, 0, 0, 0
1780391342897, 230400, 0, 0, 0
1780391343097, 327680, 0, 0, 0
1780391343297, 440320, 0, 0, 0
1780391343497, 235520, 0, 0, 0
1780391343697, 680960, 0, 0, 0
1780391343897, 568320, 0, 0, 0
1780391344097, 942080, 0, 0, 0
1780391344297, 1674240, 0, 0, 0
1780391344497, 1018880, 0, 0, 0
1780391344697, 972800, 0, 0, 0
1780391344897, 1474560, 0, 0, 0
1780391345097, 1152000, 0, 0, 0
1780391345297, 747520, 0, 0, 0
1780391345497, 1085440, 0, 0, 0
1780391345698, 1300480, 0, 0, 0
1780391345897, 1044582, 0, 0, 0
1780391346097, 1361920, 0, 0, 0
1780391346297, 1392640, 0, 0, 0
1780391346497, 450560, 0, 0, 0
1780391346697, 302080, 0, 0, 0
1780391346897, 1556480, 0, 0, 0
1780391347097, 911360, 0, 0, 0
1780391347297, 1249280, 0, 0, 0
1780391347497, 563200, 0, 0, 0
1780391347697, 486400, 0, 0, 0
1780391347897, 609280, 0, 0, 0
1780391348097, 1269760, 0, 0, 0
1780391348297, 593920, 0, 0, 0
1780391348497, 875520, 0, 0, 0
1780391348697, 819200, 0, 0, 0
1780391348897, 1802240, 0, 0, 0
1780391349097, 1817600, 0, 0, 0
1780391349297, 1228800, 0, 0, 0
1780391349498, 394240, 0, 0, 0
1780391349697, 864482, 0, 0, 0
1780391349897, 675840, 0, 0, 0
1780391350097, 353280, 0, 0, 0
1780391350297, 1013760, 0, 0, 0
1780391350497, 527360, 0, 0, 0
1780391350697, 2068480, 0, 0, 0
1780391350897, 1402880, 0, 0, 0
1780391351097, 819200, 0, 0, 0
1780391351297, 983040, 0, 0, 0
1780391351497, 768000, 0, 0, 0
1780391351697, 1003520, 0, 0, 0
1780391351897, 1438720, 0, 0, 0
1780391352097, 1259520, 0, 0, 0
1780391352297, 332800, 0, 0, 0
1780391352497, 972800, 0, 0, 0
1780391352697, 2053120, 0, 0, 0
1780391352897, 1249280, 0, 0, 0
1780391353097, 481280, 0, 0, 0
1780391353297, 317440, 0, 0, 0
1780391353498, 839680, 0, 0, 0
1780391353697, 823316, 0, 0, 0
1780391353897, 1080320, 0, 0, 0
1780391354097, 706560, 0, 0, 0
1780391324407, 28787, 0, 0, 0
1780391324657, 69632, 0, 0, 0
1780391324896, 368468, 0, 0, 0
1780391325096, 240640, 0, 0, 0
1780391325296, 122880, 0, 0, 0
1780391325496, 921600, 0, 0, 0
1780391325696, 363520, 0, 0, 0
1780391325896, 1367040, 0, 0, 0
1780391326096, 798720, 0, 0, 0
1780391326297, 1085440, 0, 0, 0
1780391326497, 1146880, 0, 0, 0
1780391326697, 803840, 0, 0, 0
1780391326897, 1203200, 0, 0, 0
1780391327097, 1008640, 0, 0, 0
1780391327297, 471040, 0, 0, 0
1780391327497, 660480, 0, 0, 0
1780391327697, 1085440, 0, 0, 0
1780391327897, 650240, 0, 0, 0
1780391328097, 916480, 0, 0, 0
1780391328297, 977920, 0, 0, 0
1780391328497, 1802240, 0, 0, 0
1780391328697, 1244160, 0, 0, 0
1780391328897, 870400, 0, 0, 0
1780391329097, 1177600, 0, 0, 0
1780391329296, 833608, 0, 0, 0
1780391329496, 983040, 0, 0, 0
1780391329696, 1438720, 0, 0, 0
1780391329896, 675840, 0, 0, 0
1780391330096, 1305600, 0, 0, 0
1780391330296, 322560, 0, 0, 0
1780391330496, 1469440, 0, 0, 0
1780391330697, 803840, 0, 0, 0
1780391330897, 916480, 0, 0, 0
1780391331097, 1059840, 0, 0, 0
1780391331297, 926720, 0, 0, 0
1780391331497, 983040, 0, 0, 0
1780391331697, 732160, 0, 0, 0
1780391331897, 1013760, 0, 0, 0
1780391332097, 870400, 0, 0, 0
1780391332297, 952320, 0, 0, 0
1780391332497, 957440, 0, 0, 0
1780391332697, 752640, 0, 0, 0
1780391332897, 1198080, 0, 0, 0
1780391333096, 879919, 0, 0, 0
1780391333296, 573440, 0, 0, 0
1780391333496, 1433600, 0, 0, 0
1780391333696, 855040, 0, 0, 0
1780391333896, 947200, 0, 0, 0
1780391334096, 312320, 0, 0, 0
1780391334296, 896000, 0, 0, 0
1780391334497, 1233920, 0, 0, 0
1780391334697, 450560, 0, 0, 0
1780391334897, 583680, 0, 0, 0
1780391335097, 1039360, 0, 0, 0
1780391335297, 788480, 0, 0, 0
1780391335497, 957440, 0, 0, 0
1780391335697, 1054720, 0, 0, 0
1780391335897, 701440, 0, 0, 0
1780391336097, 711680, 0, 0, 0
1780391336297, 870400, 0, 0, 0
1780391336497, 1029120, 0, 0, 0
1780391336697, 286720, 0, 0, 0
1780391336897, 604160, 0, 0, 0
1780391337097, 1331200, 0, 0, 0
1780391337297, 1018880, 0, 0, 0
1780391337496, 1142351, 0, 0, 0
1780391337696, 373760, 0, 0, 0
1780391337896, 1239040, 0, 0, 0
1780391338096, 1397760, 0, 0, 0
1780391338296, 1203200, 0, 0, 0
1780391338496, 1500160, 0, 0, 0
1780391338696, 1561600, 0, 0, 0
1780391338896, 629760, 0, 0, 0
1780391339096, 1991680, 0, 0, 0
1780391339296, 788480, 0, 0, 0
1780391339497, 573440, 0, 0, 0
1780391339697, 1192960, 0, 0, 0
1780391339897, 875520, 0, 0, 0
1780391340097, 880640, 0, 0, 0
1780391340297, 808960, 0, 0, 0
1780391340497, 624640, 0, 0, 0
1780391340697, 184320, 0, 0, 0
1780391340897, 670720, 0, 0, 0
1780391341097, 1541120, 0, 0, 0
1780391341297, 1576960, 0, 0, 0
1780391341497, 1300480, 0, 0, 0
1780391341697, 2135040, 0, 0, 0
1780391341897, 542720, 0, 0, 0
1780391342097, 849920, 0, 0, 0
1780391342297, 1177600, 0, 0, 0
1780391342496, 2042854, 0, 0, 0
1780391342696, 906240, 0, 0, 0
1780391342896, 768000, 0, 0, 0
1780391343096, 240640, 0, 0, 0
1780391343296, 527360, 0, 0, 0
1780391343496, 225280, 0, 0, 0
1780391343697, 849920, 0, 0, 0
1780391343897, 440320, 0, 0, 0
1780391344097, 476160, 0, 0, 0
1780391344297, 752640, 0, 0, 0
1780391344497, 1218560, 0, 0, 0
1780391344697, 1054720, 0, 0, 0
1780391344897, 1628160, 0, 0, 0
1780391345097, 599040, 0, 0, 0
1780391345297, 952320, 0, 0, 0
1780391345497, 1095680, 0, 0, 0
1780391345697, 1305600, 0, 0, 0
1780391345896, 1116623, 0, 0, 0
1780391346096, 1484800, 0, 0, 0
1780391346296, 2022400, 0, 0, 0
1780391346496, 732160, 0, 0, 0
1780391346696, 322560, 0, 0, 0
1780391346896, 993280, 0, 0, 0
1780391347096, 1520640, 0, 0, 0
1780391347296, 1003520, 0, 0, 0
1780391347496, 757760, 0, 0, 0
1780391347697, 983040, 0, 0, 0
1780391347897, 860160, 0, 0, 0
1780391348097, 824320, 0, 0, 0
1780391348297, 1218560, 0, 0, 0
1780391348497, 1187840, 0, 0, 0
1780391348697, 1771520, 0, 0, 0
1780391348897, 1367040, 0, 0, 0
1780391349097, 1561600, 0, 0, 0
1780391349297, 916480, 0, 0, 0
1780391349497, 450560, 0, 0, 0
1780391349696, 926231, 0, 0, 0
1780391349896, 936960, 0, 0, 0
1780391350096, 742400, 0, 0, 0
1780391350296, 1085440, 0, 0, 0
1780391350496, 609280, 0, 0, 0
1780391350696, 1044480, 0, 0, 0
1780391350896, 1116160, 0, 0, 0
1780391351096, 906240, 0, 0, 0
1780391351296, 1735680, 0, 0, 0
1780391351497, 711680, 0, 0, 0
1780391351697, 957440, 0, 0, 0
1780391351897, 962560, 0, 0, 0
1780391352097, 1633280, 0, 0, 0
1780391352297, 650240, 0, 0, 0
1780391352497, 1218560, 0, 0, 0
1780391352697, 1832960, 0, 0, 0
1780391352897, 783360, 0, 0, 0
1780391353097, 1141760, 0, 0, 0
1780391353297, 793600, 0, 0, 0
1780391353497, 573440, 0, 0, 0
1780391353696, 818170, 0, 0, 0
1780391353896, 911360, 0, 0, 0
1780391354096, 686080, 0, 0, 0
1780391324407, 82248, 0, 0, 0
1780391324657, 61440, 0, 0, 0
1780391324896, 149958, 0, 0, 0
1780391325096, 1213440, 0, 0, 0
1780391325296, 378880, 0, 0, 0
1780391325496, 655360, 0, 0, 0
1780391325696, 1177600, 0, 0, 0
1780391325896, 824320, 0, 0, 0
1780391326096, 1776640, 0, 0, 0
1780391326296, 1392640, 0, 0, 0
1780391326496, 1454080, 0, 0, 0
1780391326696, 808960, 0, 0, 0
1780391326896, 1331200, 0, 0, 0
1780391327096, 967680, 0, 0, 0
1780391327296, 583680, 0, 0, 0
1780391327497, 583680, 0, 0, 0
1780391327697, 481280, 0, 0, 0
1780391327897, 942080, 0, 0, 0
1780391328097, 522240, 0, 0, 0
1780391328297, 1766400, 0, 0, 0
1780391328497, 844800, 0, 0, 0
1780391328697, 1960960, 0, 0, 0
1780391328897, 1571840, 0, 0, 0
1780391329097, 1172480, 0, 0, 0
1780391329296, 602050, 0, 0, 0
1780391329496, 1223680, 0, 0, 0
1780391329696, 1070080, 0, 0, 0
1780391329896, 1331200, 0, 0, 0
1780391330096, 896000, 0, 0, 0
1780391330296, 3348480, 0, 0, 0
1780391330496, 552960, 0, 0, 0
1780391330696, 1909760, 0, 0, 0
1780391330896, 271360, 0, 0, 0
1780391331096, 675840, 0, 0, 0
1780391331296, 711680, 0, 0, 0
1780391331496, 440320, 0, 0, 0
1780391331697, 604160, 0, 0, 0
1780391331897, 783360, 0, 0, 0
1780391332097, 225280, 0, 0, 0
1780391332297, 875520, 0, 0, 0
1780391332497, 957440, 0, 0, 0
1780391332697, 819200, 0, 0, 0
1780391332897, 875520, 0, 0, 0
1780391333096, 1070311, 0, 0, 0
1780391333296, 445440, 0, 0, 0
1780391333496, 634880, 0, 0, 0
1780391333696, 962560, 0, 0, 0
1780391333896, 445440, 0, 0, 0
1780391334096, 81920, 0, 0, 0
1780391334296, 711680, 0, 0, 0
1780391334496, 896000, 0, 0, 0
1780391334696, 2181120, 0, 0, 0
1780391334896, 3210240, 0, 0, 0
1780391335096, 424960, 0, 0, 0
1780391335297, 1530880, 0, 0, 0
1780391335497, 1044480, 0, 0, 0
1780391335697, 860160, 0, 0, 0
1780391335897, 1141760, 0, 0, 0
1780391336097, 788480, 0, 0, 0
1780391336297, 701440, 0, 0, 0
1780391336497, 860160, 0, 0, 0
1780391336697, 911360, 0, 0, 0
1780391336897, 1838080, 0, 0, 0
1780391337097, 1100800, 0, 0, 0
1780391337297, 1551360, 0, 0, 0
1780391337496, 1945085, 0, 0, 0
1780391337696, 501760, 0, 0, 0
1780391337896, 1408000, 0, 0, 0
1780391338096, 2176000, 0, 0, 0
1780391338296, 768000, 0, 0, 0
1780391338496, 655360, 0, 0, 0
1780391338696, 762880, 0, 0, 0
1780391338896, 1223680, 0, 0, 0
1780391339096, 814080, 0, 0, 0
1780391339296, 1213440, 0, 0, 0
1780391339496, 732160, 0, 0, 0
1780391339696, 604160, 0, 0, 0
1780391339896, 808960, 0, 0, 0
1780391340096, 670720, 0, 0, 0
1780391340297, 711680, 0, 0, 0
1780391340497, 373760, 0, 0, 0
1780391340697, 317440, 0, 0, 0
1780391340897, 517120, 0, 0, 0
1780391341097, 896000, 0, 0, 0
1780391341297, 650240, 0, 0, 0
1780391341497, 870400, 0, 0, 0
1780391341697, 1832960, 0, 0, 0
1780391341897, 547840, 0, 0, 0
1780391342097, 640000, 0, 0, 0
1780391342297, 947200, 0, 0, 0
1780391342496, 1770130, 0, 0, 0
1780391342696, 1884160, 0, 0, 0
1780391342896, 583680, 0, 0, 0
1780391343096, 2493440, 0, 0, 0
1780391343296, 1305600, 0, 0, 0
1780391343496, 4684800, 0, 0, 0
1780391343696, 1771520, 0, 0, 0
1780391343896, 2181120, 0, 0, 0
1780391344096, 1571840, 0, 0, 0
1780391344296, 721920, 0, 0, 0
1780391344497, 773120, 0, 0, 0
1780391344697, 1361920, 0, 0, 0
1780391344897, 696320, 0, 0, 0
1780391345097, 1704960, 0, 0, 0
1780391345297, 1290240, 0, 0, 0
1780391345497, 450560, 0, 0, 0
1780391345697, 967680, 0, 0, 0
1780391345896, 931376, 0, 0, 0
1780391346096, 650240, 0, 0, 0
1780391346296, 696320, 0, 0, 0
1780391346496, 2396160, 0, 0, 0
1780391346696, 2846720, 0, 0, 0
1780391346896, 691200, 0, 0, 0
1780391347096, 880640, 0, 0, 0
1780391347296, 537600, 0, 0, 0
1780391347496, 691200, 0, 0, 0
1780391347696, 1541120, 0, 0, 0
1780391347896, 1280000, 0, 0, 0
1780391348096, 896000, 0, 0, 0
1780391348296, 1259520, 0, 0, 0
1780391348497, 1198080, 0, 0, 0
1780391348697, 696320, 0, 0, 0
1780391348897, 506880, 0, 0, 0
1780391349097, 512000, 0, 0, 0
1780391349297, 1295360, 0, 0, 0
1780391349497, 3717120, 0, 0, 0
1780391349696, 1981105, 0, 0, 0
1780391349896, 916480, 0, 0, 0
1780391350096, 184320, 0, 0, 0
1780391350296, 865280, 0, 0, 0
1780391350496, 3107840, 0, 0, 0
1780391350696, 220160, 0, 0, 0
1780391350896, 450560, 0, 0, 0
1780391351096, 701440, 0, 0, 0
1780391351296, 220160, 0, 0, 0
1780391351496, 450560, 0, 0, 0
1780391351696, 599040, 0, 0, 0
1780391351896, 983040, 0, 0, 0
1780391352096, 1239040, 0, 0, 0
1780391352297, 1141760, 0, 0, 0
1780391352497, 1239040, 0, 0, 0
1780391352697, 844800, 0, 0, 0
1780391352897, 1034240, 0, 0, 0
1780391353097, 931840, 0, 0, 0
1780391353297, 2186240, 0, 0, 0
1780391353497, 1152000, 0, 0, 0
1780391353696, 1461386, 0, 0, 0
1780391353896, 558080, 0, 0, 0
1780391354096, 1187840, 0, 0, 0
1780391324408, 45236, 0, 0, 0
1780391324658, 360448, 0, 0, 0
1780391324897, 77121, 0, 0, 0
1780391325097, 896000, 0, 0, 0
1780391325297, 2616320, 0, 0, 0
1780391325497, 819200, 0, 0, 0
1780391325697, 2503680, 0, 0, 0
1780391325897, 476160, 0, 0, 0
1780391326097, 358400, 0, 0, 0
1780391326297, 1274880, 0, 0, 0
1780391326497, 450560, 0, 0, 0
1780391326697, 1152000, 0, 0, 0
1780391326897, 1162240, 0, 0, 0
1780391327097, 686080, 0, 0, 0
1780391327297, 2196480, 0, 0, 0
1780391327497, 967680, 0, 0, 0
1780391327697, 880640, 0, 0, 0
1780391327897, 1177600, 0, 0, 0
1780391328098, 1751040, 0, 0, 0
1780391328298, 312320, 0, 0, 0
1780391328498, 476160, 0, 0, 0
1780391328698, 209920, 0, 0, 0
1780391328898, 849920, 0, 0, 0
1780391329098, 911360, 0, 0, 0
1780391329297, 566030, 0, 0, 0
1780391329497, 1218560, 0, 0, 0
1780391329697, 1198080, 0, 0, 0
1780391329897, 1295360, 0, 0, 0
1780391330097, 803840, 0, 0, 0
1780391330297, 337920, 0, 0, 0
1780391330497, 1228800, 0, 0, 0
1780391330697, 783360, 0, 0, 0
1780391330897, 834560, 0, 0, 0
1780391331097, 593920, 0, 0, 0
1780391331297, 1167360, 0, 0, 0
1780391331497, 542720, 0, 0, 0
1780391331697, 501760, 0, 0, 0
1780391331897, 896000, 0, 0, 0
1780391332098, 184320, 0, 0, 0
1780391332298, 1100800, 0, 0, 0
1780391332498, 1264640, 0, 0, 0
1780391332698, 1274880, 0, 0, 0
1780391332898, 936960, 0, 0, 0
1780391333097, 900502, 0, 0, 0
1780391333297, 414720, 0, 0, 0
1780391333497, 691200, 0, 0, 0
1780391333697, 1443840, 0, 0, 0
1780391333897, 665600, 0, 0, 0
1780391334097, 353280, 0, 0, 0
1780391334297, 942080, 0, 0, 0
1780391334497, 890880, 0, 0, 0
1780391334697, 2636800, 0, 0, 0
1780391334897, 3102720, 0, 0, 0
1780391335097, 404480, 0, 0, 0
1780391335297, 1336320, 0, 0, 0
1780391335497, 849920, 0, 0, 0
1780391335698, 1336320, 0, 0, 0
1780391335898, 711680, 0, 0, 0
1780391336098, 870400, 0, 0, 0
1780391336298, 711680, 0, 0, 0
1780391336498, 803840, 0, 0, 0
1780391336698, 1244160, 0, 0, 0
1780391336898, 1781760, 0, 0, 0
1780391337098, 942080, 0, 0, 0
1780391337298, 1797120, 0, 0, 0
1780391337497, 2125185, 0, 0, 0
1780391337697, 486400, 0, 0, 0
1780391337897, 1213440, 0, 0, 0
1780391338097, 2150400, 0, 0, 0
1780391338297, 742400, 0, 0, 0
1780391338497, 737280, 0, 0, 0
1780391338697, 527360, 0, 0, 0
1780391338897, 1423360, 0, 0, 0
1780391339097, 1469440, 0, 0, 0
1780391339297, 655360, 0, 0, 0
1780391339497, 1418240, 0, 0, 0
1780391339697, 911360, 0, 0, 0
1780391339897, 829440, 0, 0, 0
1780391340097, 829440, 0, 0, 0
1780391340297, 1157120, 0, 0, 0
1780391340497, 471040, 0, 0, 0
1780391340697, 358400, 0, 0, 0
1780391340897, 532480, 0, 0, 0
1780391341098, 1049600, 0, 0, 0
1780391341298, 916480, 0, 0, 0
1780391341498, 952320, 0, 0, 0
1780391341698, 737280, 0, 0, 0
1780391341898, 814080, 0, 0, 0
1780391342098, 465920, 0, 0, 0
1780391342298, 1034240, 0, 0, 0
1780391342497, 684381, 0, 0, 0
1780391342697, 1658880, 0, 0, 0
1780391342897, 430080, 0, 0, 0
1780391343097, 2565120, 0, 0, 0
1780391343297, 1300480, 0, 0, 0
1780391343497, 4551680, 0, 0, 0
1780391343697, 1853440, 0, 0, 0
1780391343897, 2165760, 0, 0, 0
1780391344097, 1213440, 0, 0, 0
1780391344297, 696320, 0, 0, 0
1780391344497, 967680, 0, 0, 0
1780391344697, 1413120, 0, 0, 0
1780391344897, 870400, 0, 0, 0
1780391345098, 1674240, 0, 0, 0
1780391345298, 824320, 0, 0, 0
1780391345498, 588800, 0, 0, 0
1780391345698, 629760, 0, 0, 0
1780391345897, 869628, 0, 0, 0
1780391346097, 1346560, 0, 0, 0
1780391346297, 706560, 0, 0, 0
1780391346497, 2426880, 0, 0, 0
1780391346697, 3563520, 0, 0, 0
1780391346897, 906240, 0, 0, 0
1780391347097, 680960, 0, 0, 0
1780391347297, 1418240, 0, 0, 0
1780391347497, 1474560, 0, 0, 0
1780391347697, 424960, 0, 0, 0
1780391347897, 1003520, 0, 0, 0
1780391348097, 947200, 0, 0, 0
1780391348297, 230400, 0, 0, 0
1780391348497, 1187840, 0, 0, 0
1780391348697, 675840, 0, 0, 0
1780391348898, 506880, 0, 0, 0
1780391349098, 593920, 0, 0, 0
1780391349298, 1269760, 0, 0, 0
1780391349498, 3696640, 0, 0, 0
1780391349697, 1986251, 0, 0, 0
1780391349897, 870400, 0, 0, 0
1780391350097, 194560, 0, 0, 0
1780391350297, 460800, 0, 0, 0
1780391350497, 552960, 0, 0, 0
1780391350697, 599040, 0, 0, 0
1780391350897, 998400, 0, 0, 0
1780391351097, 1771520, 0, 0, 0
1780391351297, 711680, 0, 0, 0
1780391351497, 2216960, 0, 0, 0
1780391351697, 2068480, 0, 0, 0
1780391351897, 634880, 0, 0, 0
1780391352097, 640000, 0, 0, 0
1780391352297, 2140160, 0, 0, 0
1780391352497, 624640, 0, 0, 0
1780391352697, 225280, 0, 0, 0
1780391352898, 552960, 0, 0, 0
1780391353098, 1628160, 0, 0, 0
1780391353298, 496640, 0, 0, 0
1780391353498, 1024000, 0, 0, 0
1780391353697, 910793, 0, 0, 0
1780391353897, 967680, 0, 0, 0
1780391354097, 1233920, 0, 0, 0
1780391324297, 20480, 0, 0, 0
1780391324497, 20480, 0, 0, 0
1780391324697, 112640, 0, 0, 0
1780391324897, 250880, 0, 0, 0
1780391325097, 691200, 0, 0, 0
1780391325297, 343040, 0, 0, 0
1780391325497, 983040, 0, 0, 0
1780391325697, 230400, 0, 0, 0
1780391325897, 783360, 0, 0, 0
1780391326097, 1996800, 0, 0, 0
1780391326297, 1105920, 0, 0, 0
1780391326497, 1592320, 0, 0, 0
1780391326697, 1249280, 0, 0, 0
1780391326897, 885760, 0, 0, 0
1780391327097, 1111040, 0, 0, 0
1780391327297, 583680, 0, 0, 0
1780391327497, 588800, 0, 0, 0
1780391327697, 967680, 0, 0, 0
1780391327897, 604160, 0, 0, 0
1780391328097, 1100800, 0, 0, 0
1780391328297, 2099200, 0, 0, 0
1780391328497, 880640, 0, 0, 0
1780391328697, 1930240, 0, 0, 0
1780391328897, 1474560, 0, 0, 0
1780391329097, 916480, 0, 0, 0
1780391329297, 993125, 0, 0, 0
1780391329497, 1141760, 0, 0, 0
1780391329697, 1290240, 0, 0, 0
1780391329897, 1274880, 0, 0, 0
1780391330097, 824320, 0, 0, 0
1780391330297, 3328000, 0, 0, 0
1780391330497, 563200, 0, 0, 0
1780391330697, 1920000, 0, 0, 0
1780391330897, 2862080, 0, 0, 0
1780391331097, 481280, 0, 0, 0
1780391331297, 302080, 0, 0, 0
1780391331497, 1095680, 0, 0, 0
1780391331697, 2887680, 0, 0, 0
1780391331897, 1100800, 0, 0, 0
1780391332097, 2949120, 0, 0, 0
1780391332297, 419840, 0, 0, 0
1780391332497, 701440, 0, 0, 0
1780391332697, 680960, 0, 0, 0
1780391332898, 655360, 0, 0, 0
1780391333097, 843899, 0, 0, 0
1780391333297, 2426880, 0, 0, 0
1780391333497, 384000, 0, 0, 0
1780391333697, 870400, 0, 0, 0
1780391333897, 2780160, 0, 0, 0
1780391334097, 3880960, 0, 0, 0
1780391334297, 1105920, 0, 0, 0
1780391334497, 604160, 0, 0, 0
1780391334697, 588800, 0, 0, 0
1780391334897, 168960, 0, 0, 0
1780391335097, 138240, 0, 0, 0
1780391335297, 471040, 0, 0, 0
1780391335497, 691200, 0, 0, 0
1780391335697, 542720, 0, 0, 0
1780391335897, 1182720, 0, 0, 0
1780391336097, 1843200, 0, 0, 0
1780391336297, 783360, 0, 0, 0
1780391336497, 593920, 0, 0, 0
1780391336697, 1592320, 0, 0, 0
1780391336897, 1157120, 0, 0, 0
1780391337097, 599040, 0, 0, 0
1780391337297, 512000, 0, 0, 0
1780391337497, 344763, 0, 0, 0
1780391337697, 1710080, 0, 0, 0
1780391337897, 378880, 0, 0, 0
1780391338097, 128000, 0, 0, 0
1780391338297, 558080, 0, 0, 0
1780391338497, 486400, 0, 0, 0
1780391338697, 430080, 0, 0, 0
1780391338897, 947200, 0, 0, 0
1780391339097, 337920, 0, 0, 0
1780391339297, 1428480, 0, 0, 0
1780391339497, 573440, 0, 0, 0
1780391339697, 568320, 0, 0, 0
1780391339897, 634880, 0, 0, 0
1780391340097, 757760, 0, 0, 0
1780391340297, 609280, 0, 0, 0
1780391340497, 2329600, 0, 0, 0
1780391340697, 3082240, 0, 0, 0
1780391340897, 3281920, 0, 0, 0
1780391341097, 404480, 0, 0, 0
1780391341297, 512000, 0, 0, 0
1780391341497, 849920, 0, 0, 0
1780391341697, 440320, 0, 0, 0
1780391341897, 1807360, 0, 0, 0
1780391342097, 2283520, 0, 0, 0
1780391342297, 1013760, 0, 0, 0
1780391342497, 262432, 0, 0, 0
1780391342697, 1080320, 0, 0, 0
1780391342897, 3005440, 0, 0, 0
1780391343097, 2099200, 0, 0, 0
1780391343297, 2769920, 0, 0, 0
1780391343497, 204800, 0, 0, 0
1780391343697, 844800, 0, 0, 0
1780391343897, 1720320, 0, 0, 0
1780391344097, 619520, 0, 0, 0
1780391344297, 430080, 0, 0, 0
1780391344497, 440320, 0, 0, 0
1780391344697, 373760, 0, 0, 0
1780391344897, 148480, 0, 0, 0
1780391345097, 153600, 0, 0, 0
1780391345297, 1290240, 0, 0, 0
1780391345497, 2048000, 0, 0, 0
1780391345698, 481280, 0, 0, 0
1780391345897, 890211, 0, 0, 0
1780391346097, 189440, 0, 0, 0
1780391346297, 501760, 0, 0, 0
1780391346497, 706560, 0, 0, 0
1780391346697, 256000, 0, 0, 0
1780391346897, 614400, 0, 0, 0
1780391347097, 890880, 0, 0, 0
1780391347297, 1131520, 0, 0, 0
1780391347497, 1402880, 0, 0, 0
1780391347697, 1817600, 0, 0, 0
1780391347897, 1408000, 0, 0, 0
1780391348097, 1387520, 0, 0, 0
1780391348297, 2406400, 0, 0, 0
1780391348497, 552960, 0, 0, 0
1780391348697, 399360, 0, 0, 0
1780391348897, 578560, 0, 0, 0
1780391349097, 660480, 0, 0, 0
1780391349297, 450560, 0, 0, 0
1780391349497, 568320, 0, 0, 0
1780391349697, 473407, 0, 0, 0
1780391349897, 2631680, 0, 0, 0
1780391350097, 3041280, 0, 0, 0
1780391350297, 1827840, 0, 0, 0
1780391350497, 3133440, 0, 0, 0
1780391350697, 199680, 0, 0, 0
1780391350897, 460800, 0, 0, 0
1780391351097, 655360, 0, 0, 0
1780391351297, 286720, 0, 0, 0
1780391351497, 1735680, 0, 0, 0
1780391351697, 2170880, 0, 0, 0
1780391351897, 522240, 0, 0, 0
1780391352097, 670720, 0, 0, 0
1780391352297, 2083840, 0, 0, 0
1780391352497, 686080, 0, 0, 0
1780391352697, 189440, 0, 0, 0
1780391352897, 573440, 0, 0, 0
1780391353097, 1612800, 0, 0, 0
1780391353297, 491520, 0, 0, 0
1780391353497, 1085440, 0, 0, 0
1780391353697, 1415075, 0, 0, 0
1780391353897, 563200, 0, 0, 0
1780391354097, 1182720, 0, 0, 0
