1780391205084, 47542, 0, 0, 0
1780391205304, 65163, 0, 0, 0
1780391205530, 181238, 0, 0, 0
1780391205730, 624640, 0, 0, 0
1780391205930, 1285120, 0, 0, 0
1780391206130, 1996800, 0, 0, 0
1780391206331, 1556480, 0, 0, 0
1780391206531, 983040, 0, 0, 0
1780391206731, 1233920, 0, 0, 0
1780391206931, 1034240, 0, 0, 0
1780391207131, 1228800, 0, 0, 0
1780391207331, 706560, 0, 0, 0
1780391207531, 773120, 0, 0, 0
1780391207731, 2421760, 0, 0, 0
1780391207931, 1633280, 0, 0, 0
1780391208131, 629760, 0, 0, 0
1780391208331, 1198080, 0, 0, 0
1780391208530, 735839, 0, 0, 0
1780391208730, 701440, 0, 0, 0
1780391208930, 1003520, 0, 0, 0
1780391209130, 1152000, 0, 0, 0
1780391209330, 1029120, 0, 0, 0
1780391209530, 184320, 0, 0, 0
1780391209731, 465920, 0, 0, 0
1780391209931, 1008640, 0, 0, 0
1780391210131, 2104320, 0, 0, 0
1780391210331, 1474560, 0, 0, 0
1780391210531, 1592320, 0, 0, 0
1780391210731, 752640, 0, 0, 0
1780391210931, 1249280, 0, 0, 0
1780391211131, 727040, 0, 0, 0
1780391211331, 655360, 0, 0, 0
1780391211531, 1341440, 0, 0, 0
1780391211731, 2048000, 0, 0, 0
1780391211931, 890880, 0, 0, 0
1780391212131, 1459200, 0, 0, 0
1780391212330, 694673, 0, 0, 0
1780391212530, 1018880, 0, 0, 0
1780391212730, 2682880, 0, 0, 0
1780391212930, 870400, 0, 0, 0
1780391213130, 1802240, 0, 0, 0
1780391213330, 629760, 0, 0, 0
1780391213530, 737280, 0, 0, 0
1780391213731, 701440, 0, 0, 0
1780391213931, 865280, 0, 0, 0
1780391214131, 916480, 0, 0, 0
1780391214331, 496640, 0, 0, 0
1780391214531, 1479680, 0, 0, 0
1780391214731, 1397760, 0, 0, 0
1780391214931, 952320, 0, 0, 0
1780391215131, 701440, 0, 0, 0
1780391215331, 312320, 0, 0, 0
1780391215531, 844800, 0, 0, 0
1780391215730, 792442, 0, 0, 0
1780391215930, 1121280, 0, 0, 0
1780391216130, 1607680, 0, 0, 0
1780391216330, 471040, 0, 0, 0
1780391216530, 204800, 0, 0, 0
1780391216730, 512000, 0, 0, 0
1780391216931, 650240, 0, 0, 0
1780391217131, 701440, 0, 0, 0
1780391217331, 629760, 0, 0, 0
1780391217531, 629760, 0, 0, 0
1780391217731, 670720, 0, 0, 0
1780391217931, 1331200, 0, 0, 0
1780391218131, 860160, 0, 0, 0
1780391218331, 640000, 0, 0, 0
1780391218531, 706560, 0, 0, 0
1780391218731, 696320, 0, 0, 0
1780391218930, 751276, 0, 0, 0
1780391219130, 2918400, 0, 0, 0
1780391219330, 1546240, 0, 0, 0
1780391219530, 332800, 0, 0, 0
1780391219730, 721920, 0, 0, 0
1780391219930, 947200, 0, 0, 0
1780391220131, 1105920, 0, 0, 0
1780391220331, 1356800, 0, 0, 0
1780391220531, 988160, 0, 0, 0
1780391220731, 998400, 0, 0, 0
1780391220931, 1341440, 0, 0, 0
1780391221131, 1551360, 0, 0, 0
1780391221331, 1464320, 0, 0, 0
1780391221531, 911360, 0, 0, 0
1780391221731, 849920, 0, 0, 0
1780391221931, 1152000, 0, 0, 0
1780391222131, 1679360, 0, 0, 0
1780391222331, 798720, 0, 0, 0
1780391222531, 1638400, 0, 0, 0
1780391222730, 581467, 0, 0, 0
1780391222930, 808960, 0, 0, 0
1780391223130, 711680, 0, 0, 0
1780391223330, 716800, 0, 0, 0
1780391223530, 547840, 0, 0, 0
1780391223730, 660480, 0, 0, 0
1780391223931, 1182720, 0, 0, 0
1780391224131, 3256320, 0, 0, 0
1780391224331, 599040, 0, 0, 0
1780391224531, 880640, 0, 0, 0
1780391224731, 3942400, 0, 0, 0
1780391224931, 1925120, 0, 0, 0
1780391225131, 558080, 0, 0, 0
1780391225331, 496640, 0, 0, 0
1780391225531, 1438720, 0, 0, 0
1780391225731, 486400, 0, 0, 0
1780391225931, 1966080, 0, 0, 0
1780391226131, 593920, 0, 0, 0
1780391226330, 324180, 0, 0, 0
1780391226530, 2293760, 0, 0, 0
1780391226730, 1244160, 0, 0, 0
1780391226930, 363520, 0, 0, 0
1780391227130, 1495040, 0, 0, 0
1780391227330, 629760, 0, 0, 0
1780391227530, 1192960, 0, 0, 0
1780391227731, 921600, 0, 0, 0
1780391227931, 230400, 0, 0, 0
1780391228131, 1264640, 0, 0, 0
1780391228331, 2007040, 0, 0, 0
1780391228531, 1802240, 0, 0, 0
1780391228731, 588800, 0, 0, 0
1780391228931, 399360, 0, 0, 0
1780391229131, 670720, 0, 0, 0
1780391229331, 322560, 0, 0, 0
1780391229531, 1920000, 0, 0, 0
1780391229731, 435200, 0, 0, 0
1780391229930, 447678, 0, 0, 0
1780391230130, 752640, 0, 0, 0
1780391230330, 660480, 0, 0, 0
1780391230530, 762880, 0, 0, 0
1780391230730, 880640, 0, 0, 0
1780391230930, 732160, 0, 0, 0
1780391231131, 1418240, 0, 0, 0
1780391231331, 1013760, 0, 0, 0
1780391231531, 762880, 0, 0, 0
1780391231731, 1331200, 0, 0, 0
1780391231931, 2058240, 0, 0, 0
1780391232131, 1689600, 0, 0, 0
1780391232331, 1008640, 0, 0, 0
1780391232531, 486400, 0, 0, 0
1780391232731, 343040, 0, 0, 0
1780391232931, 619520, 0, 0, 0
1780391233131, 824320, 0, 0, 0
1780391233331, 2580480, 0, 0, 0
1780391233530, 751276, 0, 0, 0
1780391233730, 727040, 0, 0, 0
1780391233930, 998400, 0, 0, 0
1780391234130, 1228800, 0, 0, 0
1780391234329, 2989668, 0, 0, 0
1780391234530, 1558925, 0, 0, 0
1780391234731, 942080, 0, 0, 0
1780391204932, 127363, 0, 0, 0
1780391205131, 51457, 0, 0, 0
1780391205331, 71680, 0, 0, 0
1780391205531, 40960, 0, 0, 0
1780391205731, 194560, 0, 0, 0
1780391205931, 732160, 0, 0, 0
1780391206131, 1413120, 0, 0, 0
1780391206331, 573440, 0, 0, 0
1780391206531, 542720, 0, 0, 0
1780391206731, 332800, 0, 0, 0
1780391206931, 614400, 0, 0, 0
1780391207132, 373760, 0, 0, 0
1780391207332, 163840, 0, 0, 0
1780391207532, 168960, 0, 0, 0
1780391207732, 368640, 0, 0, 0
1780391207932, 737280, 0, 0, 0
1780391208132, 1116160, 0, 0, 0
1780391208332, 414720, 0, 0, 0
1780391208531, 910793, 0, 0, 0
1780391208731, 1566720, 0, 0, 0
1780391208931, 921600, 0, 0, 0
1780391209131, 588800, 0, 0, 0
1780391209331, 962560, 0, 0, 0
1780391209531, 143360, 0, 0, 0
1780391209731, 394240, 0, 0, 0
1780391209931, 1710080, 0, 0, 0
1780391210131, 1070080, 0, 0, 0
1780391210331, 532480, 0, 0, 0
1780391210531, 460800, 0, 0, 0
1780391210732, 737280, 0, 0, 0
1780391210932, 486400, 0, 0, 0
1780391211132, 414720, 0, 0, 0
1780391211332, 1269760, 0, 0, 0
1780391211532, 1003520, 0, 0, 0
1780391211732, 250880, 0, 0, 0
1780391211932, 256000, 0, 0, 0
1780391212132, 312320, 0, 0, 0
1780391212331, 1008562, 0, 0, 0
1780391212531, 471040, 0, 0, 0
1780391212731, 56320, 0, 0, 0
1780391212931, 793600, 0, 0, 0
1780391213131, 465920, 0, 0, 0
1780391213331, 824320, 0, 0, 0
1780391213531, 358400, 0, 0, 0
1780391213731, 762880, 0, 0, 0
1780391213931, 619520, 0, 0, 0
1780391214131, 368640, 0, 0, 0
1780391214331, 1356800, 0, 0, 0
1780391214531, 230400, 0, 0, 0
1780391214732, 424960, 0, 0, 0
1780391214932, 727040, 0, 0, 0
1780391215132, 409600, 0, 0, 0
1780391215332, 271360, 0, 0, 0
1780391215532, 629760, 0, 0, 0
1780391215731, 1018854, 0, 0, 0
1780391215931, 547840, 0, 0, 0
1780391216131, 665600, 0, 0, 0
1780391216331, 1203200, 0, 0, 0
1780391216531, 906240, 0, 0, 0
1780391216731, 1029120, 0, 0, 0
1780391216931, 332800, 0, 0, 0
1780391217131, 752640, 0, 0, 0
1780391217331, 1070080, 0, 0, 0
1780391217531, 1479680, 0, 0, 0
1780391217732, 819200, 0, 0, 0
1780391217932, 552960, 0, 0, 0
1780391218132, 711680, 0, 0, 0
1780391218332, 583680, 0, 0, 0
1780391218532, 445440, 0, 0, 0
1780391218732, 593920, 0, 0, 0
1780391218931, 2063437, 0, 0, 0
1780391219131, 66560, 0, 0, 0
1780391219331, 20480, 0, 0, 0
1780391219531, 148480, 0, 0, 0
1780391219731, 778240, 0, 0, 0
1780391219931, 614400, 0, 0, 0
1780391220131, 634880, 0, 0, 0
1780391220331, 1433600, 0, 0, 0
1780391220531, 645120, 0, 0, 0
1780391220731, 430080, 0, 0, 0
1780391220931, 645120, 0, 0, 0
1780391221132, 844800, 0, 0, 0
1780391221332, 645120, 0, 0, 0
1780391221532, 1469440, 0, 0, 0
1780391221732, 593920, 0, 0, 0
1780391221932, 773120, 0, 0, 0
1780391222132, 476160, 0, 0, 0
1780391222332, 250880, 0, 0, 0
1780391222532, 138240, 0, 0, 0
1780391222731, 540301, 0, 0, 0
1780391222931, 563200, 0, 0, 0
1780391223131, 578560, 0, 0, 0
1780391223331, 573440, 0, 0, 0
1780391223531, 522240, 0, 0, 0
1780391223731, 435200, 0, 0, 0
1780391223931, 378880, 0, 0, 0
1780391224131, 281600, 0, 0, 0
1780391224331, 727040, 0, 0, 0
1780391224531, 348160, 0, 0, 0
1780391224731, 215040, 0, 0, 0
1780391224932, 593920, 0, 0, 0
1780391225132, 675840, 0, 0, 0
1780391225332, 732160, 0, 0, 0
1780391225532, 261120, 0, 0, 0
1780391225732, 870400, 0, 0, 0
1780391225932, 302080, 0, 0, 0
1780391226132, 1121280, 0, 0, 0
1780391226331, 566030, 0, 0, 0
1780391226531, 307200, 0, 0, 0
1780391226731, 476160, 0, 0, 0
1780391226931, 1597440, 0, 0, 0
1780391227131, 737280, 0, 0, 0
1780391227331, 450560, 0, 0, 0
1780391227531, 655360, 0, 0, 0
1780391227731, 604160, 0, 0, 0
1780391227931, 865280, 0, 0, 0
1780391228131, 624640, 0, 0, 0
1780391228331, 599040, 0, 0, 0
1780391228531, 901120, 0, 0, 0
1780391228732, 481280, 0, 0, 0
1780391228932, 993280, 0, 0, 0
1780391229132, 691200, 0, 0, 0
1780391229332, 1029120, 0, 0, 0
1780391229532, 358400, 0, 0, 0
1780391229732, 860160, 0, 0, 0
1780391229931, 699819, 0, 0, 0
1780391230131, 1269760, 0, 0, 0
1780391230331, 675840, 0, 0, 0
1780391230531, 573440, 0, 0, 0
1780391230731, 532480, 0, 0, 0
1780391230931, 824320, 0, 0, 0
1780391231131, 547840, 0, 0, 0
1780391231331, 931840, 0, 0, 0
1780391231531, 737280, 0, 0, 0
1780391231731, 798720, 0, 0, 0
1780391231931, 1377280, 0, 0, 0
1780391232132, 665600, 0, 0, 0
1780391232332, 414720, 0, 0, 0
1780391232532, 711680, 0, 0, 0
1780391232732, 1454080, 0, 0, 0
1780391232932, 1003520, 0, 0, 0
1780391233132, 1141760, 0, 0, 0
1780391233332, 875520, 0, 0, 0
1780391233531, 838753, 0, 0, 0
1780391233731, 414720, 0, 0, 0
1780391233931, 286720, 0, 0, 0
1780391234131, 737280, 0, 0, 0
1780391234330, 385929, 0, 0, 0
1780391234531, 866069, 0, 0, 0
1780391234731, 716800, 0, 0, 0
1780391204931, 117760, 0, 0, 0
1780391205130, 66894, 0, 0, 0
1780391205330, 30720, 0, 0, 0
1780391205531, 35840, 0, 0, 0
1780391205731, 87040, 0, 0, 0
1780391205931, 496640, 0, 0, 0
1780391206131, 844800, 0, 0, 0
1780391206331, 532480, 0, 0, 0
1780391206531, 322560, 0, 0, 0
1780391206731, 209920, 0, 0, 0
1780391206931, 568320, 0, 0, 0
1780391207131, 322560, 0, 0, 0
1780391207331, 122880, 0, 0, 0
1780391207531, 245760, 0, 0, 0
1780391207731, 199680, 0, 0, 0
1780391207931, 568320, 0, 0, 0
1780391208131, 701440, 0, 0, 0
1780391208331, 691200, 0, 0, 0
1780391208530, 720402, 0, 0, 0
1780391208730, 368640, 0, 0, 0
1780391208931, 542720, 0, 0, 0
1780391209131, 486400, 0, 0, 0
1780391209331, 629760, 0, 0, 0
1780391209531, 128000, 0, 0, 0
1780391209731, 384000, 0, 0, 0
1780391209931, 814080, 0, 0, 0
1780391210131, 527360, 0, 0, 0
1780391210331, 348160, 0, 0, 0
1780391210531, 634880, 0, 0, 0
1780391210731, 706560, 0, 0, 0
1780391210931, 573440, 0, 0, 0
1780391211131, 409600, 0, 0, 0
1780391211331, 506880, 0, 0, 0
1780391211531, 440320, 0, 0, 0
1780391211731, 199680, 0, 0, 0
1780391211931, 471040, 0, 0, 0
1780391212131, 394240, 0, 0, 0
1780391212330, 648361, 0, 0, 0
1780391212531, 235520, 0, 0, 0
1780391212731, 66560, 0, 0, 0
1780391212931, 762880, 0, 0, 0
1780391213131, 399360, 0, 0, 0
1780391213331, 455680, 0, 0, 0
1780391213531, 117760, 0, 0, 0
1780391213731, 921600, 0, 0, 0
1780391213931, 629760, 0, 0, 0
1780391214131, 291840, 0, 0, 0
1780391214331, 404480, 0, 0, 0
1780391214531, 368640, 0, 0, 0
1780391214731, 460800, 0, 0, 0
1780391214931, 522240, 0, 0, 0
1780391215131, 348160, 0, 0, 0
1780391215331, 363520, 0, 0, 0
1780391215531, 706560, 0, 0, 0
1780391215730, 545447, 0, 0, 0
1780391215931, 424960, 0, 0, 0
1780391216131, 568320, 0, 0, 0
1780391216331, 839680, 0, 0, 0
1780391216531, 1228800, 0, 0, 0
1780391216731, 614400, 0, 0, 0
1780391216931, 373760, 0, 0, 0
1780391217131, 711680, 0, 0, 0
1780391217331, 972800, 0, 0, 0
1780391217531, 706560, 0, 0, 0
1780391217731, 302080, 0, 0, 0
1780391217931, 660480, 0, 0, 0
1780391218131, 512000, 0, 0, 0
1780391218331, 245760, 0, 0, 0
1780391218531, 593920, 0, 0, 0
1780391218731, 343040, 0, 0, 0
1780391218930, 303597, 0, 0, 0
1780391219130, 71680, 0, 0, 0
1780391219331, 87040, 0, 0, 0
1780391219531, 163840, 0, 0, 0
1780391219731, 558080, 0, 0, 0
1780391219931, 501760, 0, 0, 0
1780391220131, 491520, 0, 0, 0
1780391220331, 706560, 0, 0, 0
1780391220531, 471040, 0, 0, 0
1780391220731, 384000, 0, 0, 0
1780391220931, 568320, 0, 0, 0
1780391221131, 568320, 0, 0, 0
1780391221331, 645120, 0, 0, 0
1780391221531, 619520, 0, 0, 0
1780391221731, 465920, 0, 0, 0
1780391221931, 486400, 0, 0, 0
1780391222131, 322560, 0, 0, 0
1780391222331, 92160, 0, 0, 0
1780391222531, 737280, 0, 0, 0
1780391222730, 355055, 0, 0, 0
1780391222930, 706560, 0, 0, 0
1780391223131, 757760, 0, 0, 0
1780391223331, 343040, 0, 0, 0
1780391223531, 307200, 0, 0, 0
1780391223731, 476160, 0, 0, 0
1780391223931, 430080, 0, 0, 0
1780391224131, 168960, 0, 0, 0
1780391224331, 660480, 0, 0, 0
1780391224531, 302080, 0, 0, 0
1780391224731, 245760, 0, 0, 0
1780391224931, 194560, 0, 0, 0
1780391225131, 512000, 0, 0, 0
1780391225331, 460800, 0, 0, 0
1780391225531, 373760, 0, 0, 0
1780391225731, 578560, 0, 0, 0
1780391225931, 189440, 0, 0, 0
1780391226131, 1090560, 0, 0, 0
1780391226330, 1106331, 0, 0, 0
1780391226530, 245760, 0, 0, 0
1780391226731, 650240, 0, 0, 0
1780391226931, 286720, 0, 0, 0
1780391227131, 522240, 0, 0, 0
1780391227331, 286720, 0, 0, 0
1780391227531, 476160, 0, 0, 0
1780391227731, 455680, 0, 0, 0
1780391227931, 276480, 0, 0, 0
1780391228131, 588800, 0, 0, 0
1780391228331, 486400, 0, 0, 0
1780391228531, 291840, 0, 0, 0
1780391228731, 394240, 0, 0, 0
1780391228931, 696320, 0, 0, 0
1780391229131, 491520, 0, 0, 0
1780391229331, 1254400, 0, 0, 0
1780391229531, 271360, 0, 0, 0
1780391229731, 747520, 0, 0, 0
1780391229930, 1739256, 0, 0, 0
1780391230131, 261120, 0, 0, 0
1780391230331, 291840, 0, 0, 0
1780391230531, 343040, 0, 0, 0
1780391230731, 465920, 0, 0, 0
1780391230931, 235520, 0, 0, 0
1780391231131, 286720, 0, 0, 0
1780391231331, 829440, 0, 0, 0
1780391231531, 906240, 0, 0, 0
1780391231731, 465920, 0, 0, 0
1780391231931, 1356800, 0, 0, 0
1780391232131, 660480, 0, 0, 0
1780391232331, 506880, 0, 0, 0
1780391232531, 640000, 0, 0, 0
1780391232731, 711680, 0, 0, 0
1780391232931, 721920, 0, 0, 0
1780391233131, 947200, 0, 0, 0
1780391233331, 286720, 0, 0, 0
1780391233530, 777005, 0, 0, 0
1780391233730, 250880, 0, 0, 0
1780391233931, 312320, 0, 0, 0
1780391234131, 686080, 0, 0, 0
1780391234330, 262432, 0, 0, 0
1780391234531, 565492, 0, 0, 0
1780391234731, 465920, 0, 0, 0
1780391205084, 101231, 0, 0, 0
1780391205304, 23272, 0, 0, 0
1780391205531, 45309, 0, 0, 0
1780391205731, 117760, 0, 0, 0
1780391205931, 1085440, 0, 0, 0
1780391206131, 1904640, 0, 0, 0
1780391206331, 768000, 0, 0, 0
1780391206531, 1356800, 0, 0, 0
1780391206731, 1341440, 0, 0, 0
1780391206931, 747520, 0, 0, 0
1780391207131, 1054720, 0, 0, 0
1780391207331, 2867200, 0, 0, 0
1780391207531, 2831360, 0, 0, 0
1780391207731, 235520, 0, 0, 0
1780391207931, 384000, 0, 0, 0
1780391208131, 757760, 0, 0, 0
1780391208331, 680960, 0, 0, 0
1780391208530, 1209246, 0, 0, 0
1780391208730, 701440, 0, 0, 0
1780391208931, 732160, 0, 0, 0
1780391209131, 901120, 0, 0, 0
1780391209331, 1111040, 0, 0, 0
1780391209531, 327680, 0, 0, 0
1780391209731, 1418240, 0, 0, 0
1780391209931, 384000, 0, 0, 0
1780391210131, 2037760, 0, 0, 0
1780391210331, 2273280, 0, 0, 0
1780391210531, 906240, 0, 0, 0
1780391210731, 942080, 0, 0, 0
1780391210931, 962560, 0, 0, 0
1780391211131, 1187840, 0, 0, 0
1780391211331, 558080, 0, 0, 0
1780391211531, 1049600, 0, 0, 0
1780391211731, 2462720, 0, 0, 0
1780391211931, 942080, 0, 0, 0
1780391212131, 1024000, 0, 0, 0
1780391212330, 725547, 0, 0, 0
1780391212530, 880640, 0, 0, 0
1780391212731, 2969600, 0, 0, 0
1780391212931, 640000, 0, 0, 0
1780391213131, 1735680, 0, 0, 0
1780391213331, 558080, 0, 0, 0
1780391213531, 890880, 0, 0, 0
1780391213731, 1356800, 0, 0, 0
1780391213931, 860160, 0, 0, 0
1780391214131, 2252800, 0, 0, 0
1780391214331, 322560, 0, 0, 0
1780391214531, 384000, 0, 0, 0
1780391214731, 793600, 0, 0, 0
1780391214931, 977920, 0, 0, 0
1780391215131, 624640, 0, 0, 0
1780391215331, 675840, 0, 0, 0
1780391215531, 1157120, 0, 0, 0
1780391215730, 493989, 0, 0, 0
1780391215931, 558080, 0, 0, 0
1780391216131, 588800, 0, 0, 0
1780391216331, 819200, 0, 0, 0
1780391216531, 614400, 0, 0, 0
1780391216731, 855040, 0, 0, 0
1780391216931, 1413120, 0, 0, 0
1780391217131, 783360, 0, 0, 0
1780391217331, 527360, 0, 0, 0
1780391217531, 496640, 0, 0, 0
1780391217731, 1295360, 0, 0, 0
1780391217931, 839680, 0, 0, 0
1780391218131, 727040, 0, 0, 0
1780391218331, 353280, 0, 0, 0
1780391218531, 670720, 0, 0, 0
1780391218731, 1039360, 0, 0, 0
1780391218930, 632924, 0, 0, 0
1780391219130, 2432000, 0, 0, 0
1780391219330, 4131840, 0, 0, 0
1780391219531, 3537920, 0, 0, 0
1780391219731, 563200, 0, 0, 0
1780391219931, 414720, 0, 0, 0
1780391220131, 1848320, 0, 0, 0
1780391220331, 583680, 0, 0, 0
1780391220531, 727040, 0, 0, 0
1780391220731, 1408000, 0, 0, 0
1780391220931, 542720, 0, 0, 0
1780391221131, 424960, 0, 0, 0
1780391221331, 440320, 0, 0, 0
1780391221531, 230400, 0, 0, 0
1780391221731, 1556480, 0, 0, 0
1780391221931, 788480, 0, 0, 0
1780391222131, 394240, 0, 0, 0
1780391222331, 235520, 0, 0, 0
1780391222531, 1500160, 0, 0, 0
1780391222730, 638070, 0, 0, 0
1780391222930, 660480, 0, 0, 0
1780391223131, 1044480, 0, 0, 0
1780391223331, 501760, 0, 0, 0
1780391223531, 1351680, 0, 0, 0
1780391223731, 1822720, 0, 0, 0
1780391223931, 634880, 0, 0, 0
1780391224131, 911360, 0, 0, 0
1780391224331, 1213440, 0, 0, 0
1780391224531, 1233920, 0, 0, 0
1780391224731, 3962880, 0, 0, 0
1780391224931, 1873920, 0, 0, 0
1780391225131, 573440, 0, 0, 0
1780391225331, 496640, 0, 0, 0
1780391225531, 1387520, 0, 0, 0
1780391225731, 542720, 0, 0, 0
1780391225931, 1955840, 0, 0, 0
1780391226131, 599040, 0, 0, 0
1780391226330, 334472, 0, 0, 0
1780391226530, 2247680, 0, 0, 0
1780391226731, 1285120, 0, 0, 0
1780391226931, 358400, 0, 0, 0
1780391227131, 1505280, 0, 0, 0
1780391227331, 619520, 0, 0, 0
1780391227531, 1177600, 0, 0, 0
1780391227731, 936960, 0, 0, 0
1780391227931, 256000, 0, 0, 0
1780391228131, 1192960, 0, 0, 0
1780391228331, 2058240, 0, 0, 0
1780391228531, 1807360, 0, 0, 0
1780391228731, 552960, 0, 0, 0
1780391228931, 440320, 0, 0, 0
1780391229131, 655360, 0, 0, 0
1780391229331, 378880, 0, 0, 0
1780391229531, 1039360, 0, 0, 0
1780391229731, 1039360, 0, 0, 0
1780391229930, 730693, 0, 0, 0
1780391230131, 706560, 0, 0, 0
1780391230331, 1105920, 0, 0, 0
1780391230531, 353280, 0, 0, 0
1780391230731, 998400, 0, 0, 0
1780391230931, 1018880, 0, 0, 0
1780391231131, 1208320, 0, 0, 0
1780391231331, 1264640, 0, 0, 0
1780391231531, 481280, 0, 0, 0
1780391231731, 1136640, 0, 0, 0
1780391231931, 2129920, 0, 0, 0
1780391232131, 1495040, 0, 0, 0
1780391232331, 1059840, 0, 0, 0
1780391232531, 522240, 0, 0, 0
1780391232731, 368640, 0, 0, 0
1780391232931, 624640, 0, 0, 0
1780391233131, 788480, 0, 0, 0
1780391233331, 2611200, 0, 0, 0
1780391233530, 751276, 0, 0, 0
1780391233730, 732160, 0, 0, 0
1780391233931, 947200, 0, 0, 0
1780391234131, 1269760, 0, 0, 0
1780391234330, 2958793, 0, 0, 0
1780391234531, 1569114, 0, 0, 0
1780391234731, 931840, 0, 0, 0
1780391205084, 73977, 0, 0, 0
1780391205304, 13963, 0, 0, 0
1780391205530, 67964, 0, 0, 0
1780391205730, 184320, 0, 0, 0
1780391205931, 1085440, 0, 0, 0
1780391206131, 199680, 0, 0, 0
1780391206331, 1034240, 0, 0, 0
1780391206531, 773120, 0, 0, 0
1780391206731, 1310720, 0, 0, 0
1780391206931, 967680, 0, 0, 0
1780391207131, 762880, 0, 0, 0
1780391207331, 936960, 0, 0, 0
1780391207531, 947200, 0, 0, 0
1780391207731, 2483200, 0, 0, 0
1780391207931, 1638400, 0, 0, 0
1780391208131, 640000, 0, 0, 0
1780391208331, 844800, 0, 0, 0
1780391208530, 1029145, 0, 0, 0
1780391208730, 614400, 0, 0, 0
1780391208930, 1064960, 0, 0, 0
1780391209130, 1100800, 0, 0, 0
1780391209330, 1162240, 0, 0, 0
1780391209531, 4618240, 0, 0, 0
1780391209731, 1848320, 0, 0, 0
1780391209931, 71680, 0, 0, 0
1780391210131, 174080, 0, 0, 0
1780391210331, 778240, 0, 0, 0
1780391210531, 1233920, 0, 0, 0
1780391210731, 757760, 0, 0, 0
1780391210931, 839680, 0, 0, 0
1780391211131, 1925120, 0, 0, 0
1780391211331, 286720, 0, 0, 0
1780391211531, 296960, 0, 0, 0
1780391211731, 1167360, 0, 0, 0
1780391211931, 988160, 0, 0, 0
1780391212131, 942080, 0, 0, 0
1780391212330, 910793, 0, 0, 0
1780391212530, 3092480, 0, 0, 0
1780391212730, 2017280, 0, 0, 0
1780391212930, 532480, 0, 0, 0
1780391213131, 542720, 0, 0, 0
1780391213331, 599040, 0, 0, 0
1780391213531, 839680, 0, 0, 0
1780391213731, 1295360, 0, 0, 0
1780391213931, 798720, 0, 0, 0
1780391214131, 2319360, 0, 0, 0
1780391214331, 337920, 0, 0, 0
1780391214531, 358400, 0, 0, 0
1780391214731, 450560, 0, 0, 0
1780391214931, 880640, 0, 0, 0
1780391215131, 747520, 0, 0, 0
1780391215331, 860160, 0, 0, 0
1780391215531, 936960, 0, 0, 0
1780391215730, 674090, 0, 0, 0
1780391215930, 957440, 0, 0, 0
1780391216130, 967680, 0, 0, 0
1780391216330, 911360, 0, 0, 0
1780391216531, 491520, 0, 0, 0
1780391216731, 348160, 0, 0, 0
1780391216931, 1336320, 0, 0, 0
1780391217131, 788480, 0, 0, 0
1780391217331, 542720, 0, 0, 0
1780391217531, 481280, 0, 0, 0
1780391217731, 1290240, 0, 0, 0
1780391217931, 875520, 0, 0, 0
1780391218131, 1269760, 0, 0, 0
1780391218331, 1745920, 0, 0, 0
1780391218531, 2242560, 0, 0, 0
1780391218731, 1817600, 0, 0, 0
1780391218930, 154371, 0, 0, 0
1780391219130, 97280, 0, 0, 0
1780391219330, 2631680, 0, 0, 0
1780391219530, 3112960, 0, 0, 0
1780391219730, 537600, 0, 0, 0
1780391219931, 537600, 0, 0, 0
1780391220131, 476160, 0, 0, 0
1780391220331, 527360, 0, 0, 0
1780391220531, 793600, 0, 0, 0
1780391220731, 747520, 0, 0, 0
1780391220931, 645120, 0, 0, 0
1780391221131, 1013760, 0, 0, 0
1780391221331, 977920, 0, 0, 0
1780391221531, 803840, 0, 0, 0
1780391221731, 701440, 0, 0, 0
1780391221931, 880640, 0, 0, 0
1780391222131, 1474560, 0, 0, 0
1780391222331, 471040, 0, 0, 0
1780391222531, 788480, 0, 0, 0
1780391222730, 1270994, 0, 0, 0
1780391222930, 896000, 0, 0, 0
1780391223130, 706560, 0, 0, 0
1780391223330, 706560, 0, 0, 0
1780391223530, 1239040, 0, 0, 0
1780391223731, 716800, 0, 0, 0
1780391223931, 578560, 0, 0, 0
1780391224131, 2088960, 0, 0, 0
1780391224331, 1285120, 0, 0, 0
1780391224531, 890880, 0, 0, 0
1780391224731, 291840, 0, 0, 0
1780391224931, 942080, 0, 0, 0
1780391225131, 885760, 0, 0, 0
1780391225331, 1556480, 0, 0, 0
1780391225531, 1423360, 0, 0, 0
1780391225731, 1136640, 0, 0, 0
1780391225931, 793600, 0, 0, 0
1780391226131, 983040, 0, 0, 0
1780391226330, 1764984, 0, 0, 0
1780391226530, 1950720, 0, 0, 0
1780391226730, 1443840, 0, 0, 0
1780391226930, 803840, 0, 0, 0
1780391227130, 711680, 0, 0, 0
1780391227331, 1991680, 0, 0, 0
1780391227531, 773120, 0, 0, 0
1780391227731, 1208320, 0, 0, 0
1780391227931, 1653760, 0, 0, 0
1780391228131, 404480, 0, 0, 0
1780391228331, 1223680, 0, 0, 0
1780391228531, 542720, 0, 0, 0
1780391228731, 1198080, 0, 0, 0
1780391228931, 465920, 0, 0, 0
1780391229131, 1249280, 0, 0, 0
1780391229331, 2140160, 0, 0, 0
1780391229531, 506880, 0, 0, 0
1780391229731, 1387520, 0, 0, 0
1780391229930, 833608, 0, 0, 0
1780391230130, 660480, 0, 0, 0
1780391230330, 1254400, 0, 0, 0
1780391230530, 378880, 0, 0, 0
1780391230731, 1356800, 0, 0, 0
1780391230931, 220160, 0, 0, 0
1780391231131, 1520640, 0, 0, 0
1780391231331, 634880, 0, 0, 0
1780391231531, 1064960, 0, 0, 0
1780391231731, 906240, 0, 0, 0
1780391231931, 168960, 0, 0, 0
1780391232131, 532480, 0, 0, 0
1780391232331, 1192960, 0, 0, 0
1780391232531, 1653760, 0, 0, 0
1780391232731, 977920, 0, 0, 0
1780391232931, 650240, 0, 0, 0
1780391233131, 849920, 0, 0, 0
1780391233331, 389120, 0, 0, 0
1780391233530, 807879, 0, 0, 0
1780391233730, 2590720, 0, 0, 0
1780391233930, 1981440, 0, 0, 0
1780391234130, 747520, 0, 0, 0
1780391234329, 787296, 0, 0, 0
1780391234531, 438129, 0, 0, 0
1780391234731, 1228800, 0, 0, 0
1780391205084, 120699, 0, 0, 0
1780391205304, 9309, 0, 0, 0
1780391205530, 226548, 0, 0, 0
1780391205730, 552960, 0, 0, 0
1780391205930, 798720, 0, 0, 0
1780391206130, 675840, 0, 0, 0
1780391206331, 1530880, 0, 0, 0
1780391206531, 716800, 0, 0, 0
1780391206731, 1448960, 0, 0, 0
1780391206931, 814080, 0, 0, 0
1780391207131, 1402880, 0, 0, 0
1780391207331, 1909760, 0, 0, 0
1780391207531, 2821120, 0, 0, 0
1780391207731, 235520, 0, 0, 0
1780391207931, 440320, 0, 0, 0
1780391208131, 742400, 0, 0, 0
1780391208331, 1315840, 0, 0, 0
1780391208530, 658653, 0, 0, 0
1780391208730, 650240, 0, 0, 0
1780391208930, 977920, 0, 0, 0
1780391209130, 1172480, 0, 0, 0
1780391209330, 1034240, 0, 0, 0
1780391209530, 4592640, 0, 0, 0
1780391209730, 1971200, 0, 0, 0
1780391209931, 97280, 0, 0, 0
1780391210131, 204800, 0, 0, 0
1780391210331, 727040, 0, 0, 0
1780391210531, 1152000, 0, 0, 0
1780391210731, 752640, 0, 0, 0
1780391210931, 834560, 0, 0, 0
1780391211131, 1925120, 0, 0, 0
1780391211331, 291840, 0, 0, 0
1780391211531, 271360, 0, 0, 0
1780391211731, 783360, 0, 0, 0
1780391211931, 1029120, 0, 0, 0
1780391212131, 1331200, 0, 0, 0
1780391212330, 885065, 0, 0, 0
1780391212530, 3051520, 0, 0, 0
1780391212730, 2068480, 0, 0, 0
1780391212930, 506880, 0, 0, 0
1780391213130, 563200, 0, 0, 0
1780391213330, 624640, 0, 0, 0
1780391213530, 163840, 0, 0, 0
1780391213731, 547840, 0, 0, 0
1780391213931, 1331200, 0, 0, 0
1780391214131, 844800, 0, 0, 0
1780391214331, 517120, 0, 0, 0
1780391214531, 1822720, 0, 0, 0
1780391214731, 1495040, 0, 0, 0
1780391214931, 977920, 0, 0, 0
1780391215131, 614400, 0, 0, 0
1780391215331, 691200, 0, 0, 0
1780391215531, 1024000, 0, 0, 0
1780391215730, 612341, 0, 0, 0
1780391215930, 788480, 0, 0, 0
1780391216130, 1505280, 0, 0, 0
1780391216330, 378880, 0, 0, 0
1780391216530, 481280, 0, 0, 0
1780391216730, 368640, 0, 0, 0
1780391216931, 1116160, 0, 0, 0
1780391217131, 778240, 0, 0, 0
1780391217331, 619520, 0, 0, 0
1780391217531, 537600, 0, 0, 0
1780391217731, 1059840, 0, 0, 0
1780391217931, 1172480, 0, 0, 0
1780391218131, 1274880, 0, 0, 0
1780391218331, 1745920, 0, 0, 0
1780391218531, 2216960, 0, 0, 0
1780391218731, 1904640, 0, 0, 0
1780391218930, 118351, 0, 0, 0
1780391219130, 87040, 0, 0, 0
1780391219330, 2626560, 0, 0, 0
1780391219530, 3527680, 0, 0, 0
1780391219730, 578560, 0, 0, 0
1780391219930, 424960, 0, 0, 0
1780391220131, 1884160, 0, 0, 0
1780391220331, 527360, 0, 0, 0
1780391220531, 711680, 0, 0, 0
1780391220731, 1356800, 0, 0, 0
1780391220931, 624640, 0, 0, 0
1780391221131, 419840, 0, 0, 0
1780391221331, 460800, 0, 0, 0
1780391221531, 204800, 0, 0, 0
1780391221731, 1520640, 0, 0, 0
1780391221931, 829440, 0, 0, 0
1780391222131, 378880, 0, 0, 0
1780391222331, 168960, 0, 0, 0
1780391222531, 317440, 0, 0, 0
1780391222730, 1878190, 0, 0, 0
1780391222930, 839680, 0, 0, 0
1780391223130, 906240, 0, 0, 0
1780391223330, 512000, 0, 0, 0
1780391223530, 1320960, 0, 0, 0
1780391223730, 1776640, 0, 0, 0
1780391223931, 680960, 0, 0, 0
1780391224131, 1858560, 0, 0, 0
1780391224331, 609280, 0, 0, 0
1780391224531, 865280, 0, 0, 0
1780391224731, 337920, 0, 0, 0
1780391224931, 819200, 0, 0, 0
1780391225131, 1546240, 0, 0, 0
1780391225331, 942080, 0, 0, 0
1780391225531, 1146880, 0, 0, 0
1780391225731, 921600, 0, 0, 0
1780391225931, 896000, 0, 0, 0
1780391226131, 798720, 0, 0, 0
1780391226330, 2017125, 0, 0, 0
1780391226530, 1986560, 0, 0, 0
1780391226730, 1469440, 0, 0, 0
1780391226930, 752640, 0, 0, 0
1780391227130, 957440, 0, 0, 0
1780391227330, 1515520, 0, 0, 0
1780391227530, 752640, 0, 0, 0
1780391227730, 1213440, 0, 0, 0
1780391227931, 1986560, 0, 0, 0
1780391228131, 583680, 0, 0, 0
1780391228331, 1121280, 0, 0, 0
1780391228531, 593920, 0, 0, 0
1780391228731, 1208320, 0, 0, 0
1780391228931, 593920, 0, 0, 0
1780391229131, 901120, 0, 0, 0
1780391229331, 2176000, 0, 0, 0
1780391229531, 1873920, 0, 0, 0
1780391229731, 481280, 0, 0, 0
1780391229930, 272723, 0, 0, 0
1780391230130, 680960, 0, 0, 0
1780391230330, 680960, 0, 0, 0
1780391230530, 1018880, 0, 0, 0
1780391230730, 1372160, 0, 0, 0
1780391230930, 660480, 0, 0, 0
1780391231130, 1208320, 0, 0, 0
1780391231331, 1228800, 0, 0, 0
1780391231531, 501760, 0, 0, 0
1780391231731, 793600, 0, 0, 0
1780391231931, 256000, 0, 0, 0
1780391232131, 634880, 0, 0, 0
1780391232331, 936960, 0, 0, 0
1780391232531, 1643520, 0, 0, 0
1780391232731, 834560, 0, 0, 0
1780391232931, 593920, 0, 0, 0
1780391233131, 778240, 0, 0, 0
1780391233331, 440320, 0, 0, 0
1780391233530, 1034291, 0, 0, 0
1780391233730, 2590720, 0, 0, 0
1780391233930, 1843200, 0, 0, 0
1780391234130, 640000, 0, 0, 0
1780391234329, 391075, 0, 0, 0
1780391234530, 590965, 0, 0, 0
1780391234730, 1346560, 0, 0, 0
1780391205085, 37012, 0, 0, 0
1780391205305, 18618, 0, 0, 0
1780391205531, 58902, 0, 0, 0
1780391205731, 194560, 0, 0, 0
1780391205931, 1080320, 0, 0, 0
1780391206131, 189440, 0, 0, 0
1780391206331, 839680, 0, 0, 0
1780391206531, 476160, 0, 0, 0
1780391206731, 337920, 0, 0, 0
1780391206931, 1100800, 0, 0, 0
1780391207131, 1249280, 0, 0, 0
1780391207331, 1336320, 0, 0, 0
1780391207531, 721920, 0, 0, 0
1780391207731, 634880, 0, 0, 0
1780391207931, 1105920, 0, 0, 0
1780391208132, 901120, 0, 0, 0
1780391208332, 604160, 0, 0, 0
1780391208531, 679236, 0, 0, 0
1780391208731, 931840, 0, 0, 0
1780391208931, 885760, 0, 0, 0
1780391209131, 481280, 0, 0, 0
1780391209331, 491520, 0, 0, 0
1780391209531, 138240, 0, 0, 0
1780391209731, 778240, 0, 0, 0
1780391209931, 1515520, 0, 0, 0
1780391210131, 1346560, 0, 0, 0
1780391210331, 1489920, 0, 0, 0
1780391210531, 1372160, 0, 0, 0
1780391210731, 977920, 0, 0, 0
1780391210931, 1095680, 0, 0, 0
1780391211131, 542720, 0, 0, 0
1780391211331, 1576960, 0, 0, 0
1780391211531, 1428480, 0, 0, 0
1780391211732, 501760, 0, 0, 0
1780391211932, 1408000, 0, 0, 0
1780391212132, 860160, 0, 0, 0
1780391212331, 689527, 0, 0, 0
1780391212531, 378880, 0, 0, 0
1780391212731, 35840, 0, 0, 0
1780391212931, 1233920, 0, 0, 0
1780391213131, 1418240, 0, 0, 0
1780391213331, 936960, 0, 0, 0
1780391213531, 1454080, 0, 0, 0
1780391213731, 527360, 0, 0, 0
1780391213931, 819200, 0, 0, 0
1780391214131, 302080, 0, 0, 0
1780391214331, 1413120, 0, 0, 0
1780391214531, 1131520, 0, 0, 0
1780391214731, 855040, 0, 0, 0
1780391214931, 727040, 0, 0, 0
1780391215131, 1694720, 0, 0, 0
1780391215331, 1720320, 0, 0, 0
1780391215532, 768000, 0, 0, 0
1780391215731, 1075457, 0, 0, 0
1780391215931, 1218560, 0, 0, 0
1780391216131, 343040, 0, 0, 0
1780391216331, 896000, 0, 0, 0
1780391216531, 1336320, 0, 0, 0
1780391216731, 829440, 0, 0, 0
1780391216931, 696320, 0, 0, 0
1780391217131, 885760, 0, 0, 0
1780391217331, 993280, 0, 0, 0
1780391217531, 957440, 0, 0, 0
1780391217731, 660480, 0, 0, 0
1780391217931, 885760, 0, 0, 0
1780391218131, 640000, 0, 0, 0
1780391218331, 727040, 0, 0, 0
1780391218531, 455680, 0, 0, 0
1780391218732, 537600, 0, 0, 0
1780391218931, 319035, 0, 0, 0
1780391219131, 691200, 0, 0, 0
1780391219331, 440320, 0, 0, 0
1780391219531, 235520, 0, 0, 0
1780391219731, 1320960, 0, 0, 0
1780391219931, 1392640, 0, 0, 0
1780391220131, 465920, 0, 0, 0
1780391220331, 762880, 0, 0, 0
1780391220531, 1300480, 0, 0, 0
1780391220731, 808960, 0, 0, 0
1780391220931, 1402880, 0, 0, 0
1780391221131, 998400, 0, 0, 0
1780391221331, 921600, 0, 0, 0
1780391221531, 1474560, 0, 0, 0
1780391221731, 839680, 0, 0, 0
1780391221931, 778240, 0, 0, 0
1780391222132, 885760, 0, 0, 0
1780391222332, 1996800, 0, 0, 0
1780391222532, 1530880, 0, 0, 0
1780391222731, 684381, 0, 0, 0
1780391222931, 896000, 0, 0, 0
1780391223131, 609280, 0, 0, 0
1780391223331, 1817600, 0, 0, 0
1780391223531, 880640, 0, 0, 0
1780391223731, 916480, 0, 0, 0
1780391223931, 1423360, 0, 0, 0
1780391224131, 286720, 0, 0, 0
1780391224331, 936960, 0, 0, 0
1780391224531, 1505280, 0, 0, 0
1780391224731, 337920, 0, 0, 0
1780391224931, 522240, 0, 0, 0
1780391225131, 875520, 0, 0, 0
1780391225331, 1233920, 0, 0, 0
1780391225531, 384000, 0, 0, 0
1780391225732, 860160, 0, 0, 0
1780391225932, 312320, 0, 0, 0
1780391226132, 916480, 0, 0, 0
1780391226331, 710110, 0, 0, 0
1780391226531, 491520, 0, 0, 0
1780391226731, 573440, 0, 0, 0
1780391226931, 727040, 0, 0, 0
1780391227131, 552960, 0, 0, 0
1780391227331, 353280, 0, 0, 0
1780391227531, 936960, 0, 0, 0
1780391227731, 839680, 0, 0, 0
1780391227931, 1433600, 0, 0, 0
1780391228131, 967680, 0, 0, 0
1780391228331, 512000, 0, 0, 0
1780391228531, 675840, 0, 0, 0
1780391228731, 1694720, 0, 0, 0
1780391228931, 1408000, 0, 0, 0
1780391229131, 1756160, 0, 0, 0
1780391229332, 655360, 0, 0, 0
1780391229532, 394240, 0, 0, 0
1780391229732, 1152000, 0, 0, 0
1780391229931, 1718673, 0, 0, 0
1780391230131, 614400, 0, 0, 0
1780391230331, 1305600, 0, 0, 0
1780391230531, 1413120, 0, 0, 0
1780391230731, 906240, 0, 0, 0
1780391230931, 1423360, 0, 0, 0
1780391231131, 1049600, 0, 0, 0
1780391231331, 727040, 0, 0, 0
1780391231531, 911360, 0, 0, 0
1780391231731, 368640, 0, 0, 0
1780391231931, 215040, 0, 0, 0
1780391232131, 424960, 0, 0, 0
1780391232331, 1223680, 0, 0, 0
1780391232531, 445440, 0, 0, 0
1780391232731, 655360, 0, 0, 0
1780391232932, 921600, 0, 0, 0
1780391233132, 1075200, 0, 0, 0
1780391233332, 450560, 0, 0, 0
1780391233531, 1307015, 0, 0, 0
1780391233731, 558080, 0, 0, 0
1780391233931, 542720, 0, 0, 0
1780391234131, 849920, 0, 0, 0
1780391234330, 530010, 0, 0, 0
1780391234531, 733611, 0, 0, 0
1780391234731, 880640, 0, 0, 0
1780391204931, 87040, 0, 0, 0
1780391205131, 51457, 0, 0, 0
1780391205331, 56320, 0, 0, 0
1780391205531, 40960, 0, 0, 0
1780391205731, 215040, 0, 0, 0
1780391205931, 727040, 0, 0, 0
1780391206131, 824320, 0, 0, 0
1780391206331, 445440, 0, 0, 0
1780391206531, 1367040, 0, 0, 0
1780391206731, 967680, 0, 0, 0
1780391206931, 829440, 0, 0, 0
1780391207131, 957440, 0, 0, 0
1780391207331, 798720, 0, 0, 0
1780391207531, 317440, 0, 0, 0
1780391207731, 860160, 0, 0, 0
1780391207931, 1080320, 0, 0, 0
1780391208131, 1781760, 0, 0, 0
1780391208331, 1121280, 0, 0, 0
1780391208531, 766713, 0, 0, 0
1780391208731, 1423360, 0, 0, 0
1780391208931, 911360, 0, 0, 0
1780391209131, 542720, 0, 0, 0
1780391209331, 839680, 0, 0, 0
1780391209531, 174080, 0, 0, 0
1780391209731, 773120, 0, 0, 0
1780391209931, 1141760, 0, 0, 0
1780391210131, 414720, 0, 0, 0
1780391210331, 737280, 0, 0, 0
1780391210531, 435200, 0, 0, 0
1780391210731, 1054720, 0, 0, 0
1780391210931, 721920, 0, 0, 0
1780391211131, 655360, 0, 0, 0
1780391211331, 1786880, 0, 0, 0
1780391211531, 829440, 0, 0, 0
1780391211731, 302080, 0, 0, 0
1780391211931, 865280, 0, 0, 0
1780391212132, 901120, 0, 0, 0
1780391212331, 1142351, 0, 0, 0
1780391212531, 542720, 0, 0, 0
1780391212731, 40960, 0, 0, 0
1780391212931, 1013760, 0, 0, 0
1780391213131, 604160, 0, 0, 0
1780391213331, 1674240, 0, 0, 0
1780391213531, 1955840, 0, 0, 0
1780391213731, 419840, 0, 0, 0
1780391213931, 773120, 0, 0, 0
1780391214131, 245760, 0, 0, 0
1780391214331, 1802240, 0, 0, 0
1780391214531, 875520, 0, 0, 0
1780391214731, 322560, 0, 0, 0
1780391214931, 1126400, 0, 0, 0
1780391215131, 1561600, 0, 0, 0
1780391215331, 1408000, 0, 0, 0
1780391215531, 435200, 0, 0, 0
1780391215731, 987979, 0, 0, 0
1780391215931, 921600, 0, 0, 0
1780391216131, 419840, 0, 0, 0
1780391216331, 962560, 0, 0, 0
1780391216531, 1085440, 0, 0, 0
1780391216731, 1653760, 0, 0, 0
1780391216931, 491520, 0, 0, 0
1780391217131, 896000, 0, 0, 0
1780391217331, 936960, 0, 0, 0
1780391217531, 1208320, 0, 0, 0
1780391217731, 696320, 0, 0, 0
1780391217931, 655360, 0, 0, 0
1780391218131, 778240, 0, 0, 0
1780391218331, 665600, 0, 0, 0
1780391218531, 558080, 0, 0, 0
1780391218731, 634880, 0, 0, 0
1780391218931, 1970814, 0, 0, 0
1780391219131, 61440, 0, 0, 0
1780391219331, 71680, 0, 0, 0
1780391219531, 128000, 0, 0, 0
1780391219731, 1740800, 0, 0, 0
1780391219931, 1413120, 0, 0, 0
1780391220131, 1070080, 0, 0, 0
1780391220331, 875520, 0, 0, 0
1780391220531, 1326080, 0, 0, 0
1780391220731, 527360, 0, 0, 0
1780391220931, 711680, 0, 0, 0
1780391221131, 768000, 0, 0, 0
1780391221331, 1126400, 0, 0, 0
1780391221531, 1018880, 0, 0, 0
1780391221731, 542720, 0, 0, 0
1780391221931, 747520, 0, 0, 0
1780391222131, 844800, 0, 0, 0
1780391222331, 2247680, 0, 0, 0
1780391222532, 768000, 0, 0, 0
1780391222731, 658653, 0, 0, 0
1780391222931, 1157120, 0, 0, 0
1780391223131, 1387520, 0, 0, 0
1780391223331, 1464320, 0, 0, 0
1780391223531, 926720, 0, 0, 0
1780391223731, 537600, 0, 0, 0
1780391223931, 1326080, 0, 0, 0
1780391224131, 302080, 0, 0, 0
1780391224331, 1223680, 0, 0, 0
1780391224531, 711680, 0, 0, 0
1780391224731, 532480, 0, 0, 0
1780391224931, 1085440, 0, 0, 0
1780391225131, 1075200, 0, 0, 0
1780391225331, 1249280, 0, 0, 0
1780391225531, 506880, 0, 0, 0
1780391225731, 1285120, 0, 0, 0
1780391225931, 450560, 0, 0, 0
1780391226131, 778240, 0, 0, 0
1780391226331, 1111477, 0, 0, 0
1780391226531, 701440, 0, 0, 0
1780391226731, 696320, 0, 0, 0
1780391226931, 1863680, 0, 0, 0
1780391227131, 793600, 0, 0, 0
1780391227331, 773120, 0, 0, 0
1780391227531, 814080, 0, 0, 0
1780391227731, 793600, 0, 0, 0
1780391227931, 977920, 0, 0, 0
1780391228131, 906240, 0, 0, 0
1780391228331, 481280, 0, 0, 0
1780391228531, 1064960, 0, 0, 0
1780391228731, 614400, 0, 0, 0
1780391228931, 1530880, 0, 0, 0
1780391229131, 778240, 0, 0, 0
1780391229331, 194560, 0, 0, 0
1780391229531, 471040, 0, 0, 0
1780391229732, 691200, 0, 0, 0
1780391229931, 365346, 0, 0, 0
1780391230131, 1704960, 0, 0, 0
1780391230331, 911360, 0, 0, 0
1780391230531, 1541120, 0, 0, 0
1780391230731, 952320, 0, 0, 0
1780391230931, 1658880, 0, 0, 0
1780391231131, 624640, 0, 0, 0
1780391231331, 547840, 0, 0, 0
1780391231531, 1433600, 0, 0, 0
1780391231731, 1090560, 0, 0, 0
1780391231931, 261120, 0, 0, 0
1780391232131, 808960, 0, 0, 0
1780391232331, 783360, 0, 0, 0
1780391232531, 465920, 0, 0, 0
1780391232731, 1280000, 0, 0, 0
1780391232931, 1372160, 0, 0, 0
1780391233131, 1064960, 0, 0, 0
1780391233331, 896000, 0, 0, 0
1780391233531, 411658, 0, 0, 0
1780391233731, 578560, 0, 0, 0
1780391233931, 773120, 0, 0, 0
1780391234131, 435200, 0, 0, 0
1780391234330, 308743, 0, 0, 0
1780391234531, 560398, 0, 0, 0
1780391234731, 814080, 0, 0, 0
