cycle	target_procs	actual_procs	phase	idx
1	10000	10000	monitor_off	1
1	10000	10000	monitor_on	1
cycle	target_procs	actual_procs	phase	idx
1	20000	20000	monitor_off	1
1	20000	20000	monitor_on	1
cycle	target_procs	actual_procs	phase	idx
1	40000	40000	monitor_off	1
1	40000	40000	monitor_on	1
cycle	target_procs	actual_procs	phase	idx
1	60000	60000	monitor_off	1
1	60000	60000	monitor_on	1
cycle	target_procs	actual_procs	phase	idx
1	80000	80000	monitor_off	1
1	80000	80000	monitor_on	1
cycle	target_procs	actual_procs	phase	idx
1	100000	100000	monitor_off	1
1	100000	100000	monitor_on	1
cycle	target_procs	actual_procs	phase	idx
2	10000	10000	monitor_off	2
2	10000	10000	monitor_on	2
cycle	target_procs	actual_procs	phase	idx
2	20000	20000	monitor_off	2
2	20000	20000	monitor_on	2
cycle	target_procs	actual_procs	phase	idx
2	40000	40000	monitor_off	2
2	40000	40000	monitor_on	2
cycle	target_procs	actual_procs	phase	idx
2	60000	60000	monitor_off	2
2	60000	60000	monitor_on	2
cycle	target_procs	actual_procs	phase	idx
2	80000	80000	monitor_off	2
2	80000	80000	monitor_on	2
cycle	target_procs	actual_procs	phase	idx
2	100000	100000	monitor_off	2
2	100000	100000	monitor_on	2
cycle	target_procs	actual_procs	phase	idx
3	10000	10000	monitor_off	3
3	10000	10000	monitor_on	3
cycle	target_procs	actual_procs	phase	idx
3	20000	20000	monitor_off	3
3	20000	20000	monitor_on	3
cycle	target_procs	actual_procs	phase	idx
3	40000	40000	monitor_off	3
3	40000	40000	monitor_on	3
cycle	target_procs	actual_procs	phase	idx
3	60000	60000	monitor_off	3
3	60000	60000	monitor_on	3
cycle	target_procs	actual_procs	phase	idx
3	80000	80000	monitor_off	3
3	80000	80000	monitor_on	3
cycle	target_procs	actual_procs	phase	idx
3	100000	100000	monitor_off	3
3	100000	100000	monitor_on	3
cycle	target_procs	actual_procs	phase	idx
4	10000	10000	monitor_off	4
4	10000	10000	monitor_on	4
cycle	target_procs	actual_procs	phase	idx
4	20000	20000	monitor_off	4
4	20000	20000	monitor_on	4
cycle	target_procs	actual_procs	phase	idx
4	40000	40000	monitor_off	4
4	40000	40000	monitor_on	4
cycle	target_procs	actual_procs	phase	idx
4	60000	60000	monitor_off	4
4	60000	60000	monitor_on	4
cycle	target_procs	actual_procs	phase	idx
4	80000	80000	monitor_off	4
4	80000	80000	monitor_on	4
cycle	target_procs	actual_procs	phase	idx
4	100000	100000	monitor_off	4
4	100000	100000	monitor_on	4
cycle	target_procs	actual_procs	phase	idx
5	10000	10000	monitor_off	5
5	10000	10000	monitor_on	5
cycle	target_procs	actual_procs	phase	idx
5	20000	20000	monitor_off	5
5	20000	20000	monitor_on	5
cycle	target_procs	actual_procs	phase	idx
5	40000	40000	monitor_off	5
5	40000	40000	monitor_on	5
cycle	target_procs	actual_procs	phase	idx
5	60000	60000	monitor_off	5
5	60000	60000	monitor_on	5
cycle	target_procs	actual_procs	phase	idx
5	80000	80000	monitor_off	5
5	80000	80000	monitor_on	5
cycle	target_procs	actual_procs	phase	idx
5	100000	100000	monitor_off	5
5	100000	100000	monitor_on	5
cycle	target_procs	actual_procs	phase	idx
6	10000	10000	monitor_off	6
6	10000	10000	monitor_on	6
cycle	target_procs	actual_procs	phase	idx
6	20000	20000	monitor_off	6
6	20000	20000	monitor_on	6
cycle	target_procs	actual_procs	phase	idx
6	40000	40000	monitor_off	6
6	40000	40000	monitor_on	6
cycle	target_procs	actual_procs	phase	idx
6	60000	60000	monitor_off	6
6	60000	60000	monitor_on	6
cycle	target_procs	actual_procs	phase	idx
6	80000	80000	monitor_off	6
6	80000	80000	monitor_on	6
cycle	target_procs	actual_procs	phase	idx
6	100000	100000	monitor_off	6
6	100000	100000	monitor_on	6
cycle	target_procs	actual_procs	phase	idx
7	10000	10000	monitor_off	7
7	10000	10000	monitor_on	7
cycle	target_procs	actual_procs	phase	idx
7	20000	20000	monitor_off	7
7	20000	20000	monitor_on	7
cycle	target_procs	actual_procs	phase	idx
7	40000	40000	monitor_off	7
7	40000	40000	monitor_on	7
cycle	target_procs	actual_procs	phase	idx
7	60000	60000	monitor_off	7
7	60000	60000	monitor_on	7
cycle	target_procs	actual_procs	phase	idx
7	80000	80000	monitor_off	7
7	80000	80000	monitor_on	7
cycle	target_procs	actual_procs	phase	idx
7	100000	100000	monitor_off	7
7	100000	100000	monitor_on	7
cycle	target_procs	actual_procs	phase	idx
8	10000	10000	monitor_off	8
8	10000	10000	monitor_on	8
cycle	target_procs	actual_procs	phase	idx
8	20000	20000	monitor_off	8
8	20000	20000	monitor_on	8
cycle	target_procs	actual_procs	phase	idx
8	40000	40000	monitor_off	8
8	40000	40000	monitor_on	8
cycle	target_procs	actual_procs	phase	idx
8	60000	60000	monitor_off	8
8	60000	60000	monitor_on	8
cycle	target_procs	actual_procs	phase	idx
8	80000	80000	monitor_off	8
8	80000	80000	monitor_on	8
cycle	target_procs	actual_procs	phase	idx
8	100000	100000	monitor_off	8
8	100000	100000	monitor_on	8
cycle	target_procs	actual_procs	phase	idx
9	10000	10000	monitor_off	9
9	10000	10000	monitor_on	9
cycle	target_procs	actual_procs	phase	idx
9	20000	20000	monitor_off	9
9	20000	20000	monitor_on	9
cycle	target_procs	actual_procs	phase	idx
9	40000	40000	monitor_off	9
9	40000	40000	monitor_on	9
cycle	target_procs	actual_procs	phase	idx
9	60000	60000	monitor_off	9
9	60000	60000	monitor_on	9
cycle	target_procs	actual_procs	phase	idx
9	80000	80000	monitor_off	9
9	80000	80000	monitor_on	9
cycle	target_procs	actual_procs	phase	idx
9	100000	100000	monitor_off	9
9	100000	100000	monitor_on	9
cycle	target_procs	actual_procs	phase	idx
10	10000	10000	monitor_off	10
10	10000	10000	monitor_on	10
cycle	target_procs	actual_procs	phase	idx
10	20000	20000	monitor_off	10
10	20000	20000	monitor_on	10
cycle	target_procs	actual_procs	phase	idx
10	40000	40000	monitor_off	10
10	40000	40000	monitor_on	10
cycle	target_procs	actual_procs	phase	idx
10	60000	60000	monitor_off	10
10	60000	60000	monitor_on	10
cycle	target_procs	actual_procs	phase	idx
10	80000	80000	monitor_off	10
10	80000	80000	monitor_on	10
cycle	target_procs	actual_procs	phase	idx
10	100000	100000	monitor_off	10
10	100000	100000	monitor_on	10
cycle	target_procs	actual_procs	phase	idx
11	10000	10000	monitor_off	11
11	10000	10000	monitor_on	11
cycle	target_procs	actual_procs	phase	idx
11	20000	20000	monitor_off	11
11	20000	20000	monitor_on	11
cycle	target_procs	actual_procs	phase	idx
11	40000	40000	monitor_off	11
11	40000	40000	monitor_on	11
cycle	target_procs	actual_procs	phase	idx
11	60000	60000	monitor_off	11
11	60000	60000	monitor_on	11
cycle	target_procs	actual_procs	phase	idx
11	80000	80000	monitor_off	11
11	80000	80000	monitor_on	11
cycle	target_procs	actual_procs	phase	idx
11	100000	100000	monitor_off	11
11	100000	100000	monitor_on	11
cycle	target_procs	actual_procs	phase	idx
12	10000	10000	monitor_off	12
12	10000	10000	monitor_on	12
cycle	target_procs	actual_procs	phase	idx
12	20000	20000	monitor_off	12
12	20000	20000	monitor_on	12
cycle	target_procs	actual_procs	phase	idx
12	40000	40000	monitor_off	12
12	40000	40000	monitor_on	12
cycle	target_procs	actual_procs	phase	idx
12	60000	60000	monitor_off	12
12	60000	60000	monitor_on	12
cycle	target_procs	actual_procs	phase	idx
12	80000	80000	monitor_off	12
12	80000	80000	monitor_on	12
cycle	target_procs	actual_procs	phase	idx
12	100000	100000	monitor_off	12
12	100000	100000	monitor_on	12
cycle	target_procs	actual_procs	phase	idx
13	10000	10000	monitor_off	13
13	10000	10000	monitor_on	13
cycle	target_procs	actual_procs	phase	idx
13	20000	20000	monitor_off	13
13	20000	20000	monitor_on	13
cycle	target_procs	actual_procs	phase	idx
13	40000	40000	monitor_off	13
13	40000	40000	monitor_on	13
cycle	target_procs	actual_procs	phase	idx
13	60000	60000	monitor_off	13
13	60000	60000	monitor_on	13
cycle	target_procs	actual_procs	phase	idx
13	80000	80000	monitor_off	13
13	80000	80000	monitor_on	13
cycle	target_procs	actual_procs	phase	idx
13	100000	100000	monitor_off	13
13	100000	100000	monitor_on	13
cycle	target_procs	actual_procs	phase	idx
14	10000	10000	monitor_off	14
14	10000	10000	monitor_on	14
cycle	target_procs	actual_procs	phase	idx
14	20000	20000	monitor_off	14
14	20000	20000	monitor_on	14
cycle	target_procs	actual_procs	phase	idx
14	40000	40000	monitor_off	14
14	40000	40000	monitor_on	14
cycle	target_procs	actual_procs	phase	idx
14	60000	60000	monitor_off	14
14	60000	60000	monitor_on	14
cycle	target_procs	actual_procs	phase	idx
14	80000	80000	monitor_off	14
14	80000	80000	monitor_on	14
cycle	target_procs	actual_procs	phase	idx
14	100000	100000	monitor_off	14
14	100000	100000	monitor_on	14
cycle	target_procs	actual_procs	phase	idx
15	10000	10000	monitor_off	15
15	10000	10000	monitor_on	15
cycle	target_procs	actual_procs	phase	idx
15	20000	20000	monitor_off	15
15	20000	20000	monitor_on	15
cycle	target_procs	actual_procs	phase	idx
15	40000	40000	monitor_off	15
15	40000	40000	monitor_on	15
cycle	target_procs	actual_procs	phase	idx
15	60000	60000	monitor_off	15
15	60000	60000	monitor_on	15
cycle	target_procs	actual_procs	phase	idx
15	80000	80000	monitor_off	15
15	80000	80000	monitor_on	15
cycle	target_procs	actual_procs	phase	idx
15	100000	100000	monitor_off	15
15	100000	100000	monitor_on	15
cycle	target_procs	actual_procs	phase	idx
16	10000	10000	monitor_off	16
16	10000	10000	monitor_on	16
cycle	target_procs	actual_procs	phase	idx
16	20000	20000	monitor_off	16
16	20000	20000	monitor_on	16
cycle	target_procs	actual_procs	phase	idx
16	40000	40000	monitor_off	16
16	40000	40000	monitor_on	16
cycle	target_procs	actual_procs	phase	idx
16	60000	60000	monitor_off	16
16	60000	60000	monitor_on	16
cycle	target_procs	actual_procs	phase	idx
16	80000	80000	monitor_off	16
16	80000	80000	monitor_on	16
cycle	target_procs	actual_procs	phase	idx
16	100000	100000	monitor_off	16
16	100000	100000	monitor_on	16
cycle	target_procs	actual_procs	phase	idx
17	10000	10000	monitor_off	17
17	10000	10000	monitor_on	17
cycle	target_procs	actual_procs	phase	idx
17	20000	20000	monitor_off	17
17	20000	20000	monitor_on	17
cycle	target_procs	actual_procs	phase	idx
17	40000	40000	monitor_off	17
17	40000	40000	monitor_on	17
cycle	target_procs	actual_procs	phase	idx
17	60000	60000	monitor_off	17
17	60000	60000	monitor_on	17
cycle	target_procs	actual_procs	phase	idx
17	80000	80000	monitor_off	17
17	80000	80000	monitor_on	17
cycle	target_procs	actual_procs	phase	idx
17	100000	100000	monitor_off	17
17	100000	100000	monitor_on	17
cycle	target_procs	actual_procs	phase	idx
18	10000	10000	monitor_off	18
18	10000	10000	monitor_on	18
cycle	target_procs	actual_procs	phase	idx
18	20000	20000	monitor_off	18
18	20000	20000	monitor_on	18
cycle	target_procs	actual_procs	phase	idx
18	40000	40000	monitor_off	18
18	40000	40000	monitor_on	18
cycle	target_procs	actual_procs	phase	idx
18	60000	60000	monitor_off	18
18	60000	60000	monitor_on	18
cycle	target_procs	actual_procs	phase	idx
18	80000	80000	monitor_off	18
18	80000	80000	monitor_on	18
cycle	target_procs	actual_procs	phase	idx
18	100000	100000	monitor_off	18
18	100000	100000	monitor_on	18
cycle	target_procs	actual_procs	phase	idx
19	10000	10000	monitor_off	19
19	10000	10000	monitor_on	19
cycle	target_procs	actual_procs	phase	idx
19	20000	20000	monitor_off	19
19	20000	20000	monitor_on	19
cycle	target_procs	actual_procs	phase	idx
19	40000	40000	monitor_off	19
19	40000	40000	monitor_on	19
cycle	target_procs	actual_procs	phase	idx
19	60000	60000	monitor_off	19
19	60000	60000	monitor_on	19
cycle	target_procs	actual_procs	phase	idx
19	80000	80000	monitor_off	19
19	80000	80000	monitor_on	19
cycle	target_procs	actual_procs	phase	idx
19	100000	100000	monitor_off	19
19	100000	100000	monitor_on	19
cycle	target_procs	actual_procs	phase	idx
20	10000	10000	monitor_off	20
20	10000	10000	monitor_on	20
cycle	target_procs	actual_procs	phase	idx
20	20000	20000	monitor_off	20
20	20000	20000	monitor_on	20
cycle	target_procs	actual_procs	phase	idx
20	40000	40000	monitor_off	20
20	40000	40000	monitor_on	20
cycle	target_procs	actual_procs	phase	idx
20	60000	60000	monitor_off	20
20	60000	60000	monitor_on	20
cycle	target_procs	actual_procs	phase	idx
20	80000	80000	monitor_off	20
20	80000	80000	monitor_on	20
cycle	target_procs	actual_procs	phase	idx
20	100000	100000	monitor_off	20
20	100000	100000	monitor_on	20
