# tracer: function_graph
#
# CPU  DURATION                  FUNCTION CALLS
# |     |   |                     |   |   |   |
 27) ! 770.281 us  |  ioprio_ov_cpu_work_fn();
 27) # 1025.841 us |  ioprio_ov_cpu_work_fn();
 27) # 1316.721 us |  ioprio_ov_cpu_work_fn();
 27) # 1677.462 us |  ioprio_ov_cpu_work_fn();
 29) # 1992.741 us |  ioprio_ov_cpu_work_fn();
  9) # 2480.963 us |  ioprio_ov_cpu_work_fn();
 11) # 2505.972 us |  ioprio_ov_cpu_work_fn();
 13) # 3001.293 us |  ioprio_ov_cpu_work_fn();
 13) # 2984.483 us |  ioprio_ov_cpu_work_fn();
 ------------------------------------------
  9) kworker-2805395 => kworker-1127626
 ------------------------------------------

  9)               |  ioprio_ov_cpu_work_fn() {
 ------------------------------------------
 11) kworker-2805395 => kworker-1127626
 ------------------------------------------

 11) # 3583.653 us |  } /* ioprio_ov_cpu_work_fn */
  9)               |  ioprio_ov_cpu_work_fn() {
 ------------------------------------------
 27) kworker-2805395 => kworker-1127626
 ------------------------------------------

 27) # 3539.303 us |  } /* ioprio_ov_cpu_work_fn */
 11) # 4128.494 us |  ioprio_ov_cpu_work_fn();
 11) # 4143.264 us |  ioprio_ov_cpu_work_fn();
 11) # 4159.174 us |  ioprio_ov_cpu_work_fn();
  9) # 4857.054 us |  ioprio_ov_cpu_work_fn();
  9)               |  ioprio_ov_cpu_work_fn() {
 11) # 4907.164 us |  } /* ioprio_ov_cpu_work_fn */
 11) # 5063.975 us |  ioprio_ov_cpu_work_fn();
 ------------------------------------------
  9) kworker-1127626 => kworker-2805395
 ------------------------------------------

  9) # 5679.645 us |  ioprio_ov_cpu_work_fn();
 27) # 5658.735 us |  ioprio_ov_cpu_work_fn();
 27) # 5706.715 us |  ioprio_ov_cpu_work_fn();
 27) # 6564.917 us |  ioprio_ov_cpu_work_fn();
 27) # 6578.466 us |  ioprio_ov_cpu_work_fn();
 27) # 6649.236 us |  ioprio_ov_cpu_work_fn();
 27) # 6609.536 us |  ioprio_ov_cpu_work_fn();
 12) # 7838.007 us |  ioprio_ov_cpu_work_fn();
 12) # 7888.567 us |  ioprio_ov_cpu_work_fn();
 12) # 7784.037 us |  ioprio_ov_cpu_work_fn();
 12) # 7764.907 us |  ioprio_ov_cpu_work_fn();
 12)               |  ioprio_ov_cpu_work_fn() {
 28) # 7858.727 us |  } /* ioprio_ov_cpu_work_fn */
  9) # 9039.368 us |  ioprio_ov_cpu_work_fn();
  9)               |  ioprio_ov_cpu_work_fn() {
 ------------------------------------------
 11) kworker-1127626 => kworker-2805395
 ------------------------------------------

 11) # 8965.238 us |  } /* ioprio_ov_cpu_work_fn */
 11) # 8866.768 us |  ioprio_ov_cpu_work_fn();
 11) # 8813.228 us |  ioprio_ov_cpu_work_fn();
 ------------------------------------------
 12) kworker-2805395 => kworker-1127626
 ------------------------------------------

 12) # 8966.918 us |  ioprio_ov_cpu_work_fn();
 ------------------------------------------
  9) kworker-2805395 => kworker-1127626
 ------------------------------------------

  9)               |  ioprio_ov_cpu_work_fn() {
 26) * 10582.78 us |  } /* ioprio_ov_cpu_work_fn */
 12)               |  ioprio_ov_cpu_work_fn() {
 20) * 10007.49 us |  } /* ioprio_ov_cpu_work_fn */
 14)               |  ioprio_ov_cpu_work_fn() {
 ------------------------------------------
 28) kworker-2805395 => kworker-1127626
 ------------------------------------------

 28) # 9810.449 us |  } /* ioprio_ov_cpu_work_fn */
 ------------------------------------------
 14) kworker-1127626 => kworker-2805395
 ------------------------------------------

 14)               |  ioprio_ov_cpu_work_fn() {
 11) * 10222.29 us |  } /* ioprio_ov_cpu_work_fn */
 11) * 10052.39 us |  ioprio_ov_cpu_work_fn();
 11) * 10222.40 us |  ioprio_ov_cpu_work_fn();
 11) * 11820.53 us |  ioprio_ov_cpu_work_fn();
 11) * 11544.16 us |  ioprio_ov_cpu_work_fn();
 11) * 11517.66 us |  ioprio_ov_cpu_work_fn();
 11) * 11538.72 us |  ioprio_ov_cpu_work_fn();
 11) * 11590.26 us |  ioprio_ov_cpu_work_fn();
 11) * 11547.37 us |  ioprio_ov_cpu_work_fn();
 15)               |  ioprio_ov_cpu_work_fn() {
 ------------------------------------------
 27) kworker-1127626 => kworker-2805395
 ------------------------------------------

 27) * 12486.47 us |  } /* ioprio_ov_cpu_work_fn */
 ------------------------------------------
 28) kworker-1127626 => kworker-2805395
 ------------------------------------------

 28)               |  ioprio_ov_cpu_work_fn() {
 ------------------------------------------
  9) kworker-1127626 => kworker-2805395
 ------------------------------------------

  9) * 13583.05 us |  }
  9) * 14013.80 us |  ioprio_ov_cpu_work_fn();
  9)               |  ioprio_ov_cpu_work_fn() {
 11) * 13176.94 us |  } /* ioprio_ov_cpu_work_fn */
 11)               |  ioprio_ov_cpu_work_fn() {
  8) * 12761.84 us |  } /* ioprio_ov_cpu_work_fn */
 23)               |  ioprio_ov_cpu_work_fn() {
 ------------------------------------------
  8) kworker-2805395 => kworker-3081226
 ------------------------------------------

  8) * 12763.89 us |  } /* ioprio_ov_cpu_work_fn */
 ------------------------------------------
  8) kworker-3081226 => kworker-2805395
 ------------------------------------------

  8) * 23645.93 us |  ioprio_ov_cpu_work_fn();
 ------------------------------------------
 29) kworker-2805395 => kworker-1781218
 ------------------------------------------

 29)               |  ioprio_ov_cpu_work_fn() {
 25) * 17394.90 us |  } /* ioprio_ov_cpu_work_fn */
 31)               |  ioprio_ov_cpu_work_fn() {
 ------------------------------------------
 11) kworker-2805395 => kworker-1781218
 ------------------------------------------

 11) * 19034.08 us |  }
 25) * 12554.61 us |  ioprio_ov_cpu_work_fn();
 11) * 13307.83 us |  ioprio_ov_cpu_work_fn();
 ------------------------------------------
 26) kworker-1127626 => kworker-1781218
 ------------------------------------------

 26) * 13620.81 us |  ioprio_ov_cpu_work_fn();
 26) * 13059.80 us |  ioprio_ov_cpu_work_fn();
 ------------------------------------------
  8) kworker-2805395 => kworker-1781218
 ------------------------------------------

  8)               |  ioprio_ov_cpu_work_fn() {
 ------------------------------------------
  9) kworker-2805395 => kworker-1781218
 ------------------------------------------

  9) * 13312.90 us |  }
 26) * 13303.04 us |  ioprio_ov_cpu_work_fn();
 ------------------------------------------
  8) kworker-1781218 => kworker-1127626
 ------------------------------------------

  8)               |  ioprio_ov_cpu_work_fn() {
 24) * 12890.92 us |  } /* ioprio_ov_cpu_work_fn */
 30) ! 454.470 us  |  ioprio_ov_cpu_work_fn();
 ------------------------------------------
 26) kworker-1781218 => kworker-2805395
 ------------------------------------------

 26) * 13278.54 us |  ioprio_ov_cpu_work_fn();
 ------------------------------------------
 29) kworker-1781218 => kworker-2805395
 ------------------------------------------

 29) * 12536.08 us |  ioprio_ov_cpu_work_fn();
 29) * 12084.50 us |  ioprio_ov_cpu_work_fn();
 ------------------------------------------
 13) kworker-1127626 => kworker-2805395
 ------------------------------------------

 13)               |  ioprio_ov_cpu_work_fn() {
 ------------------------------------------
 24) kworker-1127626 => kworker-2805395
 ------------------------------------------

 24) * 13449.58 us |  } /* ioprio_ov_cpu_work_fn */
 29) * 14636.63 us |  ioprio_ov_cpu_work_fn();
 10)               |  ioprio_ov_cpu_work_fn() {
 ------------------------------------------
 24) kworker-2805395 => kworker-1891387
 ------------------------------------------

 24) * 13228.90 us |  } /* ioprio_ov_cpu_work_fn */
 ------------------------------------------
 29) kworker-2805395 => kworker-1891387
 ------------------------------------------

 29) ! 630.191 us  |  ioprio_ov_cpu_work_fn();
 ------------------------------------------
 25) kworker-1781218 => kworker-1891387
 ------------------------------------------

 25) * 11929.83 us |  ioprio_ov_cpu_work_fn();
 29)               |  ioprio_ov_cpu_work_fn() {
 ------------------------------------------
 13) kworker-2805395 => kworker-1891387
 ------------------------------------------

 13) * 10542.25 us |  }
 ------------------------------------------
 26) kworker-2805395 => kworker-1891387
 ------------------------------------------

 26)               |  ioprio_ov_cpu_work_fn() {
 ------------------------------------------
 15) kworker-2805395 => kworker-1891387
 ------------------------------------------

 15) # 9391.159 us |  }
 26)               |  ioprio_ov_cpu_work_fn() {
 25) # 7594.067 us |  } /* ioprio_ov_cpu_work_fn */
 26) # 7276.627 us |  ioprio_ov_cpu_work_fn();
 26) # 5929.206 us |  ioprio_ov_cpu_work_fn();
 ------------------------------------------
 31) kworker-1781218 => kworker-1891387
 ------------------------------------------

 31)               |  ioprio_ov_cpu_work_fn() {
 ------------------------------------------
 27) kworker-2805395 => kworker-1891387
 ------------------------------------------

 27) # 4937.035 us |  } /* ioprio_ov_cpu_work_fn */
 ------------------------------------------
 30) kworker-1127626 => kworker-1781218
 ------------------------------------------

 30)               |  ioprio_ov_cpu_work_fn() {
 ------------------------------------------
 28) kworker-2805395 => kworker-1781218
 ------------------------------------------

 28) # 1487.611 us |  }
 ------------------------------------------
  8) kworker-1127626 => kworker-1891387
 ------------------------------------------

  8) ! 487.021 us  |  ioprio_ov_cpu_work_fn();
 29)   2.940 us    |  ioprio_ov_cpu_work_fn();
 28)               |  ioprio_ov_cpu_work_fn() {
  9) + 22.130 us   |  } /* ioprio_ov_cpu_work_fn */
  9)   2.970 us    |  ioprio_ov_cpu_work_fn();
  9)   1.480 us    |  ioprio_ov_cpu_work_fn();
