1780391125441, 932226, 0, 0, 0
1780391125641, 573440, 0, 0, 0
1780391125841, 471040, 0, 0, 0
1780391126041, 1269760, 0, 0, 0
1780391126241, 1623040, 0, 0, 0
1780391126441, 696320, 0, 0, 0
1780391126641, 163840, 0, 0, 0
1780391126841, 578560, 0, 0, 0
1780391127041, 337920, 0, 0, 0
1780391127241, 1162240, 0, 0, 0
1780391127441, 768000, 0, 0, 0
1780391127641, 1285120, 0, 0, 0
1780391127841, 1029120, 0, 0, 0
1780391128041, 819200, 0, 0, 0
1780391128241, 588800, 0, 0, 0
1780391128441, 1146880, 0, 0, 0
1780391128641, 1699840, 0, 0, 0
1780391128841, 409600, 0, 0, 0
1780391129042, 1766400, 0, 0, 0
1780391129242, 1382400, 0, 0, 0
1780391129442, 1377280, 0, 0, 0
1780391129642, 1484800, 0, 0, 0
1780391129841, 818170, 0, 0, 0
1780391130041, 885760, 0, 0, 0
1780391130240, 1739256, 0, 0, 0
1780391130441, 2333293, 0, 0, 0
1780391130641, 901120, 0, 0, 0
1780391130841, 803840, 0, 0, 0
1780391131041, 947200, 0, 0, 0
1780391131240, 1384201, 0, 0, 0
1780391131441, 3749572, 0, 0, 0
1780391131641, 1392640, 0, 0, 0
1780391131841, 998400, 0, 0, 0
1780391132041, 1971200, 0, 0, 0
1780391132240, 879919, 0, 0, 0
1780391132441, 1304199, 0, 0, 0
1780391132641, 727040, 0, 0, 0
1780391132841, 742400, 0, 0, 0
1780391133041, 1116160, 0, 0, 0
1780391133240, 1270994, 0, 0, 0
1780391133441, 1029094, 0, 0, 0
1780391133642, 1039360, 0, 0, 0
1780391133842, 747520, 0, 0, 0
1780391134042, 1879040, 0, 0, 0
1780391134241, 890211, 0, 0, 0
1780391134441, 1059840, 0, 0, 0
1780391134641, 1351680, 0, 0, 0
1780391134841, 609280, 0, 0, 0
1780391135041, 542720, 0, 0, 0
1780391135240, 1291577, 0, 0, 0
1780391135441, 1558925, 0, 0, 0
1780391135641, 486400, 0, 0, 0
1780391135841, 1454080, 0, 0, 0
1780391136041, 419840, 0, 0, 0
1780391136240, 998271, 0, 0, 0
1780391136441, 1034189, 0, 0, 0
1780391136641, 1884160, 0, 0, 0
1780391136841, 1858560, 0, 0, 0
1780391137041, 737280, 0, 0, 0
1780391137240, 915939, 0, 0, 0
1780391137441, 524736, 0, 0, 0
1780391137641, 660480, 0, 0, 0
1780391137841, 1141760, 0, 0, 0
1780391138041, 1346560, 0, 0, 0
1780391138240, 1353326, 0, 0, 0
1780391138442, 1716855, 0, 0, 0
1780391138642, 1551360, 0, 0, 0
1780391138842, 885760, 0, 0, 0
1780391139042, 2237440, 0, 0, 0
1780391139241, 1121768, 0, 0, 0
1780391139441, 588800, 0, 0, 0
1780391139641, 1479680, 0, 0, 0
1780391139841, 1945600, 0, 0, 0
1780391140041, 133120, 0, 0, 0
1780391140240, 277869, 0, 0, 0
1780391140441, 387184, 0, 0, 0
1780391140641, 1367040, 0, 0, 0
1780391140841, 1776640, 0, 0, 0
1780391141041, 302080, 0, 0, 0
1780391141240, 1466532, 0, 0, 0
1780391141441, 468696, 0, 0, 0
1780391141641, 419840, 0, 0, 0
1780391141841, 3614720, 0, 0, 0
1780391142041, 824320, 0, 0, 0
1780391142240, 885065, 0, 0, 0
1780391142441, 392278, 0, 0, 0
1780391142641, 947200, 0, 0, 0
1780391142841, 1034240, 0, 0, 0
1780391143041, 614400, 0, 0, 0
1780391143240, 560884, 0, 0, 0
1780391143441, 1813651, 0, 0, 0
1780391143641, 1628160, 0, 0, 0
1780391143841, 906240, 0, 0, 0
1780391144042, 947200, 0, 0, 0
1780391144241, 941668, 0, 0, 0
1780391144442, 896636, 0, 0, 0
1780391144642, 512000, 0, 0, 0
1780391144841, 1764984, 0, 0, 0
1780391145041, 1858560, 0, 0, 0
1780391145240, 1013708, 0, 0, 0
1780391145441, 1319482, 0, 0, 0
1780391145641, 1136640, 0, 0, 0
1780391145841, 998400, 0, 0, 0
1780391146041, 1085440, 0, 0, 0
1780391146240, 787296, 0, 0, 0
1780391146441, 647004, 0, 0, 0
1780391146641, 885760, 0, 0, 0
1780391146841, 1720320, 0, 0, 0
1780391147041, 1162240, 0, 0, 0
1780391147240, 550592, 0, 0, 0
1780391147441, 621532, 0, 0, 0
1780391147641, 394240, 0, 0, 0
1780391147841, 696320, 0, 0, 0
1780391148041, 839680, 0, 0, 0
1780391148240, 1198954, 0, 0, 0
1780391148441, 2445373, 0, 0, 0
1780391148641, 322560, 0, 0, 0
1780391148842, 1991680, 0, 0, 0
1780391149042, 424960, 0, 0, 0
1780391149241, 1234974, 0, 0, 0
1780391149442, 188497, 0, 0, 0
1780391149641, 1209246, 0, 0, 0
1780391149841, 762880, 0, 0, 0
1780391150041, 588800, 0, 0, 0
1780391150240, 972542, 0, 0, 0
1780391150441, 626626, 0, 0, 0
1780391150641, 967680, 0, 0, 0
1780391150841, 1310720, 0, 0, 0
1780391151041, 1228800, 0, 0, 0
1780391151240, 957105, 0, 0, 0
1780391151441, 1136079, 0, 0, 0
1780391151641, 936960, 0, 0, 0
1780391151841, 896000, 0, 0, 0
1780391152041, 962560, 0, 0, 0
1780391152240, 2243537, 0, 0, 0
1780391152441, 1543641, 0, 0, 0
1780391152641, 153600, 0, 0, 0
1780391152841, 1694720, 0, 0, 0
1780391153041, 3819520, 0, 0, 0
1780391153240, 735839, 0, 0, 0
1780391153441, 280199, 0, 0, 0
1780391153641, 2360320, 0, 0, 0
1780391153842, 1807360, 0, 0, 0
1780391154042, 568320, 0, 0, 0
1780391154241, 1162934, 0, 0, 0
1780391154442, 382089, 0, 0, 0
1780391154641, 843899, 0, 0, 0
1780391154841, 839680, 0, 0, 0
1780391155041, 1034240, 0, 0, 0
1780391125441, 1064756, 0, 0, 0
1780391125641, 1648640, 0, 0, 0
1780391125841, 491520, 0, 0, 0
1780391126041, 1024000, 0, 0, 0
1780391126241, 839680, 0, 0, 0
1780391126441, 394240, 0, 0, 0
1780391126641, 2309120, 0, 0, 0
1780391126841, 496640, 0, 0, 0
1780391127041, 844800, 0, 0, 0
1780391127241, 1141760, 0, 0, 0
1780391127441, 1976320, 0, 0, 0
1780391127641, 583680, 0, 0, 0
1780391127841, 691200, 0, 0, 0
1780391128041, 829440, 0, 0, 0
1780391128242, 215040, 0, 0, 0
1780391128442, 901120, 0, 0, 0
1780391128642, 640000, 0, 0, 0
1780391128842, 1740800, 0, 0, 0
1780391129042, 629760, 0, 0, 0
1780391129242, 967680, 0, 0, 0
1780391129442, 588800, 0, 0, 0
1780391129642, 962560, 0, 0, 0
1780391129841, 1003417, 0, 0, 0
1780391130041, 675840, 0, 0, 0
1780391130240, 493989, 0, 0, 0
1780391130441, 448318, 0, 0, 0
1780391130641, 1141760, 0, 0, 0
1780391130841, 1018880, 0, 0, 0
1780391131041, 742400, 0, 0, 0
1780391131240, 375638, 0, 0, 0
1780391131441, 168119, 0, 0, 0
1780391131641, 1059840, 0, 0, 0
1780391131841, 1059840, 0, 0, 0
1780391132041, 1003520, 0, 0, 0
1780391132240, 267577, 0, 0, 0
1780391132441, 718328, 0, 0, 0
1780391132642, 732160, 0, 0, 0
1780391132842, 880640, 0, 0, 0
1780391133042, 609280, 0, 0, 0
1780391133241, 967396, 0, 0, 0
1780391133442, 1034189, 0, 0, 0
1780391133642, 419840, 0, 0, 0
1780391133842, 256000, 0, 0, 0
1780391134042, 460800, 0, 0, 0
1780391134241, 1070311, 0, 0, 0
1780391134441, 911360, 0, 0, 0
1780391134641, 614400, 0, 0, 0
1780391134841, 849920, 0, 0, 0
1780391135041, 988160, 0, 0, 0
1780391135240, 550592, 0, 0, 0
1780391135441, 937393, 0, 0, 0
1780391135641, 1397760, 0, 0, 0
1780391135841, 455680, 0, 0, 0
1780391136041, 747520, 0, 0, 0
1780391136240, 432241, 0, 0, 0
1780391136441, 891542, 0, 0, 0
1780391136641, 558080, 0, 0, 0
1780391136841, 737280, 0, 0, 0
1780391137041, 988160, 0, 0, 0
1780391137241, 1214391, 0, 0, 0
1780391137442, 514547, 0, 0, 0
1780391137642, 727040, 0, 0, 0
1780391137842, 906240, 0, 0, 0
1780391138042, 798720, 0, 0, 0
1780391138241, 931376, 0, 0, 0
1780391138442, 764179, 0, 0, 0
1780391138642, 762880, 0, 0, 0
1780391138842, 1100800, 0, 0, 0
1780391139042, 465920, 0, 0, 0
1780391139241, 761567, 0, 0, 0
1780391139441, 2068480, 0, 0, 0
1780391139641, 691200, 0, 0, 0
1780391139841, 839680, 0, 0, 0
1780391140041, 1914880, 0, 0, 0
1780391140240, 1301869, 0, 0, 0
1780391140441, 1090228, 0, 0, 0
1780391140641, 389120, 0, 0, 0
1780391140841, 757760, 0, 0, 0
1780391141041, 732160, 0, 0, 0
1780391141240, 684381, 0, 0, 0
1780391141441, 626626, 0, 0, 0
1780391141641, 501760, 0, 0, 0
1780391141841, 547840, 0, 0, 0
1780391142041, 1244160, 0, 0, 0
1780391142240, 1152643, 0, 0, 0
1780391142441, 988338, 0, 0, 0
1780391142641, 1474560, 0, 0, 0
1780391142842, 506880, 0, 0, 0
1780391143042, 1689600, 0, 0, 0
1780391143241, 185246, 0, 0, 0
1780391143442, 835502, 0, 0, 0
1780391143642, 737280, 0, 0, 0
1780391143842, 1326080, 0, 0, 0
1780391144042, 967680, 0, 0, 0
1780391144241, 941668, 0, 0, 0
1780391144442, 529830, 0, 0, 0
1780391144642, 829440, 0, 0, 0
1780391144841, 416804, 0, 0, 0
1780391145041, 593920, 0, 0, 0
1780391145240, 1018854, 0, 0, 0
1780391145441, 973054, 0, 0, 0
1780391145641, 1080320, 0, 0, 0
1780391145841, 931840, 0, 0, 0
1780391146041, 1116160, 0, 0, 0
1780391146240, 452824, 0, 0, 0
1780391146441, 1024000, 0, 0, 0
1780391146641, 1100800, 0, 0, 0
1780391146841, 640000, 0, 0, 0
1780391147041, 373760, 0, 0, 0
1780391147240, 1003417, 0, 0, 0
1780391147441, 652099, 0, 0, 0
1780391147641, 568320, 0, 0, 0
1780391147842, 1541120, 0, 0, 0
1780391148042, 1648640, 0, 0, 0
1780391148241, 380783, 0, 0, 0
1780391148442, 743800, 0, 0, 0
1780391148642, 1520640, 0, 0, 0
1780391148842, 481280, 0, 0, 0
1780391149042, 322560, 0, 0, 0
1780391149241, 530010, 0, 0, 0
1780391149442, 1003621, 0, 0, 0
1780391149641, 1250412, 0, 0, 0
1780391149841, 844800, 0, 0, 0
1780391150041, 1044480, 0, 0, 0
1780391150240, 926231, 0, 0, 0
1780391150441, 672477, 0, 0, 0
1780391150641, 624640, 0, 0, 0
1780391150841, 680960, 0, 0, 0
1780391151041, 896000, 0, 0, 0
1780391151240, 360201, 0, 0, 0
1780391151441, 1029094, 0, 0, 0
1780391151641, 988160, 0, 0, 0
1780391151841, 1192960, 0, 0, 0
1780391152041, 1018880, 0, 0, 0
1780391152240, 993125, 0, 0, 0
1780391152441, 280199, 0, 0, 0
1780391152641, 655360, 0, 0, 0
1780391152842, 578560, 0, 0, 0
1780391153042, 430080, 0, 0, 0
1780391153241, 962251, 0, 0, 0
1780391153442, 2195741, 0, 0, 0
1780391153642, 373760, 0, 0, 0
1780391153842, 409600, 0, 0, 0
1780391154042, 327680, 0, 0, 0
1780391154241, 807879, 0, 0, 0
1780391154442, 1910447, 0, 0, 0
1780391154641, 1487115, 0, 0, 0
1780391154841, 1131520, 0, 0, 0
1780391155041, 849920, 0, 0, 0
1780391155240, 468261, 0, 0, 0
1780391125441, 1057811, 0, 0, 0
1780391125641, 563200, 0, 0, 0
1780391125841, 3072000, 0, 0, 0
1780391126041, 2754560, 0, 0, 0
1780391126241, 778240, 0, 0, 0
1780391126441, 527360, 0, 0, 0
1780391126641, 81920, 0, 0, 0
1780391126841, 2872320, 0, 0, 0
1780391127041, 2452480, 0, 0, 0
1780391127241, 204800, 0, 0, 0
1780391127441, 138240, 0, 0, 0
1780391127641, 824320, 0, 0, 0
1780391127841, 394240, 0, 0, 0
1780391128041, 2078720, 0, 0, 0
1780391128241, 3409920, 0, 0, 0
1780391128441, 532480, 0, 0, 0
1780391128641, 1013760, 0, 0, 0
1780391128841, 133120, 0, 0, 0
1780391129042, 496640, 0, 0, 0
1780391129242, 737280, 0, 0, 0
1780391129442, 481280, 0, 0, 0
1780391129642, 358400, 0, 0, 0
1780391129841, 607195, 0, 0, 0
1780391130041, 834560, 0, 0, 0
1780391130240, 1322452, 0, 0, 0
1780391130441, 641910, 0, 0, 0
1780391130641, 460800, 0, 0, 0
1780391130841, 465920, 0, 0, 0
1780391131041, 1003520, 0, 0, 0
1780391131240, 1075457, 0, 0, 0
1780391131441, 1946109, 0, 0, 0
1780391131641, 773120, 0, 0, 0
1780391131841, 1689600, 0, 0, 0
1780391132041, 1397760, 0, 0, 0
1780391132240, 2938211, 0, 0, 0
1780391132441, 835502, 0, 0, 0
1780391132641, 1648640, 0, 0, 0
1780391132841, 855040, 0, 0, 0
1780391133041, 1208320, 0, 0, 0
1780391133240, 1224683, 0, 0, 0
1780391133441, 550208, 0, 0, 0
1780391133642, 890880, 0, 0, 0
1780391133842, 3353600, 0, 0, 0
1780391134042, 1454080, 0, 0, 0
1780391134241, 555738, 0, 0, 0
1780391134441, 512000, 0, 0, 0
1780391134641, 696320, 0, 0, 0
1780391134841, 1152000, 0, 0, 0
1780391135041, 721920, 0, 0, 0
1780391135240, 334472, 0, 0, 0
1780391135441, 575681, 0, 0, 0
1780391135641, 1167360, 0, 0, 0
1780391135841, 455680, 0, 0, 0
1780391136041, 1320960, 0, 0, 0
1780391136240, 1270994, 0, 0, 0
1780391136441, 641910, 0, 0, 0
1780391136641, 547840, 0, 0, 0
1780391136841, 1070080, 0, 0, 0
1780391137041, 727040, 0, 0, 0
1780391137240, 1162934, 0, 0, 0
1780391137441, 1151363, 0, 0, 0
1780391137641, 1612800, 0, 0, 0
1780391137841, 1725440, 0, 0, 0
1780391138041, 1413120, 0, 0, 0
1780391138240, 1440804, 0, 0, 0
1780391138442, 2231402, 0, 0, 0
1780391138642, 926720, 0, 0, 0
1780391138842, 1300480, 0, 0, 0
1780391139042, 1966080, 0, 0, 0
1780391139241, 1054874, 0, 0, 0
1780391139441, 593920, 0, 0, 0
1780391139641, 1454080, 0, 0, 0
1780391139841, 1914880, 0, 0, 0
1780391140041, 179200, 0, 0, 0
1780391140240, 319035, 0, 0, 0
1780391140441, 346427, 0, 0, 0
1780391140641, 1448960, 0, 0, 0
1780391140841, 1689600, 0, 0, 0
1780391141041, 296960, 0, 0, 0
1780391141240, 1507698, 0, 0, 0
1780391141441, 580776, 0, 0, 0
1780391141641, 3543040, 0, 0, 0
1780391141841, 394240, 0, 0, 0
1780391142041, 880640, 0, 0, 0
1780391142240, 802733, 0, 0, 0
1780391142441, 677572, 0, 0, 0
1780391142641, 465920, 0, 0, 0
1780391142841, 824320, 0, 0, 0
1780391143041, 645120, 0, 0, 0
1780391143240, 910793, 0, 0, 0
1780391143441, 1818746, 0, 0, 0
1780391143641, 1597440, 0, 0, 0
1780391143841, 829440, 0, 0, 0
1780391144042, 885760, 0, 0, 0
1780391144241, 1451095, 0, 0, 0
1780391144442, 820218, 0, 0, 0
1780391144642, 486400, 0, 0, 0
1780391144841, 1687798, 0, 0, 0
1780391145041, 1500160, 0, 0, 0
1780391145240, 1198954, 0, 0, 0
1780391145441, 1421373, 0, 0, 0
1780391145641, 665600, 0, 0, 0
1780391145841, 819200, 0, 0, 0
1780391146041, 1157120, 0, 0, 0
1780391146240, 1296723, 0, 0, 0
1780391146441, 478885, 0, 0, 0
1780391146641, 1049600, 0, 0, 0
1780391146841, 2268160, 0, 0, 0
1780391147041, 645120, 0, 0, 0
1780391147240, 777005, 0, 0, 0
1780391147441, 845691, 0, 0, 0
1780391147641, 936960, 0, 0, 0
1780391147841, 266240, 0, 0, 0
1780391148041, 322560, 0, 0, 0
1780391148240, 1121768, 0, 0, 0
1780391148441, 2460656, 0, 0, 0
1780391148642, 291840, 0, 0, 0
1780391148842, 1986560, 0, 0, 0
1780391149042, 440320, 0, 0, 0
1780391149241, 1168080, 0, 0, 0
1780391149442, 463601, 0, 0, 0
1780391149641, 967396, 0, 0, 0
1780391149841, 471040, 0, 0, 0
1780391150041, 906240, 0, 0, 0
1780391150240, 982834, 0, 0, 0
1780391150441, 626626, 0, 0, 0
1780391150641, 962560, 0, 0, 0
1780391150841, 1315840, 0, 0, 0
1780391151041, 890880, 0, 0, 0
1780391151240, 1867899, 0, 0, 0
1780391151441, 998527, 0, 0, 0
1780391151641, 1141760, 0, 0, 0
1780391151841, 522240, 0, 0, 0
1780391152041, 778240, 0, 0, 0
1780391152240, 648361, 0, 0, 0
1780391152441, 3000676, 0, 0, 0
1780391152641, 189440, 0, 0, 0
1780391152841, 1735680, 0, 0, 0
1780391153041, 2391040, 0, 0, 0
1780391153240, 1759839, 0, 0, 0
1780391153441, 534925, 0, 0, 0
1780391153641, 931840, 0, 0, 0
1780391153842, 906240, 0, 0, 0
1780391154042, 2964480, 0, 0, 0
1780391154241, 1003417, 0, 0, 0
1780391154442, 509452, 0, 0, 0
1780391154641, 977688, 0, 0, 0
1780391154841, 957440, 0, 0, 0
1780391155041, 1121280, 0, 0, 0
1780391125441, 897267, 0, 0, 0
1780391125641, 1633280, 0, 0, 0
1780391125841, 332800, 0, 0, 0
1780391126041, 189440, 0, 0, 0
1780391126241, 276480, 0, 0, 0
1780391126441, 1320960, 0, 0, 0
1780391126641, 1285120, 0, 0, 0
1780391126841, 204800, 0, 0, 0
1780391127041, 481280, 0, 0, 0
1780391127241, 1126400, 0, 0, 0
1780391127441, 1715200, 0, 0, 0
1780391127641, 220160, 0, 0, 0
1780391127841, 527360, 0, 0, 0
1780391128041, 609280, 0, 0, 0
1780391128241, 844800, 0, 0, 0
1780391128441, 972800, 0, 0, 0
1780391128641, 926720, 0, 0, 0
1780391128841, 2385920, 0, 0, 0
1780391129041, 1172480, 0, 0, 0
1780391129242, 640000, 0, 0, 0
1780391129442, 455680, 0, 0, 0
1780391129642, 926720, 0, 0, 0
1780391129841, 1013708, 0, 0, 0
1780391130041, 1341440, 0, 0, 0
1780391130240, 586613, 0, 0, 0
1780391130441, 575681, 0, 0, 0
1780391130641, 1582080, 0, 0, 0
1780391130841, 1505280, 0, 0, 0
1780391131041, 721920, 0, 0, 0
1780391131240, 272723, 0, 0, 0
1780391131441, 224159, 0, 0, 0
1780391131641, 1054720, 0, 0, 0
1780391131841, 614400, 0, 0, 0
1780391132041, 742400, 0, 0, 0
1780391132240, 133788, 0, 0, 0
1780391132441, 417751, 0, 0, 0
1780391132641, 435200, 0, 0, 0
1780391132841, 522240, 0, 0, 0
1780391133041, 711680, 0, 0, 0
1780391133240, 457969, 0, 0, 0
1780391133441, 703044, 0, 0, 0
1780391133641, 942080, 0, 0, 0
1780391133842, 230400, 0, 0, 0
1780391134042, 245760, 0, 0, 0
1780391134241, 936522, 0, 0, 0
1780391134441, 1095680, 0, 0, 0
1780391134641, 926720, 0, 0, 0
1780391134841, 691200, 0, 0, 0
1780391135041, 793600, 0, 0, 0
1780391135240, 396221, 0, 0, 0
1780391135441, 483980, 0, 0, 0
1780391135641, 977920, 0, 0, 0
1780391135841, 471040, 0, 0, 0
1780391136041, 778240, 0, 0, 0
1780391136240, 771859, 0, 0, 0
1780391136441, 570587, 0, 0, 0
1780391136641, 762880, 0, 0, 0
1780391136841, 512000, 0, 0, 0
1780391137041, 936960, 0, 0, 0
1780391137240, 530010, 0, 0, 0
1780391137441, 382089, 0, 0, 0
1780391137641, 445440, 0, 0, 0
1780391137841, 368640, 0, 0, 0
1780391138041, 552960, 0, 0, 0
1780391138240, 519718, 0, 0, 0
1780391138441, 499263, 0, 0, 0
1780391138642, 552960, 0, 0, 0
1780391138842, 240640, 0, 0, 0
1780391139042, 348160, 0, 0, 0
1780391139241, 540301, 0, 0, 0
1780391139441, 138240, 0, 0, 0
1780391139641, 353280, 0, 0, 0
1780391139841, 322560, 0, 0, 0
1780391140041, 409600, 0, 0, 0
1780391140240, 1039437, 0, 0, 0
1780391140441, 601154, 0, 0, 0
1780391140641, 542720, 0, 0, 0
1780391140841, 870400, 0, 0, 0
1780391141041, 1720320, 0, 0, 0
1780391141240, 473407, 0, 0, 0
1780391141441, 881353, 0, 0, 0
1780391141641, 583680, 0, 0, 0
1780391141841, 343040, 0, 0, 0
1780391142041, 563200, 0, 0, 0
1780391142240, 1121768, 0, 0, 0
1780391142441, 1085134, 0, 0, 0
1780391142641, 604160, 0, 0, 0
1780391142841, 640000, 0, 0, 0
1780391143041, 1530880, 0, 0, 0
1780391143240, 164663, 0, 0, 0
1780391143441, 759084, 0, 0, 0
1780391143641, 957440, 0, 0, 0
1780391143841, 1049600, 0, 0, 0
1780391144041, 609280, 0, 0, 0
1780391144241, 447678, 0, 0, 0
1780391144442, 499263, 0, 0, 0
1780391144642, 640000, 0, 0, 0
1780391144841, 828462, 0, 0, 0
1780391145041, 414720, 0, 0, 0
1780391145240, 957105, 0, 0, 0
1780391145441, 682666, 0, 0, 0
1780391145641, 686080, 0, 0, 0
1780391145841, 803840, 0, 0, 0
1780391146041, 593920, 0, 0, 0
1780391146240, 571175, 0, 0, 0
1780391146441, 1202308, 0, 0, 0
1780391146641, 1167360, 0, 0, 0
1780391146841, 727040, 0, 0, 0
1780391147041, 1039360, 0, 0, 0
1780391147240, 771859, 0, 0, 0
1780391147441, 550208, 0, 0, 0
1780391147641, 588800, 0, 0, 0
1780391147841, 1863680, 0, 0, 0
1780391148041, 983040, 0, 0, 0
1780391148240, 591758, 0, 0, 0
1780391148441, 448318, 0, 0, 0
1780391148641, 1346560, 0, 0, 0
1780391148841, 240640, 0, 0, 0
1780391149042, 378880, 0, 0, 0
1780391149241, 823316, 0, 0, 0
1780391149442, 407562, 0, 0, 0
1780391149641, 519718, 0, 0, 0
1780391149841, 1085440, 0, 0, 0
1780391150041, 1320960, 0, 0, 0
1780391150240, 1286432, 0, 0, 0
1780391150441, 1635343, 0, 0, 0
1780391150641, 563200, 0, 0, 0
1780391150841, 378880, 0, 0, 0
1780391151041, 911360, 0, 0, 0
1780391151240, 159517, 0, 0, 0
1780391151441, 692855, 0, 0, 0
1780391151641, 727040, 0, 0, 0
1780391151841, 1182720, 0, 0, 0
1780391152041, 496640, 0, 0, 0
1780391152240, 560884, 0, 0, 0
1780391152441, 142646, 0, 0, 0
1780391152641, 901120, 0, 0, 0
1780391152841, 440320, 0, 0, 0
1780391153041, 322560, 0, 0, 0
1780391153240, 915939, 0, 0, 0
1780391153441, 239442, 0, 0, 0
1780391153641, 691200, 0, 0, 0
1780391153841, 829440, 0, 0, 0
1780391154042, 506880, 0, 0, 0
1780391154241, 704964, 0, 0, 0
1780391154442, 1324577, 0, 0, 0
1780391154641, 535155, 0, 0, 0
1780391154841, 675840, 0, 0, 0
1780391155041, 670720, 0, 0, 0
1780391155240, 452824, 0, 0, 0
1780391125441, 1236528, 0, 0, 0
1780391125641, 291840, 0, 0, 0
1780391125841, 517120, 0, 0, 0
1780391126041, 1131520, 0, 0, 0
1780391126241, 1704960, 0, 0, 0
1780391126441, 1295360, 0, 0, 0
1780391126641, 199680, 0, 0, 0
1780391126841, 419840, 0, 0, 0
1780391127041, 593920, 0, 0, 0
1780391127241, 1372160, 0, 0, 0
1780391127441, 640000, 0, 0, 0
1780391127641, 1223680, 0, 0, 0
1780391127841, 2626560, 0, 0, 0
1780391128041, 629760, 0, 0, 0
1780391128241, 276480, 0, 0, 0
1780391128441, 1326080, 0, 0, 0
1780391128641, 506880, 0, 0, 0
1780391128841, 296960, 0, 0, 0
1780391129042, 1013760, 0, 0, 0
1780391129242, 1034240, 0, 0, 0
1780391129442, 1536000, 0, 0, 0
1780391129642, 1607680, 0, 0, 0
1780391129841, 823316, 0, 0, 0
1780391130041, 1013760, 0, 0, 0
1780391130240, 1770130, 0, 0, 0
1780391130441, 2455562, 0, 0, 0
1780391130641, 445440, 0, 0, 0
1780391130841, 419840, 0, 0, 0
1780391131041, 1643520, 0, 0, 0
1780391131240, 2912482, 0, 0, 0
1780391131441, 438129, 0, 0, 0
1780391131641, 680960, 0, 0, 0
1780391131841, 1766400, 0, 0, 0
1780391132041, 1285120, 0, 0, 0
1780391132240, 3108020, 0, 0, 0
1780391132441, 1100417, 0, 0, 0
1780391132641, 1233920, 0, 0, 0
1780391132841, 742400, 0, 0, 0
1780391133041, 1054720, 0, 0, 0
1780391133241, 1044582, 0, 0, 0
1780391133442, 1161552, 0, 0, 0
1780391133642, 1049600, 0, 0, 0
1780391133842, 788480, 0, 0, 0
1780391134042, 1991680, 0, 0, 0
1780391134241, 715256, 0, 0, 0
1780391134441, 1136640, 0, 0, 0
1780391134641, 552960, 0, 0, 0
1780391134841, 675840, 0, 0, 0
1780391135041, 972800, 0, 0, 0
1780391135240, 1651778, 0, 0, 0
1780391135441, 682666, 0, 0, 0
1780391135641, 803840, 0, 0, 0
1780391135841, 701440, 0, 0, 0
1780391136041, 1346560, 0, 0, 0
1780391136240, 1193809, 0, 0, 0
1780391136441, 1095323, 0, 0, 0
1780391136641, 1889280, 0, 0, 0
1780391136841, 2032640, 0, 0, 0
1780391137041, 1177600, 0, 0, 0
1780391137240, 777005, 0, 0, 0
1780391137441, 2338388, 0, 0, 0
1780391137641, 890880, 0, 0, 0
1780391137841, 373760, 0, 0, 0
1780391138041, 532480, 0, 0, 0
1780391138241, 823316, 0, 0, 0
1780391138442, 1864597, 0, 0, 0
1780391138642, 983040, 0, 0, 0
1780391138842, 1192960, 0, 0, 0
1780391139042, 368640, 0, 0, 0
1780391139241, 890211, 0, 0, 0
1780391139441, 348160, 0, 0, 0
1780391139641, 977920, 0, 0, 0
1780391139841, 711680, 0, 0, 0
1780391140041, 803840, 0, 0, 0
1780391140240, 1420221, 0, 0, 0
1780391140441, 2048000, 0, 0, 0
1780391140641, 1433600, 0, 0, 0
1780391140841, 691200, 0, 0, 0
1780391141041, 711680, 0, 0, 0
1780391141240, 1466532, 0, 0, 0
1780391141441, 1299104, 0, 0, 0
1780391141641, 491520, 0, 0, 0
1780391141841, 3630080, 0, 0, 0
1780391142041, 855040, 0, 0, 0
1780391142240, 828462, 0, 0, 0
1780391142441, 830407, 0, 0, 0
1780391142641, 870400, 0, 0, 0
1780391142841, 977920, 0, 0, 0
1780391143041, 691200, 0, 0, 0
1780391143240, 3529969, 0, 0, 0
1780391143441, 443223, 0, 0, 0
1780391143641, 168960, 0, 0, 0
1780391143841, 640000, 0, 0, 0
1780391144042, 783360, 0, 0, 0
1780391144241, 1044582, 0, 0, 0
1780391144442, 1574208, 0, 0, 0
1780391144642, 1848320, 0, 0, 0
1780391144841, 2001688, 0, 0, 0
1780391145041, 491520, 0, 0, 0
1780391145240, 962251, 0, 0, 0
1780391145441, 402467, 0, 0, 0
1780391145641, 1049600, 0, 0, 0
1780391145841, 1085440, 0, 0, 0
1780391146041, 691200, 0, 0, 0
1780391146240, 1111477, 0, 0, 0
1780391146441, 636815, 0, 0, 0
1780391146641, 880640, 0, 0, 0
1780391146841, 2278400, 0, 0, 0
1780391147041, 650240, 0, 0, 0
1780391147240, 802733, 0, 0, 0
1780391147441, 799840, 0, 0, 0
1780391147641, 819200, 0, 0, 0
1780391147841, 399360, 0, 0, 0
1780391148041, 317440, 0, 0, 0
1780391148240, 643216, 0, 0, 0
1780391148441, 764179, 0, 0, 0
1780391148642, 732160, 0, 0, 0
1780391148842, 839680, 0, 0, 0
1780391149042, 2662400, 0, 0, 0
1780391149241, 818170, 0, 0, 0
1780391149442, 1431562, 0, 0, 0
1780391149641, 1054874, 0, 0, 0
1780391149841, 727040, 0, 0, 0
1780391150041, 609280, 0, 0, 0
1780391150240, 874773, 0, 0, 0
1780391150441, 723422, 0, 0, 0
1780391150641, 860160, 0, 0, 0
1780391150841, 1116160, 0, 0, 0
1780391151041, 972800, 0, 0, 0
1780391151240, 2104603, 0, 0, 0
1780391151441, 993432, 0, 0, 0
1780391151641, 1085440, 0, 0, 0
1780391151841, 583680, 0, 0, 0
1780391152041, 778240, 0, 0, 0
1780391152240, 612341, 0, 0, 0
1780391152441, 3092378, 0, 0, 0
1780391152641, 3578880, 0, 0, 0
1780391152841, 522240, 0, 0, 0
1780391153041, 1576960, 0, 0, 0
1780391153240, 694673, 0, 0, 0
1780391153441, 275104, 0, 0, 0
1780391153641, 2324480, 0, 0, 0
1780391153842, 1797120, 0, 0, 0
1780391154042, 578560, 0, 0, 0
1780391154241, 612341, 0, 0, 0
1780391154442, 585870, 0, 0, 0
1780391154641, 1229829, 0, 0, 0
1780391154841, 1013760, 0, 0, 0
1780391155041, 742400, 0, 0, 0
1780391125441, 1236528, 0, 0, 0
1780391125641, 368640, 0, 0, 0
1780391125841, 3133440, 0, 0, 0
1780391126041, 2703360, 0, 0, 0
1780391126241, 768000, 0, 0, 0
1780391126441, 552960, 0, 0, 0
1780391126641, 66560, 0, 0, 0
1780391126841, 2918400, 0, 0, 0
1780391127041, 2396160, 0, 0, 0
1780391127241, 204800, 0, 0, 0
1780391127441, 148480, 0, 0, 0
1780391127641, 824320, 0, 0, 0
1780391127841, 404480, 0, 0, 0
1780391128041, 2104320, 0, 0, 0
1780391128241, 3476480, 0, 0, 0
1780391128441, 430080, 0, 0, 0
1780391128641, 988160, 0, 0, 0
1780391128842, 163840, 0, 0, 0
1780391129042, 424960, 0, 0, 0
1780391129242, 793600, 0, 0, 0
1780391129442, 481280, 0, 0, 0
1780391129642, 368640, 0, 0, 0
1780391129841, 591758, 0, 0, 0
1780391130041, 896000, 0, 0, 0
1780391130240, 1286432, 0, 0, 0
1780391130441, 626626, 0, 0, 0
1780391130641, 450560, 0, 0, 0
1780391130841, 481280, 0, 0, 0
1780391131041, 962560, 0, 0, 0
1780391131240, 2722090, 0, 0, 0
1780391131441, 2190646, 0, 0, 0
1780391131641, 1367040, 0, 0, 0
1780391131841, 952320, 0, 0, 0
1780391132041, 1935360, 0, 0, 0
1780391132240, 951959, 0, 0, 0
1780391132441, 1314388, 0, 0, 0
1780391132641, 716800, 0, 0, 0
1780391132841, 1044480, 0, 0, 0
1780391133041, 1208320, 0, 0, 0
1780391133241, 1234974, 0, 0, 0
1780391133442, 667383, 0, 0, 0
1780391133642, 814080, 0, 0, 0
1780391133842, 3235840, 0, 0, 0
1780391134042, 1448960, 0, 0, 0
1780391134241, 617487, 0, 0, 0
1780391134441, 512000, 0, 0, 0
1780391134641, 711680, 0, 0, 0
1780391134841, 1157120, 0, 0, 0
1780391135041, 706560, 0, 0, 0
1780391135240, 319035, 0, 0, 0
1780391135441, 1457034, 0, 0, 0
1780391135641, 450560, 0, 0, 0
1780391135841, 1495040, 0, 0, 0
1780391136041, 399360, 0, 0, 0
1780391136240, 1003417, 0, 0, 0
1780391136441, 810029, 0, 0, 0
1780391136641, 2109440, 0, 0, 0
1780391136841, 2037760, 0, 0, 0
1780391137041, 1177600, 0, 0, 0
1780391137240, 766713, 0, 0, 0
1780391137441, 2348577, 0, 0, 0
1780391137641, 890880, 0, 0, 0
1780391137841, 373760, 0, 0, 0
1780391138041, 527360, 0, 0, 0
1780391138241, 833608, 0, 0, 0
1780391138442, 1365333, 0, 0, 0
1780391138642, 967680, 0, 0, 0
1780391138842, 1249280, 0, 0, 0
1780391139042, 1013760, 0, 0, 0
1780391139241, 977688, 0, 0, 0
1780391139441, 307200, 0, 0, 0
1780391139641, 732160, 0, 0, 0
1780391139841, 409600, 0, 0, 0
1780391140041, 1075200, 0, 0, 0
1780391140240, 1404783, 0, 0, 0
1780391140441, 2119323, 0, 0, 0
1780391140641, 1464320, 0, 0, 0
1780391140841, 486400, 0, 0, 0
1780391141041, 793600, 0, 0, 0
1780391141240, 1595175, 0, 0, 0
1780391141441, 1431562, 0, 0, 0
1780391141641, 3604480, 0, 0, 0
1780391141841, 358400, 0, 0, 0
1780391142041, 911360, 0, 0, 0
1780391142240, 720402, 0, 0, 0
1780391142441, 825313, 0, 0, 0
1780391142641, 921600, 0, 0, 0
1780391142841, 957440, 0, 0, 0
1780391143041, 737280, 0, 0, 0
1780391143240, 3483658, 0, 0, 0
1780391143441, 422845, 0, 0, 0
1780391143641, 215040, 0, 0, 0
1780391143842, 624640, 0, 0, 0
1780391144042, 752640, 0, 0, 0
1780391144241, 1219537, 0, 0, 0
1780391144442, 1467223, 0, 0, 0
1780391144642, 1797120, 0, 0, 0
1780391144841, 2032562, 0, 0, 0
1780391145041, 465920, 0, 0, 0
1780391145240, 962251, 0, 0, 0
1780391145441, 392278, 0, 0, 0
1780391145641, 1064960, 0, 0, 0
1780391145841, 1095680, 0, 0, 0
1780391146041, 1008640, 0, 0, 0
1780391146240, 540301, 0, 0, 0
1780391146441, 692855, 0, 0, 0
1780391146641, 1064960, 0, 0, 0
1780391146841, 450560, 0, 0, 0
1780391147041, 1039360, 0, 0, 0
1780391147240, 1070311, 0, 0, 0
1780391147441, 1446845, 0, 0, 0
1780391147641, 1459200, 0, 0, 0
1780391147841, 276480, 0, 0, 0
1780391148041, 322560, 0, 0, 0
1780391148240, 1034291, 0, 0, 0
1780391148441, 550208, 0, 0, 0
1780391148642, 537600, 0, 0, 0
1780391148842, 803840, 0, 0, 0
1780391149042, 2641920, 0, 0, 0
1780391149241, 843899, 0, 0, 0
1780391149442, 1243064, 0, 0, 0
1780391149641, 1291577, 0, 0, 0
1780391149841, 604160, 0, 0, 0
1780391150041, 711680, 0, 0, 0
1780391150240, 998271, 0, 0, 0
1780391150441, 565492, 0, 0, 0
1780391150641, 1024000, 0, 0, 0
1780391150841, 1280000, 0, 0, 0
1780391151041, 1259520, 0, 0, 0
1780391151240, 1070311, 0, 0, 0
1780391151441, 1074945, 0, 0, 0
1780391151641, 578560, 0, 0, 0
1780391151841, 599040, 0, 0, 0
1780391152041, 1617920, 0, 0, 0
1780391152240, 2228100, 0, 0, 0
1780391152441, 1543641, 0, 0, 0
1780391152641, 3466240, 0, 0, 0
1780391152841, 496640, 0, 0, 0
1780391153041, 317440, 0, 0, 0
1780391153240, 1775276, 0, 0, 0
1780391153441, 499263, 0, 0, 0
1780391153642, 583680, 0, 0, 0
1780391153842, 1239040, 0, 0, 0
1780391154042, 2862080, 0, 0, 0
1780391154241, 1276140, 0, 0, 0
1780391154442, 412656, 0, 0, 0
1780391154641, 900502, 0, 0, 0
1780391154841, 957440, 0, 0, 0
1780391155041, 1111040, 0, 0, 0
1780391125441, 147009, 0, 0, 0
1780391125641, 506880, 0, 0, 0
1780391125841, 143360, 0, 0, 0
1780391126041, 122880, 0, 0, 0
1780391126241, 317440, 0, 0, 0
1780391126441, 537600, 0, 0, 0
1780391126641, 450560, 0, 0, 0
1780391126841, 168960, 0, 0, 0
1780391127041, 215040, 0, 0, 0
1780391127241, 476160, 0, 0, 0
1780391127441, 373760, 0, 0, 0
1780391127641, 384000, 0, 0, 0
1780391127841, 343040, 0, 0, 0
1780391128041, 409600, 0, 0, 0
1780391128241, 568320, 0, 0, 0
1780391128442, 701440, 0, 0, 0
1780391128642, 460800, 0, 0, 0
1780391128842, 875520, 0, 0, 0
1780391129042, 199680, 0, 0, 0
1780391129242, 563200, 0, 0, 0
1780391129442, 460800, 0, 0, 0
1780391129642, 271360, 0, 0, 0
1780391129841, 596904, 0, 0, 0
1780391130041, 645120, 0, 0, 0
1780391130240, 416804, 0, 0, 0
1780391130441, 789651, 0, 0, 0
1780391130641, 793600, 0, 0, 0
1780391130841, 1080320, 0, 0, 0
1780391131041, 363520, 0, 0, 0
1780391131240, 241849, 0, 0, 0
1780391131441, 142646, 0, 0, 0
1780391131641, 266240, 0, 0, 0
1780391131841, 291840, 0, 0, 0
1780391132041, 373760, 0, 0, 0
1780391132240, 169809, 0, 0, 0
1780391132441, 534925, 0, 0, 0
1780391132641, 419840, 0, 0, 0
1780391132842, 460800, 0, 0, 0
1780391133042, 532480, 0, 0, 0
1780391133241, 360201, 0, 0, 0
1780391133442, 534925, 0, 0, 0
1780391133642, 701440, 0, 0, 0
1780391133842, 286720, 0, 0, 0
1780391134042, 235520, 0, 0, 0
1780391134241, 802733, 0, 0, 0
1780391134441, 542720, 0, 0, 0
1780391134641, 742400, 0, 0, 0
1780391134841, 716800, 0, 0, 0
1780391135041, 629760, 0, 0, 0
1780391135240, 483698, 0, 0, 0
1780391135441, 331144, 0, 0, 0
1780391135641, 465920, 0, 0, 0
1780391135841, 389120, 0, 0, 0
1780391136041, 404480, 0, 0, 0
1780391136240, 493989, 0, 0, 0
1780391136441, 489074, 0, 0, 0
1780391136641, 680960, 0, 0, 0
1780391136841, 501760, 0, 0, 0
1780391137041, 824320, 0, 0, 0
1780391137240, 380783, 0, 0, 0
1780391137441, 249631, 0, 0, 0
1780391137641, 296960, 0, 0, 0
1780391137842, 256000, 0, 0, 0
1780391138042, 261120, 0, 0, 0
1780391138241, 339618, 0, 0, 0
1780391138442, 193592, 0, 0, 0
1780391138642, 261120, 0, 0, 0
1780391138842, 276480, 0, 0, 0
1780391139042, 337920, 0, 0, 0
1780391139241, 684381, 0, 0, 0
1780391139441, 138240, 0, 0, 0
1780391139641, 517120, 0, 0, 0
1780391139841, 353280, 0, 0, 0
1780391140041, 40960, 0, 0, 0
1780391140240, 118351, 0, 0, 0
1780391140441, 239442, 0, 0, 0
1780391140641, 645120, 0, 0, 0
1780391140841, 373760, 0, 0, 0
1780391141041, 348160, 0, 0, 0
1780391141240, 298452, 0, 0, 0
1780391141441, 407562, 0, 0, 0
1780391141641, 189440, 0, 0, 0
1780391141841, 261120, 0, 0, 0
1780391142041, 501760, 0, 0, 0
1780391142240, 787296, 0, 0, 0
1780391142441, 718328, 0, 0, 0
1780391142641, 1013760, 0, 0, 0
1780391142841, 343040, 0, 0, 0
1780391143041, 389120, 0, 0, 0
1780391143241, 138934, 0, 0, 0
1780391143442, 305671, 0, 0, 0
1780391143642, 204800, 0, 0, 0
1780391143842, 568320, 0, 0, 0
1780391144042, 711680, 0, 0, 0
1780391144241, 514572, 0, 0, 0
1780391144442, 402467, 0, 0, 0
1780391144642, 378880, 0, 0, 0
1780391144841, 668944, 0, 0, 0
1780391145041, 220160, 0, 0, 0
1780391145240, 833608, 0, 0, 0
1780391145441, 774368, 0, 0, 0
1780391145641, 322560, 0, 0, 0
1780391145841, 563200, 0, 0, 0
1780391146041, 609280, 0, 0, 0
1780391146240, 236703, 0, 0, 0
1780391146441, 478885, 0, 0, 0
1780391146641, 419840, 0, 0, 0
1780391146841, 481280, 0, 0, 0
1780391147041, 573440, 0, 0, 0
1780391147240, 421949, 0, 0, 0
1780391147441, 254726, 0, 0, 0
1780391147641, 174080, 0, 0, 0
1780391147841, 512000, 0, 0, 0
1780391148041, 291840, 0, 0, 0
1780391148241, 349909, 0, 0, 0
1780391148442, 213970, 0, 0, 0
1780391148642, 291840, 0, 0, 0
1780391148842, 225280, 0, 0, 0
1780391149042, 547840, 0, 0, 0
1780391149241, 437386, 0, 0, 0
1780391149442, 264915, 0, 0, 0
1780391149641, 535155, 0, 0, 0
1780391149841, 496640, 0, 0, 0
1780391150041, 588800, 0, 0, 0
1780391150240, 452824, 0, 0, 0
1780391150441, 601154, 0, 0, 0
1780391150641, 409600, 0, 0, 0
1780391150841, 235520, 0, 0, 0
1780391151041, 901120, 0, 0, 0
1780391151240, 190391, 0, 0, 0
1780391151441, 468696, 0, 0, 0
1780391151641, 337920, 0, 0, 0
1780391151841, 788480, 0, 0, 0
1780391152041, 404480, 0, 0, 0
1780391152240, 216120, 0, 0, 0
1780391152441, 163024, 0, 0, 0
1780391152641, 358400, 0, 0, 0
1780391152841, 496640, 0, 0, 0
1780391153041, 281600, 0, 0, 0
1780391153241, 288160, 0, 0, 0
1780391153442, 203781, 0, 0, 0
1780391153642, 245760, 0, 0, 0
1780391153842, 593920, 0, 0, 0
1780391154042, 296960, 0, 0, 0
1780391154241, 581467, 0, 0, 0
1780391154442, 422845, 0, 0, 0
1780391154641, 210974, 0, 0, 0
1780391154841, 271360, 0, 0, 0
1780391155041, 619520, 0, 0, 0
1780391125442, 860160, 0, 0, 0
1780391125642, 1008640, 0, 0, 0
1780391125842, 460800, 0, 0, 0
1780391126042, 916480, 0, 0, 0
1780391126242, 1305600, 0, 0, 0
1780391126442, 1111040, 0, 0, 0
1780391126642, 1597440, 0, 0, 0
1780391126842, 773120, 0, 0, 0
1780391127042, 506880, 0, 0, 0
1780391127242, 2273280, 0, 0, 0
1780391127442, 691200, 0, 0, 0
1780391127642, 1402880, 0, 0, 0
1780391127842, 2452480, 0, 0, 0
1780391128042, 711680, 0, 0, 0
1780391128242, 250880, 0, 0, 0
1780391128442, 1500160, 0, 0, 0
1780391128642, 962560, 0, 0, 0
1780391128842, 399360, 0, 0, 0
1780391129042, 752640, 0, 0, 0
1780391129242, 947200, 0, 0, 0
1780391129442, 1085440, 0, 0, 0
1780391129642, 578560, 0, 0, 0
1780391129842, 1034291, 0, 0, 0
1780391130042, 865280, 0, 0, 0
1780391130241, 823316, 0, 0, 0
1780391130442, 473791, 0, 0, 0
1780391130642, 768000, 0, 0, 0
1780391130842, 773120, 0, 0, 0
1780391131042, 517120, 0, 0, 0
1780391131241, 267577, 0, 0, 0
1780391131442, 127363, 0, 0, 0
1780391131642, 1059840, 0, 0, 0
1780391131842, 624640, 0, 0, 0
1780391132042, 368640, 0, 0, 0
1780391132241, 61748, 0, 0, 0
1780391132442, 692855, 0, 0, 0
1780391132642, 1182720, 0, 0, 0
1780391132842, 1310720, 0, 0, 0
1780391133042, 793600, 0, 0, 0
1780391133241, 910793, 0, 0, 0
1780391133442, 957771, 0, 0, 0
1780391133642, 1203200, 0, 0, 0
1780391133842, 558080, 0, 0, 0
1780391134042, 343040, 0, 0, 0
1780391134242, 900502, 0, 0, 0
1780391134442, 1208320, 0, 0, 0
1780391134642, 757760, 0, 0, 0
1780391134842, 814080, 0, 0, 0
1780391135042, 1213440, 0, 0, 0
1780391135241, 1590030, 0, 0, 0
1780391135442, 504358, 0, 0, 0
1780391135642, 573440, 0, 0, 0
1780391135842, 993280, 0, 0, 0
1780391136042, 778240, 0, 0, 0
1780391136241, 967396, 0, 0, 0
1780391136442, 810029, 0, 0, 0
1780391136642, 670720, 0, 0, 0
1780391136842, 460800, 0, 0, 0
1780391137042, 834560, 0, 0, 0
1780391137241, 550592, 0, 0, 0
1780391137442, 952676, 0, 0, 0
1780391137642, 1484800, 0, 0, 0
1780391137842, 1653760, 0, 0, 0
1780391138042, 1566720, 0, 0, 0
1780391138241, 1121768, 0, 0, 0
1780391138442, 682666, 0, 0, 0
1780391138642, 1167360, 0, 0, 0
1780391138842, 1198080, 0, 0, 0
1780391139042, 624640, 0, 0, 0
1780391139242, 838753, 0, 0, 0
1780391139442, 2037760, 0, 0, 0
1780391139642, 896000, 0, 0, 0
1780391139842, 1182720, 0, 0, 0
1780391140042, 1807360, 0, 0, 0
1780391140241, 766713, 0, 0, 0
1780391140442, 1003621, 0, 0, 0
1780391140642, 547840, 0, 0, 0
1780391140842, 1105920, 0, 0, 0
1780391141042, 2083840, 0, 0, 0
1780391141241, 967396, 0, 0, 0
1780391141442, 1029094, 0, 0, 0
1780391141642, 593920, 0, 0, 0
1780391141842, 419840, 0, 0, 0
1780391142042, 896000, 0, 0, 0
1780391142241, 473407, 0, 0, 0
1780391142442, 1156457, 0, 0, 0
1780391142642, 532480, 0, 0, 0
1780391142842, 1387520, 0, 0, 0
1780391143042, 404480, 0, 0, 0
1780391143241, 638070, 0, 0, 0
1780391143442, 1212497, 0, 0, 0
1780391143642, 1054720, 0, 0, 0
1780391143842, 814080, 0, 0, 0
1780391144042, 1402880, 0, 0, 0
1780391144241, 1204100, 0, 0, 0
1780391144442, 825313, 0, 0, 0
1780391144642, 972800, 0, 0, 0
1780391144842, 252140, 0, 0, 0
1780391145042, 1377280, 0, 0, 0
1780391145241, 545447, 0, 0, 0
1780391145442, 1151363, 0, 0, 0
1780391145642, 1167360, 0, 0, 0
1780391145842, 839680, 0, 0, 0
1780391146042, 824320, 0, 0, 0
1780391146241, 1224683, 0, 0, 0
1780391146442, 1334766, 0, 0, 0
1780391146642, 890880, 0, 0, 0
1780391146842, 317440, 0, 0, 0
1780391147042, 855040, 0, 0, 0
1780391147241, 1595175, 0, 0, 0
1780391147442, 1732139, 0, 0, 0
1780391147642, 1664000, 0, 0, 0
1780391147842, 977920, 0, 0, 0
1780391148042, 1520640, 0, 0, 0
1780391148241, 1255557, 0, 0, 0
1780391148442, 962865, 0, 0, 0
1780391148642, 1551360, 0, 0, 0
1780391148842, 742400, 0, 0, 0
1780391149042, 655360, 0, 0, 0
1780391149241, 1301869, 0, 0, 0
1780391149442, 1380616, 0, 0, 0
1780391149642, 715256, 0, 0, 0
1780391149842, 1464320, 0, 0, 0
1780391150042, 1080320, 0, 0, 0
1780391150241, 1060020, 0, 0, 0
1780391150442, 1355144, 0, 0, 0
1780391150642, 1592320, 0, 0, 0
1780391150842, 993280, 0, 0, 0
1780391151042, 675840, 0, 0, 0
1780391151241, 586613, 0, 0, 0
1780391151442, 738706, 0, 0, 0
1780391151642, 1177600, 0, 0, 0
1780391151842, 829440, 0, 0, 0
1780391152042, 865280, 0, 0, 0
1780391152241, 792442, 0, 0, 0
1780391152442, 173213, 0, 0, 0
1780391152642, 194560, 0, 0, 0
1780391152842, 788480, 0, 0, 0
1780391153042, 522240, 0, 0, 0
1780391153241, 900502, 0, 0, 0
1780391153442, 2297631, 0, 0, 0
1780391153642, 660480, 0, 0, 0
1780391153842, 675840, 0, 0, 0
1780391154042, 430080, 0, 0, 0
1780391154241, 910793, 0, 0, 0
1780391154442, 973054, 0, 0, 0
1780391154642, 540301, 0, 0, 0
1780391154842, 1080320, 0, 0, 0
1780391155042, 547840, 0, 0, 0
1780391155241, 622633, 0, 0, 0
