1780391403877, 53542, 0, 0, 0
1780391404095, 32880, 0, 0, 0
1780391404297, 40756, 0, 0, 0
1780391404497, 20480, 0, 0, 0
1780391404697, 25600, 0, 0, 0
1780391404897, 184320, 0, 0, 0
1780391405096, 118351, 0, 0, 0
1780391405297, 106985, 0, 0, 0
1780391405697, 10240, 0, 0, 0
1780391405897, 15360, 0, 0, 0
1780391406096, 10291, 0, 0, 0
1780391406296, 40960, 0, 0, 0
1780391406496, 46080, 0, 0, 0
1780391406696, 35840, 0, 0, 0
1780391406896, 5120, 0, 0, 0
1780391407096, 20480, 0, 0, 0
1780391407296, 15360, 0, 0, 0
1780391407496, 15360, 0, 0, 0
1780391407697, 880640, 0, 0, 0
1780391407897, 353280, 0, 0, 0
1780391408097, 25600, 0, 0, 0
1780391408297, 61440, 0, 0, 0
1780391408497, 15360, 0, 0, 0
1780391408697, 46080, 0, 0, 0
1780391408896, 82331, 0, 0, 0
1780391409096, 35840, 0, 0, 0
1780391409296, 20480, 0, 0, 0
1780391409496, 20480, 0, 0, 0
1780391409696, 25600, 0, 0, 0
1780391409896, 35840, 0, 0, 0
1780391410097, 56320, 0, 0, 0
1780391410297, 122880, 0, 0, 0
1780391410497, 204800, 0, 0, 0
1780391410697, 563200, 0, 0, 0
1780391410897, 20480, 0, 0, 0
1780391411097, 20480, 0, 0, 0
1780391411297, 20480, 0, 0, 0
1780391411496, 56603, 0, 0, 0
1780391411696, 15360, 0, 0, 0
1780391411896, 30720, 0, 0, 0
1780391412096, 25600, 0, 0, 0
1780391412296, 10240, 0, 0, 0
1780391412496, 25600, 0, 0, 0
1780391412696, 30720, 0, 0, 0
1780391412896, 256000, 0, 0, 0
1780391413097, 15360, 0, 0, 0
1780391413497, 1162240, 0, 0, 0
1780391413697, 496640, 0, 0, 0
1780391414097, 20480, 0, 0, 0
1780391414297, 20480, 0, 0, 0
1780391414497, 30720, 0, 0, 0
1780391414696, 20582, 0, 0, 0
1780391414896, 15360, 0, 0, 0
1780391415096, 56320, 0, 0, 0
1780391415296, 15360, 0, 0, 0
1780391415496, 30720, 0, 0, 0
1780391415696, 51200, 0, 0, 0
1780391415896, 40960, 0, 0, 0
1780391416096, 15360, 0, 0, 0
1780391416296, 25600, 0, 0, 0
1780391416697, 10240, 0, 0, 0
1780391416897, 20480, 0, 0, 0
1780391417097, 15360, 0, 0, 0
1780391417297, 10240, 0, 0, 0
1780391417697, 15360, 0, 0, 0
1780391417896, 5145, 0, 0, 0
1780391418096, 30720, 0, 0, 0
1780391418296, 5120, 0, 0, 0
1780391418496, 20480, 0, 0, 0
1780391418696, 742400, 0, 0, 0
1780391418896, 35840, 0, 0, 0
1780391419296, 15360, 0, 0, 0
1780391419497, 30720, 0, 0, 0
1780391419697, 40960, 0, 0, 0
1780391419897, 143360, 0, 0, 0
1780391420097, 10240, 0, 0, 0
1780391420297, 35840, 0, 0, 0
1780391420497, 15360, 0, 0, 0
1780391420697, 25600, 0, 0, 0
1780391420897, 20480, 0, 0, 0
1780391421097, 25600, 0, 0, 0
1780391421496, 25728, 0, 0, 0
1780391421696, 10240, 0, 0, 0
1780391421896, 15360, 0, 0, 0
1780391422096, 10240, 0, 0, 0
1780391422296, 25600, 0, 0, 0
1780391422496, 10240, 0, 0, 0
1780391422696, 20480, 0, 0, 0
1780391422897, 20480, 0, 0, 0
1780391423097, 112640, 0, 0, 0
1780391423297, 20480, 0, 0, 0
1780391423497, 640000, 0, 0, 0
1780391423897, 30720, 0, 0, 0
1780391424097, 20480, 0, 0, 0
1780391424297, 30720, 0, 0, 0
1780391424496, 30874, 0, 0, 0
1780391424696, 15360, 0, 0, 0
1780391424896, 15360, 0, 0, 0
1780391425096, 35840, 0, 0, 0
1780391425296, 40960, 0, 0, 0
1780391425496, 20480, 0, 0, 0
1780391425697, 10240, 0, 0, 0
1780391425897, 20480, 0, 0, 0
1780391426097, 25600, 0, 0, 0
1780391426297, 30720, 0, 0, 0
1780391426497, 76800, 0, 0, 0
1780391426697, 15360, 0, 0, 0
1780391426897, 15360, 0, 0, 0
1780391427097, 15360, 0, 0, 0
1780391427296, 25728, 0, 0, 0
1780391427496, 46080, 0, 0, 0
1780391427696, 35840, 0, 0, 0
1780391427896, 35840, 0, 0, 0
1780391428096, 20480, 0, 0, 0
1780391428296, 10240, 0, 0, 0
1780391428496, 51200, 0, 0, 0
1780391428697, 15360, 0, 0, 0
1780391429097, 15360, 0, 0, 0
1780391429697, 15360, 0, 0, 0
1780391429897, 61440, 0, 0, 0
1780391430096, 10291, 0, 0, 0
1780391430296, 5120, 0, 0, 0
1780391430496, 20480, 0, 0, 0
1780391430696, 10240, 0, 0, 0
1780391430896, 20480, 0, 0, 0
1780391431096, 15360, 0, 0, 0
1780391431297, 51200, 0, 0, 0
1780391431497, 15360, 0, 0, 0
1780391431697, 5120, 0, 0, 0
1780391431897, 35840, 0, 0, 0
1780391432097, 271360, 0, 0, 0
1780391432297, 5120, 0, 0, 0
1780391432497, 10240, 0, 0, 0
1780391432696, 61748, 0, 0, 0
1780391433096, 15360, 0, 0, 0
1780391433296, 15360, 0, 0, 0
1780391433496, 25600, 0, 0, 0
1780391403877, 29720, 0, 0, 0
1780391404095, 28183, 0, 0, 0
1780391404296, 35661, 0, 0, 0
1780391404496, 15360, 0, 0, 0
1780391404696, 20480, 0, 0, 0
1780391404896, 307200, 0, 0, 0
1780391405095, 66894, 0, 0, 0
1780391405296, 61134, 0, 0, 0
1780391405697, 15360, 0, 0, 0
1780391405897, 5120, 0, 0, 0
1780391406296, 35840, 0, 0, 0
1780391406496, 61440, 0, 0, 0
1780391406696, 46080, 0, 0, 0
1780391406896, 5120, 0, 0, 0
1780391407096, 5120, 0, 0, 0
1780391407296, 10240, 0, 0, 0
1780391407496, 25600, 0, 0, 0
1780391407696, 875520, 0, 0, 0
1780391407896, 358400, 0, 0, 0
1780391408096, 20480, 0, 0, 0
1780391408296, 71680, 0, 0, 0
1780391408496, 15360, 0, 0, 0
1780391408697, 35840, 0, 0, 0
1780391408896, 82331, 0, 0, 0
1780391409096, 35840, 0, 0, 0
1780391409296, 20480, 0, 0, 0
1780391409496, 20480, 0, 0, 0
1780391409696, 20480, 0, 0, 0
1780391409896, 15360, 0, 0, 0
1780391410096, 307200, 0, 0, 0
1780391410296, 35840, 0, 0, 0
1780391410496, 66560, 0, 0, 0
1780391410696, 568320, 0, 0, 0
1780391410896, 20480, 0, 0, 0
1780391411097, 5120, 0, 0, 0
1780391411297, 25600, 0, 0, 0
1780391411496, 56603, 0, 0, 0
1780391411696, 30720, 0, 0, 0
1780391411896, 20480, 0, 0, 0
1780391412096, 25600, 0, 0, 0
1780391412296, 5120, 0, 0, 0
1780391412496, 25600, 0, 0, 0
1780391412696, 35840, 0, 0, 0
1780391412896, 256000, 0, 0, 0
1780391413096, 5120, 0, 0, 0
1780391413296, 10240, 0, 0, 0
1780391413496, 1244160, 0, 0, 0
1780391413696, 471040, 0, 0, 0
1780391414096, 15360, 0, 0, 0
1780391414297, 15360, 0, 0, 0
1780391414497, 25600, 0, 0, 0
1780391414696, 20582, 0, 0, 0
1780391414896, 5120, 0, 0, 0
1780391415096, 25600, 0, 0, 0
1780391415296, 15360, 0, 0, 0
1780391415496, 20480, 0, 0, 0
1780391415696, 10240, 0, 0, 0
1780391415896, 15360, 0, 0, 0
1780391416096, 46080, 0, 0, 0
1780391416296, 35840, 0, 0, 0
1780391416496, 5120, 0, 0, 0
1780391416696, 5120, 0, 0, 0
1780391416896, 56320, 0, 0, 0
1780391417096, 10240, 0, 0, 0
1780391417296, 25600, 0, 0, 0
1780391417697, 10240, 0, 0, 0
1780391417896, 5145, 0, 0, 0
1780391418096, 15360, 0, 0, 0
1780391418296, 5120, 0, 0, 0
1780391418496, 40960, 0, 0, 0
1780391418696, 783360, 0, 0, 0
1780391418896, 56320, 0, 0, 0
1780391419296, 15360, 0, 0, 0
1780391419496, 25600, 0, 0, 0
1780391419896, 174080, 0, 0, 0
1780391420096, 10240, 0, 0, 0
1780391420296, 15360, 0, 0, 0
1780391420496, 92160, 0, 0, 0
1780391420696, 5120, 0, 0, 0
1780391420897, 30720, 0, 0, 0
1780391421097, 40960, 0, 0, 0
1780391421496, 36020, 0, 0, 0
1780391421696, 20480, 0, 0, 0
1780391421896, 15360, 0, 0, 0
1780391422096, 15360, 0, 0, 0
1780391422296, 40960, 0, 0, 0
1780391422496, 20480, 0, 0, 0
1780391422696, 15360, 0, 0, 0
1780391422896, 20480, 0, 0, 0
1780391423096, 56320, 0, 0, 0
1780391423296, 5120, 0, 0, 0
1780391423496, 634880, 0, 0, 0
1780391423897, 30720, 0, 0, 0
1780391424097, 20480, 0, 0, 0
1780391424297, 35840, 0, 0, 0
1780391424496, 15437, 0, 0, 0
1780391424896, 10240, 0, 0, 0
1780391425096, 25600, 0, 0, 0
1780391425296, 66560, 0, 0, 0
1780391425496, 5120, 0, 0, 0
1780391425696, 20480, 0, 0, 0
1780391425896, 20480, 0, 0, 0
1780391426096, 20480, 0, 0, 0
1780391426296, 25600, 0, 0, 0
1780391426496, 35840, 0, 0, 0
1780391426697, 15360, 0, 0, 0
1780391426897, 20480, 0, 0, 0
1780391427097, 20480, 0, 0, 0
1780391427296, 20582, 0, 0, 0
1780391427496, 25600, 0, 0, 0
1780391427696, 30720, 0, 0, 0
1780391427896, 87040, 0, 0, 0
1780391428096, 15360, 0, 0, 0
1780391428296, 5120, 0, 0, 0
1780391428496, 20480, 0, 0, 0
1780391428696, 30720, 0, 0, 0
1780391428896, 10240, 0, 0, 0
1780391429096, 15360, 0, 0, 0
1780391429296, 15360, 0, 0, 0
1780391429697, 5120, 0, 0, 0
1780391429897, 35840, 0, 0, 0
1780391430096, 20582, 0, 0, 0
1780391430296, 15360, 0, 0, 0
1780391430496, 20480, 0, 0, 0
1780391430696, 5120, 0, 0, 0
1780391430896, 15360, 0, 0, 0
1780391431096, 25600, 0, 0, 0
1780391431296, 20480, 0, 0, 0
1780391431496, 5120, 0, 0, 0
1780391431696, 10240, 0, 0, 0
1780391431896, 40960, 0, 0, 0
1780391432096, 271360, 0, 0, 0
1780391432296, 15360, 0, 0, 0
1780391432497, 20480, 0, 0, 0
1780391432696, 36020, 0, 0, 0
1780391432896, 10240, 0, 0, 0
1780391433296, 10240, 0, 0, 0
1780391433496, 15360, 0, 0, 0
1780391403877, 69238, 0, 0, 0
1780391404096, 28183, 0, 0, 0
1780391404297, 86606, 0, 0, 0
1780391404497, 15360, 0, 0, 0
1780391404697, 30720, 0, 0, 0
1780391404897, 20480, 0, 0, 0
1780391405096, 72040, 0, 0, 0
1780391405297, 61134, 0, 0, 0
1780391405497, 10240, 0, 0, 0
1780391405697, 15360, 0, 0, 0
1780391405897, 15360, 0, 0, 0
1780391406096, 15437, 0, 0, 0
1780391406496, 81920, 0, 0, 0
1780391406696, 15360, 0, 0, 0
1780391407096, 10240, 0, 0, 0
1780391407296, 10240, 0, 0, 0
1780391407497, 25600, 0, 0, 0
1780391407697, 66560, 0, 0, 0
1780391407897, 158720, 0, 0, 0
1780391408097, 25600, 0, 0, 0
1780391408297, 66560, 0, 0, 0
1780391408497, 10240, 0, 0, 0
1780391408697, 25600, 0, 0, 0
1780391408896, 41165, 0, 0, 0
1780391409096, 66560, 0, 0, 0
1780391409296, 51200, 0, 0, 0
1780391409496, 30720, 0, 0, 0
1780391409696, 10240, 0, 0, 0
1780391409897, 10240, 0, 0, 0
1780391410097, 30720, 0, 0, 0
1780391410297, 71680, 0, 0, 0
1780391410497, 117760, 0, 0, 0
1780391410697, 97280, 0, 0, 0
1780391410897, 117760, 0, 0, 0
1780391411097, 5120, 0, 0, 0
1780391411297, 35840, 0, 0, 0
1780391411496, 20582, 0, 0, 0
1780391411696, 46080, 0, 0, 0
1780391411896, 46080, 0, 0, 0
1780391412096, 30720, 0, 0, 0
1780391412496, 20480, 0, 0, 0
1780391412696, 56320, 0, 0, 0
1780391412897, 112640, 0, 0, 0
1780391413097, 35840, 0, 0, 0
1780391413497, 76800, 0, 0, 0
1780391413697, 92160, 0, 0, 0
1780391413897, 30720, 0, 0, 0
1780391414097, 10240, 0, 0, 0
1780391414297, 61440, 0, 0, 0
1780391414497, 30720, 0, 0, 0
1780391414696, 36020, 0, 0, 0
1780391414896, 158720, 0, 0, 0
1780391415096, 25600, 0, 0, 0
1780391415296, 25600, 0, 0, 0
1780391415496, 20480, 0, 0, 0
1780391415696, 20480, 0, 0, 0
1780391415896, 30720, 0, 0, 0
1780391416096, 46080, 0, 0, 0
1780391416297, 56320, 0, 0, 0
1780391416497, 51200, 0, 0, 0
1780391416697, 25600, 0, 0, 0
1780391416897, 296960, 0, 0, 0
1780391417297, 35840, 0, 0, 0
1780391417497, 25600, 0, 0, 0
1780391417697, 30720, 0, 0, 0
1780391418096, 20480, 0, 0, 0
1780391418296, 5120, 0, 0, 0
1780391418496, 174080, 0, 0, 0
1780391418696, 20480, 0, 0, 0
1780391418896, 30720, 0, 0, 0
1780391419096, 5120, 0, 0, 0
1780391419297, 15360, 0, 0, 0
1780391419497, 35840, 0, 0, 0
1780391419697, 87040, 0, 0, 0
1780391419897, 56320, 0, 0, 0
1780391420097, 20480, 0, 0, 0
1780391420297, 40960, 0, 0, 0
1780391420497, 35840, 0, 0, 0
1780391420697, 61440, 0, 0, 0
1780391420897, 61440, 0, 0, 0
1780391421097, 163840, 0, 0, 0
1780391421297, 20480, 0, 0, 0
1780391421496, 10291, 0, 0, 0
1780391421696, 66560, 0, 0, 0
1780391421896, 240640, 0, 0, 0
1780391422096, 5120, 0, 0, 0
1780391422296, 15360, 0, 0, 0
1780391422496, 61440, 0, 0, 0
1780391422697, 20480, 0, 0, 0
1780391422897, 10240, 0, 0, 0
1780391423097, 153600, 0, 0, 0
1780391423297, 56320, 0, 0, 0
1780391423497, 30720, 0, 0, 0
1780391423697, 15360, 0, 0, 0
1780391423897, 56320, 0, 0, 0
1780391424097, 30720, 0, 0, 0
1780391424297, 15360, 0, 0, 0
1780391424496, 36020, 0, 0, 0
1780391424696, 20480, 0, 0, 0
1780391424896, 5120, 0, 0, 0
1780391425096, 40960, 0, 0, 0
1780391425296, 10240, 0, 0, 0
1780391425697, 20480, 0, 0, 0
1780391425897, 35840, 0, 0, 0
1780391426097, 20480, 0, 0, 0
1780391426297, 81920, 0, 0, 0
1780391426497, 40960, 0, 0, 0
1780391426697, 92160, 0, 0, 0
1780391426897, 25600, 0, 0, 0
1780391427097, 66560, 0, 0, 0
1780391427296, 66894, 0, 0, 0
1780391427496, 81920, 0, 0, 0
1780391427696, 71680, 0, 0, 0
1780391427896, 25600, 0, 0, 0
1780391428096, 25600, 0, 0, 0
1780391428296, 5120, 0, 0, 0
1780391428497, 92160, 0, 0, 0
1780391428697, 35840, 0, 0, 0
1780391428897, 15360, 0, 0, 0
1780391429097, 15360, 0, 0, 0
1780391429297, 40960, 0, 0, 0
1780391429497, 66560, 0, 0, 0
1780391429697, 40960, 0, 0, 0
1780391429897, 56320, 0, 0, 0
1780391430096, 113206, 0, 0, 0
1780391430296, 281600, 0, 0, 0
1780391430496, 20480, 0, 0, 0
1780391430696, 20480, 0, 0, 0
1780391430896, 66560, 0, 0, 0
1780391431097, 35840, 0, 0, 0
1780391431297, 51200, 0, 0, 0
1780391431497, 92160, 0, 0, 0
1780391431697, 10240, 0, 0, 0
1780391431897, 107520, 0, 0, 0
1780391432097, 122880, 0, 0, 0
1780391432497, 25600, 0, 0, 0
1780391432696, 51457, 0, 0, 0
1780391433096, 15360, 0, 0, 0
1780391433296, 25600, 0, 0, 0
1780391433496, 35840, 0, 0, 0
1780391403696, 15437, 0, 0, 0
1780391403896, 15360, 0, 0, 0
1780391404095, 15437, 0, 0, 0
1780391404296, 20378, 0, 0, 0
1780391404496, 15360, 0, 0, 0
1780391404696, 5120, 0, 0, 0
1780391404896, 25600, 0, 0, 0
1780391405095, 51457, 0, 0, 0
1780391405296, 35661, 0, 0, 0
1780391405696, 10240, 0, 0, 0
1780391405896, 10240, 0, 0, 0
1780391406095, 15437, 0, 0, 0
1780391406295, 20480, 0, 0, 0
1780391406495, 15360, 0, 0, 0
1780391406696, 15360, 0, 0, 0
1780391407096, 15360, 0, 0, 0
1780391407296, 5120, 0, 0, 0
1780391407496, 5120, 0, 0, 0
1780391407696, 624640, 0, 0, 0
1780391407896, 348160, 0, 0, 0
1780391408096, 25600, 0, 0, 0
1780391408296, 71680, 0, 0, 0
1780391408496, 20480, 0, 0, 0
1780391408696, 15360, 0, 0, 0
1780391408895, 97768, 0, 0, 0
1780391409095, 35840, 0, 0, 0
1780391409295, 15360, 0, 0, 0
1780391409496, 30720, 0, 0, 0
1780391409696, 25600, 0, 0, 0
1780391409896, 30720, 0, 0, 0
1780391410096, 296960, 0, 0, 0
1780391410296, 20480, 0, 0, 0
1780391410496, 56320, 0, 0, 0
1780391410696, 578560, 0, 0, 0
1780391410896, 20480, 0, 0, 0
1780391411096, 20480, 0, 0, 0
1780391411296, 20480, 0, 0, 0
1780391411495, 41165, 0, 0, 0
1780391411695, 35840, 0, 0, 0
1780391411895, 20480, 0, 0, 0
1780391412096, 25600, 0, 0, 0
1780391412296, 5120, 0, 0, 0
1780391412496, 20480, 0, 0, 0
1780391412696, 30720, 0, 0, 0
1780391412896, 112640, 0, 0, 0
1780391413096, 15360, 0, 0, 0
1780391413296, 10240, 0, 0, 0
1780391413496, 56320, 0, 0, 0
1780391413696, 51200, 0, 0, 0
1780391414096, 20480, 0, 0, 0
1780391414296, 25600, 0, 0, 0
1780391414496, 10240, 0, 0, 0
1780391414695, 15437, 0, 0, 0
1780391414895, 5120, 0, 0, 0
1780391415095, 30720, 0, 0, 0
1780391415295, 20480, 0, 0, 0
1780391415496, 40960, 0, 0, 0
1780391415696, 30720, 0, 0, 0
1780391415896, 20480, 0, 0, 0
1780391416096, 46080, 0, 0, 0
1780391416296, 40960, 0, 0, 0
1780391416496, 10240, 0, 0, 0
1780391416696, 15360, 0, 0, 0
1780391416896, 30720, 0, 0, 0
1780391417296, 30720, 0, 0, 0
1780391417696, 20480, 0, 0, 0
1780391417895, 20582, 0, 0, 0
1780391418095, 15360, 0, 0, 0
1780391418295, 5120, 0, 0, 0
1780391418496, 35840, 0, 0, 0
1780391418696, 56320, 0, 0, 0
1780391418896, 87040, 0, 0, 0
1780391419296, 10240, 0, 0, 0
1780391419496, 35840, 0, 0, 0
1780391419696, 30720, 0, 0, 0
1780391419896, 71680, 0, 0, 0
1780391420096, 10240, 0, 0, 0
1780391420296, 35840, 0, 0, 0
1780391420496, 61440, 0, 0, 0
1780391420696, 15360, 0, 0, 0
1780391420896, 35840, 0, 0, 0
1780391421096, 66560, 0, 0, 0
1780391421495, 20582, 0, 0, 0
1780391421695, 10240, 0, 0, 0
1780391421895, 5120, 0, 0, 0
1780391422096, 15360, 0, 0, 0
1780391422296, 25600, 0, 0, 0
1780391422496, 15360, 0, 0, 0
1780391422696, 10240, 0, 0, 0
1780391422896, 30720, 0, 0, 0
1780391423096, 107520, 0, 0, 0
1780391423296, 25600, 0, 0, 0
1780391423496, 143360, 0, 0, 0
1780391423896, 35840, 0, 0, 0
1780391424096, 40960, 0, 0, 0
1780391424296, 10240, 0, 0, 0
1780391424495, 355055, 0, 0, 0
1780391424696, 5120, 0, 0, 0
1780391424896, 5120, 0, 0, 0
1780391425096, 20480, 0, 0, 0
1780391425296, 35840, 0, 0, 0
1780391425696, 25600, 0, 0, 0
1780391425896, 25600, 0, 0, 0
1780391426096, 15360, 0, 0, 0
1780391426296, 30720, 0, 0, 0
1780391426496, 25600, 0, 0, 0
1780391426696, 15360, 0, 0, 0
1780391426896, 25600, 0, 0, 0
1780391427096, 5120, 0, 0, 0
1780391427295, 25728, 0, 0, 0
1780391427495, 10240, 0, 0, 0
1780391427696, 10240, 0, 0, 0
1780391427896, 40960, 0, 0, 0
1780391428096, 20480, 0, 0, 0
1780391428296, 15360, 0, 0, 0
1780391428496, 30720, 0, 0, 0
1780391428696, 35840, 0, 0, 0
1780391429096, 20480, 0, 0, 0
1780391429296, 20480, 0, 0, 0
1780391429496, 10240, 0, 0, 0
1780391429696, 15360, 0, 0, 0
1780391429896, 35840, 0, 0, 0
1780391430095, 25728, 0, 0, 0
1780391430295, 20480, 0, 0, 0
1780391430496, 25600, 0, 0, 0
1780391430696, 35840, 0, 0, 0
1780391430896, 30720, 0, 0, 0
1780391431096, 20480, 0, 0, 0
1780391431296, 296960, 0, 0, 0
1780391431496, 20480, 0, 0, 0
1780391431696, 15360, 0, 0, 0
1780391431896, 20480, 0, 0, 0
1780391432096, 20480, 0, 0, 0
1780391432296, 20480, 0, 0, 0
1780391432496, 25600, 0, 0, 0
1780391432695, 1034291, 0, 0, 0
1780391432895, 15360, 0, 0, 0
1780391433095, 15360, 0, 0, 0
1780391433296, 10240, 0, 0, 0
1780391433496, 20480, 0, 0, 0
1780391403877, 43229, 0, 0, 0
1780391404095, 51669, 0, 0, 0
1780391404296, 20378, 0, 0, 0
1780391404496, 10240, 0, 0, 0
1780391404696, 102400, 0, 0, 0
1780391404896, 107520, 0, 0, 0
1780391405095, 118351, 0, 0, 0
1780391405296, 193592, 0, 0, 0
1780391405496, 20480, 0, 0, 0
1780391405696, 15360, 0, 0, 0
1780391405896, 20480, 0, 0, 0
1780391406295, 30720, 0, 0, 0
1780391406495, 112640, 0, 0, 0
1780391406695, 35840, 0, 0, 0
1780391406896, 30720, 0, 0, 0
1780391407296, 35840, 0, 0, 0
1780391407496, 25600, 0, 0, 0
1780391407696, 25600, 0, 0, 0
1780391407896, 20480, 0, 0, 0
1780391408096, 30720, 0, 0, 0
1780391408296, 56320, 0, 0, 0
1780391408496, 66560, 0, 0, 0
1780391408696, 51200, 0, 0, 0
1780391408895, 20582, 0, 0, 0
1780391409095, 189440, 0, 0, 0
1780391409295, 128000, 0, 0, 0
1780391409495, 5120, 0, 0, 0
1780391409696, 61440, 0, 0, 0
1780391409896, 51200, 0, 0, 0
1780391410096, 133120, 0, 0, 0
1780391410296, 353280, 0, 0, 0
1780391410496, 256000, 0, 0, 0
1780391410696, 66560, 0, 0, 0
1780391410896, 133120, 0, 0, 0
1780391411096, 5120, 0, 0, 0
1780391411296, 51200, 0, 0, 0
1780391411495, 41165, 0, 0, 0
1780391411695, 25600, 0, 0, 0
1780391411895, 153600, 0, 0, 0
1780391412095, 107520, 0, 0, 0
1780391412296, 5120, 0, 0, 0
1780391412496, 128000, 0, 0, 0
1780391412696, 66560, 0, 0, 0
1780391412896, 46080, 0, 0, 0
1780391413096, 30720, 0, 0, 0
1780391413296, 35840, 0, 0, 0
1780391413496, 245760, 0, 0, 0
1780391413696, 368640, 0, 0, 0
1780391413896, 10240, 0, 0, 0
1780391414096, 20480, 0, 0, 0
1780391414296, 71680, 0, 0, 0
1780391414496, 40960, 0, 0, 0
1780391414695, 41165, 0, 0, 0
1780391414895, 5120, 0, 0, 0
1780391415095, 15360, 0, 0, 0
1780391415295, 35840, 0, 0, 0
1780391415495, 40960, 0, 0, 0
1780391415696, 66560, 0, 0, 0
1780391415896, 40960, 0, 0, 0
1780391416096, 35840, 0, 0, 0
1780391416296, 102400, 0, 0, 0
1780391416496, 51200, 0, 0, 0
1780391416696, 107520, 0, 0, 0
1780391416896, 138240, 0, 0, 0
1780391417096, 87040, 0, 0, 0
1780391417296, 81920, 0, 0, 0
1780391417496, 5120, 0, 0, 0
1780391417696, 76800, 0, 0, 0
1780391417895, 144080, 0, 0, 0
1780391418095, 20480, 0, 0, 0
1780391418295, 5120, 0, 0, 0
1780391418495, 71680, 0, 0, 0
1780391418696, 15360, 0, 0, 0
1780391418896, 25600, 0, 0, 0
1780391419296, 15360, 0, 0, 0
1780391419496, 1172480, 0, 0, 0
1780391419696, 71680, 0, 0, 0
1780391419896, 117760, 0, 0, 0
1780391420096, 20480, 0, 0, 0
1780391420296, 5120, 0, 0, 0
1780391420496, 5120, 0, 0, 0
1780391420696, 15360, 0, 0, 0
1780391420896, 92160, 0, 0, 0
1780391421096, 215040, 0, 0, 0
1780391421296, 5120, 0, 0, 0
1780391421495, 20582, 0, 0, 0
1780391421695, 76800, 0, 0, 0
1780391421895, 174080, 0, 0, 0
1780391422095, 5120, 0, 0, 0
1780391422296, 51200, 0, 0, 0
1780391422496, 20480, 0, 0, 0
1780391422696, 10240, 0, 0, 0
1780391422896, 20480, 0, 0, 0
1780391423096, 92160, 0, 0, 0
1780391423296, 56320, 0, 0, 0
1780391423496, 30720, 0, 0, 0
1780391423696, 15360, 0, 0, 0
1780391423896, 46080, 0, 0, 0
1780391424096, 40960, 0, 0, 0
1780391424296, 10240, 0, 0, 0
1780391424495, 41165, 0, 0, 0
1780391424695, 15360, 0, 0, 0
1780391424896, 66560, 0, 0, 0
1780391425096, 87040, 0, 0, 0
1780391425296, 153600, 0, 0, 0
1780391425496, 30720, 0, 0, 0
1780391425696, 25600, 0, 0, 0
1780391425896, 61440, 0, 0, 0
1780391426096, 56320, 0, 0, 0
1780391426296, 51200, 0, 0, 0
1780391426496, 20480, 0, 0, 0
1780391426696, 10240, 0, 0, 0
1780391426896, 61440, 0, 0, 0
1780391427096, 15360, 0, 0, 0
1780391427295, 20582, 0, 0, 0
1780391427495, 189440, 0, 0, 0
1780391427695, 92160, 0, 0, 0
1780391427895, 138240, 0, 0, 0
1780391428096, 20480, 0, 0, 0
1780391428296, 5120, 0, 0, 0
1780391428496, 66560, 0, 0, 0
1780391428696, 40960, 0, 0, 0
1780391429096, 10240, 0, 0, 0
1780391429296, 30720, 0, 0, 0
1780391429496, 15360, 0, 0, 0
1780391429696, 15360, 0, 0, 0
1780391429896, 153600, 0, 0, 0
1780391430095, 72040, 0, 0, 0
1780391430295, 10240, 0, 0, 0
1780391430495, 30720, 0, 0, 0
1780391430696, 5120, 0, 0, 0
1780391430896, 20480, 0, 0, 0
1780391431096, 81920, 0, 0, 0
1780391431296, 174080, 0, 0, 0
1780391431496, 56320, 0, 0, 0
1780391431696, 10240, 0, 0, 0
1780391431896, 56320, 0, 0, 0
1780391432096, 71680, 0, 0, 0
1780391432296, 71680, 0, 0, 0
1780391432496, 61440, 0, 0, 0
1780391432695, 92623, 0, 0, 0
1780391432895, 5120, 0, 0, 0
1780391433095, 25600, 0, 0, 0
1780391433295, 10240, 0, 0, 0
1780391433496, 30720, 0, 0, 0
1780391403877, 40339, 0, 0, 0
1780391404095, 42275, 0, 0, 0
1780391404296, 15283, 0, 0, 0
1780391404496, 30720, 0, 0, 0
1780391404696, 56320, 0, 0, 0
1780391404896, 35840, 0, 0, 0
1780391405095, 138934, 0, 0, 0
1780391405297, 40756, 0, 0, 0
1780391405497, 20480, 0, 0, 0
1780391405697, 10240, 0, 0, 0
1780391405897, 15360, 0, 0, 0
1780391406096, 10291, 0, 0, 0
1780391406296, 15360, 0, 0, 0
1780391406496, 66560, 0, 0, 0
1780391406696, 40960, 0, 0, 0
1780391406896, 10240, 0, 0, 0
1780391407296, 30720, 0, 0, 0
1780391407496, 71680, 0, 0, 0
1780391407696, 20480, 0, 0, 0
1780391407896, 30720, 0, 0, 0
1780391408096, 20480, 0, 0, 0
1780391408297, 61440, 0, 0, 0
1780391408497, 25600, 0, 0, 0
1780391408697, 71680, 0, 0, 0
1780391408896, 46311, 0, 0, 0
1780391409096, 87040, 0, 0, 0
1780391409296, 30720, 0, 0, 0
1780391409496, 40960, 0, 0, 0
1780391409696, 30720, 0, 0, 0
1780391409896, 15360, 0, 0, 0
1780391410096, 97280, 0, 0, 0
1780391410296, 281600, 0, 0, 0
1780391410496, 373760, 0, 0, 0
1780391410697, 35840, 0, 0, 0
1780391410897, 112640, 0, 0, 0
1780391411097, 15360, 0, 0, 0
1780391411297, 46080, 0, 0, 0
1780391411496, 41165, 0, 0, 0
1780391411696, 25600, 0, 0, 0
1780391411896, 215040, 0, 0, 0
1780391412096, 46080, 0, 0, 0
1780391412296, 5120, 0, 0, 0
1780391412496, 35840, 0, 0, 0
1780391412696, 71680, 0, 0, 0
1780391412896, 81920, 0, 0, 0
1780391413096, 15360, 0, 0, 0
1780391413296, 15360, 0, 0, 0
1780391413496, 266240, 0, 0, 0
1780391413696, 363520, 0, 0, 0
1780391413896, 10240, 0, 0, 0
1780391414097, 46080, 0, 0, 0
1780391414297, 122880, 0, 0, 0
1780391414497, 20480, 0, 0, 0
1780391414696, 36020, 0, 0, 0
1780391414896, 15360, 0, 0, 0
1780391415096, 10240, 0, 0, 0
1780391415296, 40960, 0, 0, 0
1780391415496, 51200, 0, 0, 0
1780391415696, 61440, 0, 0, 0
1780391415896, 40960, 0, 0, 0
1780391416096, 46080, 0, 0, 0
1780391416296, 102400, 0, 0, 0
1780391416496, 30720, 0, 0, 0
1780391416696, 128000, 0, 0, 0
1780391416896, 199680, 0, 0, 0
1780391417097, 97280, 0, 0, 0
1780391417297, 51200, 0, 0, 0
1780391417497, 15360, 0, 0, 0
1780391417697, 51200, 0, 0, 0
1780391417896, 159517, 0, 0, 0
1780391418096, 10240, 0, 0, 0
1780391418296, 5120, 0, 0, 0
1780391418496, 25600, 0, 0, 0
1780391418696, 30720, 0, 0, 0
1780391418896, 20480, 0, 0, 0
1780391419096, 10240, 0, 0, 0
1780391419296, 10240, 0, 0, 0
1780391419496, 1167360, 0, 0, 0
1780391419696, 71680, 0, 0, 0
1780391419896, 138240, 0, 0, 0
1780391420096, 15360, 0, 0, 0
1780391420296, 25600, 0, 0, 0
1780391420497, 20480, 0, 0, 0
1780391420697, 5120, 0, 0, 0
1780391420897, 378880, 0, 0, 0
1780391421097, 215040, 0, 0, 0
1780391421496, 41165, 0, 0, 0
1780391421696, 25600, 0, 0, 0
1780391421896, 25600, 0, 0, 0
1780391422096, 15360, 0, 0, 0
1780391422296, 25600, 0, 0, 0
1780391422496, 15360, 0, 0, 0
1780391422696, 15360, 0, 0, 0
1780391422896, 5120, 0, 0, 0
1780391423096, 81920, 0, 0, 0
1780391423296, 71680, 0, 0, 0
1780391423497, 25600, 0, 0, 0
1780391423697, 5120, 0, 0, 0
1780391423897, 61440, 0, 0, 0
1780391424097, 20480, 0, 0, 0
1780391424297, 51200, 0, 0, 0
1780391424496, 36020, 0, 0, 0
1780391424696, 20480, 0, 0, 0
1780391424896, 30720, 0, 0, 0
1780391425096, 10240, 0, 0, 0
1780391425296, 199680, 0, 0, 0
1780391425496, 20480, 0, 0, 0
1780391425696, 122880, 0, 0, 0
1780391425896, 15360, 0, 0, 0
1780391426096, 71680, 0, 0, 0
1780391426296, 20480, 0, 0, 0
1780391426497, 30720, 0, 0, 0
1780391426697, 20480, 0, 0, 0
1780391426897, 30720, 0, 0, 0
1780391427097, 30720, 0, 0, 0
1780391427296, 41165, 0, 0, 0
1780391427496, 71680, 0, 0, 0
1780391427696, 97280, 0, 0, 0
1780391427896, 128000, 0, 0, 0
1780391428096, 30720, 0, 0, 0
1780391428296, 15360, 0, 0, 0
1780391428496, 40960, 0, 0, 0
1780391428696, 30720, 0, 0, 0
1780391428896, 5120, 0, 0, 0
1780391429096, 15360, 0, 0, 0
1780391429297, 35840, 0, 0, 0
1780391429497, 15360, 0, 0, 0
1780391429697, 30720, 0, 0, 0
1780391429897, 138240, 0, 0, 0
1780391430096, 66894, 0, 0, 0
1780391430296, 10240, 0, 0, 0
1780391430496, 30720, 0, 0, 0
1780391430696, 25600, 0, 0, 0
1780391430896, 15360, 0, 0, 0
1780391431096, 81920, 0, 0, 0
1780391431296, 256000, 0, 0, 0
1780391431496, 25600, 0, 0, 0
1780391431696, 5120, 0, 0, 0
1780391431896, 76800, 0, 0, 0
1780391432097, 30720, 0, 0, 0
1780391432297, 35840, 0, 0, 0
1780391432497, 56320, 0, 0, 0
1780391432696, 97768, 0, 0, 0
1780391432896, 15360, 0, 0, 0
1780391433096, 5120, 0, 0, 0
1780391433296, 15360, 0, 0, 0
1780391433496, 15360, 0, 0, 0
1780391403878, 24674, 0, 0, 0
1780391404096, 42275, 0, 0, 0
1780391404297, 40756, 0, 0, 0
1780391404497, 56320, 0, 0, 0
1780391404697, 71680, 0, 0, 0
1780391404897, 76800, 0, 0, 0
1780391405096, 92623, 0, 0, 0
1780391405297, 208875, 0, 0, 0
1780391405697, 20480, 0, 0, 0
1780391405897, 35840, 0, 0, 0
1780391406296, 30720, 0, 0, 0
1780391406496, 122880, 0, 0, 0
1780391406696, 20480, 0, 0, 0
1780391406896, 5120, 0, 0, 0
1780391407097, 5120, 0, 0, 0
1780391407297, 5120, 0, 0, 0
1780391407497, 51200, 0, 0, 0
1780391407697, 15360, 0, 0, 0
1780391407897, 20480, 0, 0, 0
1780391408097, 56320, 0, 0, 0
1780391408297, 112640, 0, 0, 0
1780391408497, 20480, 0, 0, 0
1780391408697, 35840, 0, 0, 0
1780391408896, 25728, 0, 0, 0
1780391409096, 174080, 0, 0, 0
1780391409296, 102400, 0, 0, 0
1780391409496, 30720, 0, 0, 0
1780391409697, 71680, 0, 0, 0
1780391409897, 40960, 0, 0, 0
1780391410097, 56320, 0, 0, 0
1780391410297, 455680, 0, 0, 0
1780391410497, 51200, 0, 0, 0
1780391410697, 20480, 0, 0, 0
1780391410897, 20480, 0, 0, 0
1780391411097, 10240, 0, 0, 0
1780391411297, 61440, 0, 0, 0
1780391411496, 36020, 0, 0, 0
1780391411696, 46080, 0, 0, 0
1780391411896, 66560, 0, 0, 0
1780391412096, 245760, 0, 0, 0
1780391412497, 15360, 0, 0, 0
1780391412697, 56320, 0, 0, 0
1780391412897, 117760, 0, 0, 0
1780391413097, 15360, 0, 0, 0
1780391413297, 10240, 0, 0, 0
1780391413497, 30720, 0, 0, 0
1780391413697, 97280, 0, 0, 0
1780391413897, 5120, 0, 0, 0
1780391414097, 51200, 0, 0, 0
1780391414297, 46080, 0, 0, 0
1780391414497, 25600, 0, 0, 0
1780391414696, 30874, 0, 0, 0
1780391414896, 25600, 0, 0, 0
1780391415096, 20480, 0, 0, 0
1780391415296, 46080, 0, 0, 0
1780391415496, 30720, 0, 0, 0
1780391415697, 35840, 0, 0, 0
1780391415897, 81920, 0, 0, 0
1780391416097, 35840, 0, 0, 0
1780391416297, 76800, 0, 0, 0
1780391416497, 133120, 0, 0, 0
1780391416697, 40960, 0, 0, 0
1780391416897, 15360, 0, 0, 0
1780391417097, 5120, 0, 0, 0
1780391417297, 133120, 0, 0, 0
1780391417497, 56320, 0, 0, 0
1780391417697, 46080, 0, 0, 0
1780391418096, 20480, 0, 0, 0
1780391418296, 5120, 0, 0, 0
1780391418496, 112640, 0, 0, 0
1780391418697, 20480, 0, 0, 0
1780391418897, 30720, 0, 0, 0
1780391419097, 10240, 0, 0, 0
1780391419297, 15360, 0, 0, 0
1780391419497, 40960, 0, 0, 0
1780391419697, 10240, 0, 0, 0
1780391419897, 71680, 0, 0, 0
1780391420097, 25600, 0, 0, 0
1780391420297, 15360, 0, 0, 0
1780391420497, 51200, 0, 0, 0
1780391420697, 20480, 0, 0, 0
1780391420897, 15360, 0, 0, 0
1780391421097, 40960, 0, 0, 0
1780391421297, 20480, 0, 0, 0
1780391421496, 61748, 0, 0, 0
1780391421696, 87040, 0, 0, 0
1780391421896, 46080, 0, 0, 0
1780391422096, 46080, 0, 0, 0
1780391422297, 102400, 0, 0, 0
1780391422497, 40960, 0, 0, 0
1780391422697, 15360, 0, 0, 0
1780391422897, 20480, 0, 0, 0
1780391423097, 138240, 0, 0, 0
1780391423297, 46080, 0, 0, 0
1780391423497, 102400, 0, 0, 0
1780391423697, 25600, 0, 0, 0
1780391423897, 56320, 0, 0, 0
1780391424097, 107520, 0, 0, 0
1780391424297, 10240, 0, 0, 0
1780391424496, 25728, 0, 0, 0
1780391424696, 20480, 0, 0, 0
1780391424896, 5120, 0, 0, 0
1780391425097, 30720, 0, 0, 0
1780391425297, 25600, 0, 0, 0
1780391425497, 10240, 0, 0, 0
1780391425697, 20480, 0, 0, 0
1780391425897, 35840, 0, 0, 0
1780391426097, 20480, 0, 0, 0
1780391426297, 81920, 0, 0, 0
1780391426497, 128000, 0, 0, 0
1780391426697, 35840, 0, 0, 0
1780391426897, 25600, 0, 0, 0
1780391427097, 10240, 0, 0, 0
1780391427296, 77185, 0, 0, 0
1780391427696, 56320, 0, 0, 0
1780391427896, 15360, 0, 0, 0
1780391428097, 30720, 0, 0, 0
1780391428497, 81920, 0, 0, 0
1780391428697, 40960, 0, 0, 0
1780391428897, 35840, 0, 0, 0
1780391429097, 20480, 0, 0, 0
1780391429297, 30720, 0, 0, 0
1780391429497, 20480, 0, 0, 0
1780391429697, 122880, 0, 0, 0
1780391429897, 66560, 0, 0, 0
1780391430096, 20582, 0, 0, 0
1780391430296, 5120, 0, 0, 0
1780391430496, 15360, 0, 0, 0
1780391430697, 20480, 0, 0, 0
1780391430897, 87040, 0, 0, 0
1780391431097, 87040, 0, 0, 0
1780391431297, 76800, 0, 0, 0
1780391431497, 87040, 0, 0, 0
1780391431697, 5120, 0, 0, 0
1780391431897, 15360, 0, 0, 0
1780391432097, 378880, 0, 0, 0
1780391432297, 15360, 0, 0, 0
1780391432497, 107520, 0, 0, 0
1780391432696, 92623, 0, 0, 0
1780391432896, 56320, 0, 0, 0
1780391433096, 20480, 0, 0, 0
1780391433296, 20480, 0, 0, 0
1780391433497, 25600, 0, 0, 0
1780391403696, 25600, 0, 0, 0
1780391403896, 5120, 0, 0, 0
1780391404296, 86606, 0, 0, 0
1780391404496, 20480, 0, 0, 0
1780391404696, 25600, 0, 0, 0
1780391404896, 189440, 0, 0, 0
1780391405095, 102914, 0, 0, 0
1780391405296, 122268, 0, 0, 0
1780391405696, 15360, 0, 0, 0
1780391405896, 10240, 0, 0, 0
1780391406096, 15437, 0, 0, 0
1780391406296, 25600, 0, 0, 0
1780391406496, 46080, 0, 0, 0
1780391406696, 35840, 0, 0, 0
1780391406896, 5120, 0, 0, 0
1780391407096, 10240, 0, 0, 0
1780391407296, 15360, 0, 0, 0
1780391407496, 20480, 0, 0, 0
1780391407696, 117760, 0, 0, 0
1780391407896, 143360, 0, 0, 0
1780391408096, 20480, 0, 0, 0
1780391408296, 56320, 0, 0, 0
1780391408496, 20480, 0, 0, 0
1780391408696, 163840, 0, 0, 0
1780391408896, 46311, 0, 0, 0
1780391409096, 51200, 0, 0, 0
1780391409296, 20480, 0, 0, 0
1780391409496, 51200, 0, 0, 0
1780391409696, 5120, 0, 0, 0
1780391409896, 10240, 0, 0, 0
1780391410096, 51200, 0, 0, 0
1780391410296, 184320, 0, 0, 0
1780391410496, 358400, 0, 0, 0
1780391410696, 40960, 0, 0, 0
1780391410896, 15360, 0, 0, 0
1780391411096, 20480, 0, 0, 0
1780391411296, 5120, 0, 0, 0
1780391411496, 30874, 0, 0, 0
1780391411696, 5120, 0, 0, 0
1780391411896, 25600, 0, 0, 0
1780391412096, 40960, 0, 0, 0
1780391412496, 40960, 0, 0, 0
1780391412696, 61440, 0, 0, 0
1780391412896, 92160, 0, 0, 0
1780391413096, 15360, 0, 0, 0
1780391413296, 20480, 0, 0, 0
1780391413496, 35840, 0, 0, 0
1780391413696, 30720, 0, 0, 0
1780391413896, 5120, 0, 0, 0
1780391414096, 15360, 0, 0, 0
1780391414296, 40960, 0, 0, 0
1780391414496, 15360, 0, 0, 0
1780391414696, 36020, 0, 0, 0
1780391414896, 15360, 0, 0, 0
1780391415096, 20480, 0, 0, 0
1780391415296, 133120, 0, 0, 0
1780391415496, 51200, 0, 0, 0
1780391415696, 15360, 0, 0, 0
1780391415896, 20480, 0, 0, 0
1780391416096, 30720, 0, 0, 0
1780391416296, 51200, 0, 0, 0
1780391416496, 20480, 0, 0, 0
1780391416696, 20480, 0, 0, 0
1780391416896, 40960, 0, 0, 0
1780391417296, 40960, 0, 0, 0
1780391417696, 66560, 0, 0, 0
1780391417896, 72040, 0, 0, 0
1780391418096, 15360, 0, 0, 0
1780391418296, 5120, 0, 0, 0
1780391418496, 20480, 0, 0, 0
1780391418896, 20480, 0, 0, 0
1780391419296, 5120, 0, 0, 0
1780391419496, 66560, 0, 0, 0
1780391419696, 10240, 0, 0, 0
1780391419896, 107520, 0, 0, 0
1780391420096, 10240, 0, 0, 0
1780391420296, 20480, 0, 0, 0
1780391420496, 76800, 0, 0, 0
1780391420696, 40960, 0, 0, 0
1780391420896, 302080, 0, 0, 0
1780391421096, 179200, 0, 0, 0
1780391421496, 46311, 0, 0, 0
1780391421696, 25600, 0, 0, 0
1780391421896, 25600, 0, 0, 0
1780391422096, 20480, 0, 0, 0
1780391422296, 35840, 0, 0, 0
1780391422496, 163840, 0, 0, 0
1780391422696, 10240, 0, 0, 0
1780391422896, 20480, 0, 0, 0
1780391423096, 102400, 0, 0, 0
1780391423296, 40960, 0, 0, 0
1780391423496, 40960, 0, 0, 0
1780391423696, 5120, 0, 0, 0
1780391423896, 40960, 0, 0, 0
1780391424096, 20480, 0, 0, 0
1780391424297, 30720, 0, 0, 0
1780391424496, 56603, 0, 0, 0
1780391424696, 15360, 0, 0, 0
1780391424896, 15360, 0, 0, 0
1780391425096, 10240, 0, 0, 0
1780391425296, 122880, 0, 0, 0
1780391425696, 71680, 0, 0, 0
1780391425896, 20480, 0, 0, 0
1780391426096, 51200, 0, 0, 0
1780391426296, 20480, 0, 0, 0
1780391426496, 20480, 0, 0, 0
1780391426696, 35840, 0, 0, 0
1780391426896, 51200, 0, 0, 0
1780391427097, 25600, 0, 0, 0
1780391427296, 36020, 0, 0, 0
1780391427496, 66560, 0, 0, 0
1780391427696, 15360, 0, 0, 0
1780391427896, 66560, 0, 0, 0
1780391428096, 25600, 0, 0, 0
1780391428296, 15360, 0, 0, 0
1780391428496, 46080, 0, 0, 0
1780391428696, 40960, 0, 0, 0
1780391428896, 5120, 0, 0, 0
1780391429096, 10240, 0, 0, 0
1780391429296, 25600, 0, 0, 0
1780391429496, 20480, 0, 0, 0
1780391429696, 46080, 0, 0, 0
1780391429897, 209920, 0, 0, 0
1780391430096, 113206, 0, 0, 0
1780391430296, 10240, 0, 0, 0
1780391430496, 40960, 0, 0, 0
1780391430696, 15360, 0, 0, 0
1780391430896, 40960, 0, 0, 0
1780391431096, 81920, 0, 0, 0
1780391431296, 353280, 0, 0, 0
1780391431496, 25600, 0, 0, 0
1780391431696, 15360, 0, 0, 0
1780391431896, 20480, 0, 0, 0
1780391432096, 10240, 0, 0, 0
1780391432296, 30720, 0, 0, 0
1780391432496, 133120, 0, 0, 0
1780391432696, 1049728, 0, 0, 0
1780391433096, 35840, 0, 0, 0
1780391433296, 15360, 0, 0, 0
1780391433496, 25600, 0, 0, 0
